******************************************************************************
                  TI ARM Linker PC v18.12.5                    
******************************************************************************
>> Linked Sat Dec  3 18:16:13 2022

OUTPUT FILE NAME:   <rfWsnNode_CC1350STK_tirtos_ccs.out>
ENTRY POINT SYMBOL: "ResetISR"  address: 0000b42d


MEMORY CONFIGURATION

         name            origin    length      used     unused   attr    fill
----------------------  --------  ---------  --------  --------  ----  --------
  FLASH                 00001010   0001eff0  000124be  0000cb32  R  X
  SRAM                  20000000   00005000  00003b3b  000014c5  RW X


SEGMENT ALLOCATION MAP

run origin  load origin   length   init length attrs members
----------  ----------- ---------- ----------- ----- -------
00001010    00001010    000124c8   000124c8    r-x
  00001010    00001010    0000003c   0000003c    r-- .resetVecs
  0000104c    0000104c    0000d76e   0000d76e    r-x .text
  0000e7c0    0000e7c0    00004934   00004934    r-- .const
  000130f8    000130f8    000003e0   000003e0    r-- .cinit
20000430    20000430    00000010   00000000    rw-
  20000430    20000430    00000010   00000000    rw- .TI.bound:dmaSpi0RxControlTableEntry
20000440    20000440    00000010   00000000    rw-
  20000440    20000440    00000010   00000000    rw- .TI.bound:dmaSpi0TxControlTableEntry
20000500    20000500    00000010   00000000    rw-
  20000500    20000500    00000010   00000000    rw- .TI.bound:dmaSpi1RxControlTableEntry
20000510    20000510    00001b70   00000000    rw-
  20000510    20000510    00000010   00000000    rw- .TI.bound:dmaSpi1TxControlTableEntry
  20000520    20000520    00001b60   00000000    rw- .bss
20002080    20002080    00001000   00000000    r--
  20002080    20002080    00001000   00000000    r-- .priheap
20003080    20003080    00000ad3   00000000    rw-
  20003080    20003080    00000ad3   00000000    rw- .data
20004c00    20004c00    00000400   00000000    rw-
  20004c00    20004c00    00000400   00000000    rw- .stack


SECTION ALLOCATION MAP

 output                                  attributes/
section   page    origin      length       input sections
--------  ----  ----------  ----------   ----------------
.text      0    0000104c    0000d76e     
                  0000104c    00000690     EasyLink.obj (.text:EasyLink_init)
                  000016dc    0000048c     rf_multiMode_cc13x0.aem3 : RFCC26XX_multiMode.oem3 (.text:RF_fsmActiveState)
                  00001b68    00000320     sysbios.aem3 : BIOS.obj (.text:xdc_runtime_System_doPrint__I)
                  00001e88    0000030c     drivers_cc13x0.aem3 : PowerCC26XX_calibrateRCOSC.oem3 (.text:PowerCC26XX_auxISR)
                  00002194    00000288     rf_multiMode_cc13x0.aem3 : RFCC26XX_multiMode.oem3 (.text:RF_scheduleCmd)
                  0000241c    00000248     NodeTask.obj (.text:nodeTaskFunction)
                  00002664    00000238     driverlib.lib : sys_ctrl.obj (.text:NOROM_SysCtrlSetRechargeBeforePowerDown)
                  0000289c    00000238     drivers_cc13x0.aem3 : SPICC26XXDMA.oem3 (.text:SPICC26XXDMA_transfer)
                  00002ad4    00000238     NodeRadioTask.obj (.text:nodeRadioTaskFunction)
                  00002d0c    00000230     EasyLink.obj (.text:enableTestMode)
                  00002f3c    00000224     drivers_cc13x0.aem3 : PowerCC26XX.oem3 (.text:Power_sleep)
                  00003160    00000208     EasyLink.obj (.text:EasyLink_transmit)
                  00003368    000001fc     rtsv7M3_T_le_eabi.lib : s_exp2.c.obj (.text:exp2)
                  00003564    000001d8     rf_multiMode_cc13x0.aem3 : RFCC26XX_multiMode.oem3 (.text:RF_open)
                  0000373c    000001c4     EasyLink.obj (.text:EasyLink_receiveAsync)
                  00003900    000001b6     rtsv7M3_T_le_eabi.lib : fd_add_t2.asm.obj (.text)
                  00003ab6    00000002     display.aem3 : DisplayUart.oem3 (.text:DisplayUartMin_clear)
                  00003ab8    000001b4     EasyLink.obj (.text:rxDoneCallback)
                  00003c6c    000001b0     drivers_cc13x0.aem3 : PINCC26XX.oem3 (.text:PIN_init)
                  00003e1c    00000190                         : PowerCC26XX_calibrateRCOSC.oem3 (.text:PowerCC26XX_doCalibrate)
                  00003fac    00000180     NodeRadioTask.obj (.text:sendDmPacket)
                  0000412c    0000017c     rfWsnNode_pem3.oem3 (.text:xdc_runtime_System_printfExtend__I)
                  000042a8    00000164     drivers_cc13x0.aem3 : UARTCC26XX.oem3 (.text:UARTCC26XX_open)
                  0000440c    00000158                         : SPICC26XXDMA.oem3 (.text:SPICC26XXDMA_initIO)
                  00004564    00000154     rf_multiMode_cc13x0.aem3 : RFCC26XX_multiMode.oem3 (.text:RF_fsmSetupState)
                  000046b8    0000014c     drivers_cc13x0.aem3 : I2CCC26XX.oem3 (.text:I2CCC26XX_open)
                  00004804    00000148                         : UARTCC26XX.oem3 (.text:UARTCC26XX_hwiIntFxn)
                  0000494c    00000136                         : UARTCC26XX.oem3 (.text:UARTCC26XX_read)
                  00004a82    00000002     display.aem3 : DisplayUart.oem3 (.text:DisplayUartMin_clearLines)
                  00004a84    00000134     rf_multiMode_cc13x0.aem3 : RFCC26XX_multiMode.oem3 (.text:RF_abortCmd)
                  00004bb8    0000012c     driverlib.lib : setup_rom.obj (.text:NOROM_SetupAfterColdResetWakeupFromShutDownCfg3)
                  00004ce4    00000128     smartrf_settings.obj (.text:rf_patch_rfe_genfsk)
                  00004e0c    00000128     smartrf_settings_predefined.obj (.text:rf_patch_rfe_genfsk)
                  00004f34    00000128     smartrf_settings_predefined.obj (.text:rf_patch_rfe_lrm)
                  0000505c    00000128     smartrf_settings_predefined.obj (.text:rf_patch_rfe_sl_longrange)
                  00005184    00000124     rf_multiMode_cc13x0.aem3 : RFCC26XX_multiMode.oem3 (.text:RF_dispatchNextCmd)
                  000052a8    00000120     drivers_cc13x0.aem3 : I2CCC26XX.oem3 (.text:I2CCC26XX_hwiFxn)
                  000053c8    0000011c                         : SPICC26XXDMA.oem3 (.text:SPICC26XXDMA_open)
                  000054e4    00000118     rf_multiMode_cc13x0.aem3 : RFCC26XX_multiMode.oem3 (.text:RF_radioOpDoneCb)
                  000055fc    00000114     drivers_cc13x0.aem3 : PowerCC26XX.oem3 (.text:Power_init)
                  00005710    00000110                         : PINCC26XX.oem3 (.text:PINCC26XX_setIoCfg)
                  00005820    00000110     rf_multiMode_cc13x0.aem3 : RFCC26XX_multiMode.oem3 (.text:RF_close)
                  00005930    0000010c     drivers_cc13x0.aem3 : SPICC26XXDMA.oem3 (.text:SPICC26XXDMA_configDMA)
                  00005a3c    00000100     scif_framework.obj (.text:scifInit)
                  00005b3c    000000fc     rtsv7M3_T_le_eabi.lib : fd_mul_t2.asm.obj (.text)
                  00005c38    000000f8     sysbios.aem3 : BIOS.obj (.text:xdc_runtime_Startup_startMods__I)
                  00005d30    000000f0     EasyLink.obj (.text:EasyLink_enableRxAddrFilter)
                  00005e20    000000f0     driverlib.lib : setup_rom.obj (.text:NOROM_SetupAfterColdResetWakeupFromShutDownCfg2)
                  00005f10    000000e8     EasyLink.obj (.text:EasyLink_setCtrl)
                  00005ff8    000000e8     rf_multiMode_cc13x0.aem3 : RFCC26XX_multiMode.oem3 (.text:RF_fsmPowerUpState)
                  000060e0    000000e8     sysbios.aem3 : BIOS.obj (.text:ti_sysbios_knl_Event_pend__E)
                  000061c8    000000e8                  : BIOS.obj (.text:ti_sysbios_knl_Task_postInit__I)
                  000062b0    000000e4     dpl_cc13x0.aem3 : PowerCC26XX_tirtos.oem3 (.text:PowerCC26XX_standbyPolicy)
                  00006394    000000e4     drivers_cc13x0.aem3 : SPICC26XXDMA.oem3 (.text:SPICC26XXDMA_transferCancel)
                  00006478    000000e2                         : UARTCC26XX.oem3 (.text:UARTCC26XX_write)
                  0000655a    00000002     display.aem3 : DisplayUart.oem3 (.text:DisplayUartMin_init)
                  0000655c    000000e0     scif_framework.obj (.text:scifCtrlTasksNbl)
                  0000663c    000000dc     sysbios.aem3 : BIOS.obj (.text:ti_sysbios_knl_Task_Instance_finalize__E)
                  00006718    000000dc                  : BIOS.obj (.text:ti_sysbios_knl_Task_Instance_init__E)
                  000067f4    000000d6     drivers_cc13x0.aem3 : I2CCC26XX.oem3 (.text:I2CCC26XX_transfer)
                  000068ca    00000002     rf_multiMode_cc13x0.aem3 : RFCC26XX_multiMode.oem3 (.text:RF_defaultCallback)
                  000068cc    000000d4     driverlib.lib : rfc.obj (.text:NOROM_RFCRfTrimRead)
                  000069a0    000000d4     rf_multiMode_cc13x0.aem3 : RFCC26XX_multiMode.oem3 (.text:RF_pendCmd)
                  00006a74    000000cc     driverlib.lib : rfc.obj (.text:NOROM_RFCRTrim)
                  00006b40    000000cc     rf_multiMode_cc13x0.aem3 : RFCC26XX_multiMode.oem3 (.text:RF_swiHw)
                  00006c0c    000000cc     sysbios.aem3 : m3_Hwi_asm.obj (.text:ti_sysbios_family_arm_m3_Hwi_dispatch__I)
                  00006cd8    000000cc                  : BIOS.obj (.text:ti_sysbios_knl_Semaphore_pend__E)
                  00006da4    000000c8     driverlib.lib : setup.obj (.text:TrimAfterColdResetWakeupFromShutDown)
                  00006e6c    000000c4     rf_multiMode_cc13x0.aem3 : RFCC26XX_multiMode.oem3 (.text:RF_control)
                  00006f30    000000c4     smartrf_settings_predefined.obj (.text:rf_patch_mce_sl_longrange)
                  00006ff4    000000bc     drivers_cc13x0.aem3 : PowerCC26XX.oem3 (.text:Power_releaseDependency)
                  000070b0    000000b8     rf_multiMode_cc13x0.aem3 : RFCC26XX_multiMode.oem3 (.text:RF_postCmd)
                  00007168    000000b4     drivers_cc13x0.aem3 : PowerCC26XX.oem3 (.text:Power_setDependency)
                  0000721c    000000b0     NodeRadioTask.obj (.text:NodeRadioTask_init)
                  000072cc    000000b0     rf_multiMode_cc13x0.aem3 : RFCC26XX_multiMode.oem3 (.text:RF_hwiCpe0Active)
                  0000737c    000000b0     NodeRadioTask.obj (.text:rxDoneCallback)
                  0000742c    000000a8     driverlib.lib : setup.obj (.text:NOROM_SetupTrimDevice)
                  000074d4    000000a8     rf_multiMode_cc13x0.aem3 : RFCC26XX_multiMode.oem3 (.text:RF_ratRestartChannels)
                  0000757c    000000a4     driverlib.lib : setup_rom.obj (.text:NOROM_SetupAfterColdResetWakeupFromShutDownCfg1)
                  00007620    000000a4     drivers_cc13x0.aem3 : UARTCC26XX.oem3 (.text:UARTCC26XX_initHw)
                  000076c4    000000a4     SensorMpu9250.obj (.text:sensorMagInit)
                  00007768    000000a4     drivers_cc13x0.aem3 : PowerCC26XX.oem3 (.text:switchXOSCHFclockFunc)
                  0000780c    000000a0     NodeTask.obj (.text:NodeTask_init)
                  000078ac    000000a0     drivers_cc13x0.aem3 : PINCC26XX.oem3 (.text:PIN_open)
                  0000794c    000000a0                         : SPICC26XXDMA.oem3 (.text:SPICC26XXDMA_hwiFxn)
                  000079ec    000000a0     SensorI2C.obj (.text:SensorI2C_select)
                  00007a8c    000000a0     auto_init.aem3 : auto_init.oem3 (.text)
                  00007b2c    0000009c     rf_multiMode_cc13x0.aem3 : RFCC26XX_multiMode.oem3 (.text:RF_calculateDispatchTime)
                  00007bc8    0000009c     rtsv7M3_T_le_eabi.lib : memcpy_t2.asm.obj (.text)
                  00007c64    00000098     drivers_cc13x0.aem3 : UARTCC26XX.oem3 (.text:UARTCC26XX_initIO)
                  00007cfc    00000098     smartrf_settings.obj (.text:configureGenfskPatch)
                  00007d94    00000098     smartrf_settings_predefined.obj (.text:configureGenfskPatch)
                  00007e2c    00000098     smartrf_settings_predefined.obj (.text:configureLrmPatch)
                  00007ec4    00000098     smartrf_settings_predefined.obj (.text:configureSlLongrangePatch)
                  00007f5c    00000098     sysbios.aem3 : BIOS.obj (.text:ti_sysbios_knl_Clock_workFuncDynamic__E)
                  00007ff4    00000096     rtsv7M3_T_le_eabi.lib : ull_div_t2.asm.obj (.text)
                  0000808a    00000002                           : _lock.c.obj (.text:_nop)
                  0000808c    00000090     drivers_cc13x0.aem3 : I2CCC26XX.oem3 (.text:I2CCC26XX_cancel)
                  0000811c    00000090     rf_multiMode_cc13x0.aem3 : RFCC26XX_multiMode.oem3 (.text:RF_discardPendCmd)
                  000081ac    00000090     drivers_cc13x0.aem3 : SPICC26XXDMA.oem3 (.text:SPICC26XXDMA_control)
                  0000823c    00000090     SensorMpu9250.obj (.text:SensorMpu9250_reset)
                  000082cc    00000090     sysbios.aem3 : BIOS.obj (.text:ti_sysbios_family_arm_cc26xx_Timer_start__E)
                  0000835c    0000008e     drivers_cc13x0.aem3 : UARTCC26XX.oem3 (.text:UARTCC26XX_writeCancel)
                  000083ea    00000002     SceAdc.obj (.text:ctrlReadyCallback)
                  000083ec    0000008c     drivers_cc13x0.aem3 : I2CCC26XX.oem3 (.text:I2CCC26XX_primeTransfer)
                  00008478    0000008c                         : SPICC26XXDMA.oem3 (.text:SPICC26XXDMA_swiFxn)
                  00008504    0000008c     scif_framework.obj (.text:scifInitIo)
                  00008590    0000008c     sysbios.aem3 : BIOS.obj (.text:ti_sysbios_family_arm_m3_Hwi_Instance_init__E)
                  0000861c    00000088     SensorMpu9250.obj (.text:sensorMpu9250WakeUp)
                  000086a4    00000086     rtsv7M3_T_le_eabi.lib : fd_cmp_t2.asm.obj (.text:__aeabi_cdcmple)
                  0000872a    00000086                           : fd_cmp_t2.asm.obj (.text:__aeabi_cdrcmple)
                  000087b0    00000084     CC1350STK_fxns.obj (.text:CC1350STK_sendExtFlashByte)
                  00008834    00000084     rf_multiMode_cc13x0.aem3 : RFCC26XX_multiMode.oem3 (.text:RF_issueRadioFreeCb)
                  000088b8    00000084     drivers_cc13x0.aem3 : UARTCC26XX.oem3 (.text:UARTCC26XX_close)
                  0000893c    00000084     sysbios.aem3 : BIOS.obj (.text:ti_sysbios_knl_Task_Module_startup__E)
                  000089c0    00000080                  : BIOS.obj (.text:ti_sysbios_family_arm_m3_Hwi_initNVIC__E)
                  00008a40    00000080     drivers_cc13x0.aem3 : UARTCC26XX.oem3 (.text:writeTxFifoFlush)
                  00008ac0    0000007e     rf_multiMode_cc13x0.aem3 : RFCC26XX_multiMode.oem3 (.text:RF_verifyGap)
                  00008b3e    00000002     drivers_cc13x0.aem3 : PowerCC26XX.oem3 (.text:emptyClockFunc)
                  00008b40    0000007c     rf_multiMode_cc13x0.aem3 : RFCC26XX_multiMode.oem3 (.text:RF_ratFreeChannel)
                  00008bbc    0000007c     NodeTask.obj (.text:updateDisplay)
                  00008c38    0000007a     rtsv7M3_T_le_eabi.lib : memset_t2.asm.obj (.text)
                  00008cb2    00000002     smartrf_settings.obj (.text:enterGenfskSysPatch)
                  00008cb4    00000078     sysbios.aem3 : BIOS.obj (.text:ti_sysbios_knl_Clock_walkQueueDynamic__E)
                  00008d2c    00000076                  : BIOS.obj (.text:ti_sysbios_heaps_HeapMem_allocUnprotected__E)
                  00008da2    00000002     smartrf_settings_predefined.obj (.text:enterGenfskSysPatch)
                  00008da4    00000074     driverlib.lib : setup_rom.obj (.text:NOROM_SetupSetVddrLevel)
                  00008e18    00000074     SensorMpu9250.obj (.text:SensorMpu9250_test)
                  00008e8c    00000074     NodeRadioTask.obj (.text:resendPacket)
                  00008f00    00000072     SensorOpt3001.obj (.text:SensorOpt3001_read)
                  00008f72    00000002     smartrf_settings_predefined.obj (.text:enterLrmSysPatch)
                  00008f74    00000070     rf_multiMode_cc13x0.aem3 : RFCC26XX_multiMode.oem3 (.text:RF_hwiHw)
                  00008fe4    00000070     SensorI2C.obj (.text:SensorI2C_open)
                  00009054    00000070     scif_framework.obj (.text:scifGetTaskStruct)
                  000090c4    00000070     sysbios.aem3 : BIOS.obj (.text:ti_sysbios_knl_Event_post__E)
                  00009134    00000070                  : BIOS.obj (.text:ti_sysbios_knl_Task_sleep__E)
                  000091a4    00000070                  : BIOS.obj (.text:xdc_runtime_Memory_alloc__E)
                  00009214    0000006e     rtsv7M3_T_le_eabi.lib : fd_tos_t2.asm.obj (.text)
                  00009282    0000006e     sysbios.aem3 : BIOS.obj (.text:xdc_runtime_Core_createObject__I)
                  000092f0    0000006d                  : BIOS.obj (.text:xdc_runtime_System_formatNum__I)
                  0000935d    00000001     --HOLE-- [fill = 0]
                  0000935e    00000002     smartrf_settings_predefined.obj (.text:enterSlLongrangeSysPatch)
                  00009360    0000006c     drivers_cc13x0.aem3 : PowerCC26XX_calibrateRCOSC.oem3 (.text:PowerCC26XX_initiateCalibration)
                  000093cc    0000006c     rf_multiMode_cc13x0.aem3 : RFCC26XX_multiMode.oem3 (.text:RF_initRadioSetup)
                  00009438    0000006c     SensorMpu9250.obj (.text:SensorMpu9250_accSetRange)
                  000094a4    00000068     drivers_cc13x0.aem3 : I2CCC26XX.oem3 (.text:I2CCC26XX_swiFxn)
                  0000950c    00000068     driverlib.lib : setup_rom.obj (.text:NOROM_SetupGetTrimForAmpcompCtrl)
                  00009574    00000068                   : setup_rom.obj (.text:NOROM_SetupGetTrimForAnabypassValue1)
                  000095dc    00000068                   : sys_ctrl.obj (.text:NOROM_SysCtrlAdjustRechargeAfterPowerDown)
                  00009644    00000068                   : sys_ctrl.obj (.text:NOROM_SysCtrl_DCDC_VoltageConditionalControl)
                  000096ac    00000068     drivers_cc13x0.aem3 : PINCC26XX.oem3 (.text:PIN_add)
                  00009714    00000068     rtsv7M3_T_le_eabi.lib : copy_decompress_lzss.c.obj (.text:decompress:lzss:__TI_decompress_lzss)
                  0000977c    00000068     ExtFlash.obj (.text:extFlashVerifyPart)
                  000097e4    00000068     drivers_cc13x0.aem3 : PowerCC26XX.oem3 (.text:lfClockReadyCallback)
                  0000984c    00000068     sysbios.aem3 : BIOS.obj (.text:ti_sysbios_knl_Swi_restoreHwi__E)
                  000098b4    00000066     SensorOpt3001.obj (.text:SensorOpt3001_test)
                  0000991a    00000066     sysbios.aem3 : BIOS.obj (.text:xdc_runtime_Core_deleteObject__I)
                  00009980    00000064     ExtFlash.obj (.text:ExtFlash_open)
                  000099e4    00000064     driverlib.lib : osc.obj (.text:NOROM_OSCHF_AttemptToSwitchToXosc)
                  00009a48    00000064     NodeRadioTask.obj (.text:NodeRadioTask_sendAdcData)
                  00009aac    00000064     rf_multiMode_cc13x0.aem3 : RFCC26XX_multiMode.oem3 (.text:RF_checkForPreemption)
                  00009b10    00000064                              : RFCC26XX_multiMode.oem3 (.text:RF_dispatchNextEvent)
                  00009b74    00000064     SensorI2C.obj (.text:SensorI2C_writeReg)
                  00009bd8    00000064     drivers_cc13x0.aem3 : PowerCC26XX.oem3 (.text:configureXOSCHF)
                  00009c3c    00000060     driverlib.lib : osc.obj (.text:NOROM_OSCClockSourceSet)
                  00009c9c    00000060     drivers_cc13x0.aem3 : PowerCC26XX.oem3 (.text:PowerCC26XX_calibrate)
                  00009cfc    00000060     rf_multiMode_cc13x0.aem3 : RFCC26XX_multiMode.oem3 (.text:RF_getCurrentTime)
                  00009d5c    00000060     SensorOpt3001.obj (.text:SensorOpt3001_convert)
                  00009dbc    00000060     SensorTmp007.obj (.text:SensorTmp007_enable)
                  00009e1c    00000060     drivers_cc13x0.aem3 : UARTCC26XX.oem3 (.text:UARTCC26XX_control)
                  00009e7c    00000060     EasyLink.obj (.text:calculateCmdTime)
                  00009edc    00000060     sysbios.aem3 : BIOS.obj (.text:ti_sysbios_knl_Clock_startI__E)
                  00009f3c    00000060                  : BIOS.obj (.text:ti_sysbios_knl_Semaphore_post__E)
                  00009f9c    00000060                  : BIOS.obj (.text:ti_sysbios_knl_Task_exit__E)
                  00009ffc    0000005e     drivers_cc13x0.aem3 : UARTCC26XX.oem3 (.text:UARTCC26XX_swiIntFxn)
                  0000a05a    00000002     rtsv7M3_T_le_eabi.lib : div0.asm.obj (.text)
                  0000a05c    0000005c     display.aem3 : Display.oem3 (.text:Display_doOpen)
                  0000a0b8    0000005c     drivers_cc13x0.aem3 : I2CCC26XX.oem3 (.text:I2CCC26XX_close)
                  0000a114    0000005c                         : PowerCC26XX_calibrateRCOSC.oem3 (.text:PowerCC26XX_RCOSC_clockFunc)
                  0000a170    0000005c     rf_multiMode_cc13x0.aem3 : RFCC26XX_multiMode.oem3 (.text:RF_hwiCpe0PowerFsm)
                  0000a1cc    0000005c                              : RFCC26XX_multiMode.oem3 (.text:RF_syncCb)
                  0000a228    0000005c     drivers_cc13x0.aem3 : UDMACC26XX.oem3 (.text:UDMACC26XX_open)
                  0000a284    0000005c     SensorMpu9250.obj (.text:sensorMagEnable)
                  0000a2e0    0000005c     sysbios.aem3 : BIOS.obj (.text:ti_sysbios_heaps_HeapMem_initPrimary__I)
                  0000a33c    0000005c                  : BIOS.obj (.text:ti_sysbios_knl_Task_startCore__E)
                  0000a398    0000005a     EasyLink.obj (.text:createTxAdvFromTx)
                  0000a3f2    00000002     sysbios.aem3 : BIOS.obj (.text:ti_sysbios_BIOS_linkedWithIncorrectBootLibrary__E)
                  0000a3f4    00000058     drivers_cc13x0.aem3 : PINCC26XX.oem3 (.text:PIN_remove)
                  0000a44c    00000058     rf_multiMode_cc13x0.aem3 : RFCC26XX_multiMode.oem3 (.text:RF_cmdDispatchTime)
                  0000a4a4    00000058     drivers_cc13x0.aem3 : SPICC26XXDMA.oem3 (.text:SPICC26XXDMA_initHw)
                  0000a4fc    00000058     scif_framework.obj (.text:scifReinitIo)
                  0000a554    00000058     scif_framework.obj (.text:scifUninitIo)
                  0000a5ac    00000058     sysbios.aem3 : BIOS.obj (.text:ti_sysbios_family_arm_m3_Hwi_postInit__I)
                  0000a604    00000058                  : BIOS.obj (.text:ti_sysbios_heaps_HeapMem_alloc__E)
                  0000a65c    00000058                  : BIOS.obj (.text:ti_sysbios_heaps_HeapMem_freeUnprotected__E)
                  0000a6b4    00000058                  : BIOS.obj (.text:ti_sysbios_knl_Swi_run__I)
                  0000a70c    00000054     rf_multiMode_cc13x0.aem3 : RFCC26XX_multiMode.oem3 (.text:RF_applyRfCorePatch)
                  0000a760    00000054     SceAdc.obj (.text:SceAdc_init)
                  0000a7b4    00000054     SensorI2C.obj (.text:SensorI2C_writeRead)
                  0000a808    00000054     sysbios.aem3 : BIOS.obj (.text:ti_sysbios_family_arm_m3_Hwi_dispatchC__I)
                  0000a85c    00000054                  : BIOS.obj (.text:ti_sysbios_knl_Swi_schedule__I)
                  0000a8b0    00000052     drivers_cc13x0.aem3 : SPICC26XXDMA.oem3 (.text:SPICC26XXDMA_close)
                  0000a902    00000002     rfWsnNode_pem3.oem3 (.text:ti_sysbios_BIOS_nullFunc__I)
                  0000a904    00000050     dpl_cc13x0.aem3 : ClockP_tirtos.oem3 (.text:ClockP_construct)
                  0000a954    00000050     driverlib.lib : setup_rom.obj (.text:NOROM_SetupSetCacheModeAccordingToCcfgSetting)
                  0000a9a4    00000050     rf_multiMode_cc13x0.aem3 : RFCC26XX_multiMode.oem3 (.text:RF_fsmXOSCState)
                  0000a9f4    00000050                              : RFCC26XX_multiMode.oem3 (.text:RF_wakeupNotification)
                  0000aa44    00000050     SensorMpu9250.obj (.text:sensorMpu9250SelectAxes)
                  0000aa94    00000050     SensorMpu9250.obj (.text:sensorMpuSleep)
                  0000aae4    00000050     drivers_cc13x0.aem3 : UARTCC26XX.oem3 (.text:startTxFifoEmptyClk)
                  0000ab34    00000050     rfWsnNode_pem3.oem3 (.text:ti_sysbios_family_arm_m3_Hwi_construct)
                  0000ab84    00000050     sysbios.aem3 : BIOS.obj (.text:ti_sysbios_knl_Swi_runLoop__I)
                  0000abd4    00000050                  : BIOS.obj (.text:xdc_runtime_Startup_exec__E)
                  0000ac24    0000004c     CC1350STK_fxns.obj (.text:CC1350STK_wakeUpExtFlash)
                  0000ac70    0000004c     ExtFlash.obj (.text:ExtFlash_waitReady)
                  0000acbc    0000004c     drivers_cc13x0.aem3 : I2CCC26XX.oem3 (.text:I2CCC26XX_initHw)
                  0000ad08    0000004c     SensorI2C.obj (.text:SensorI2C_write)
                  0000ad54    0000004c     ExtFlash.obj (.text:Spi_open)
                  0000ada0    0000004c     rtsv7M3_T_le_eabi.lib : cpy_tbl.c.obj (.text:copy_in)
                  0000adec    0000004c     SensorMpu9250.obj (.text:sensorMpu9250SetBypass)
                  0000ae38    0000004c     sysbios.aem3 : m3_TaskSupport_asm.obj (.text:ti_sysbios_family_arm_m3_TaskSupport_buildTaskStack)
                  0000ae84    0000004c                  : BIOS.obj (.text:ti_sysbios_knl_Swi_Instance_init__E)
                  0000aed0    0000004c     rfWsnNode_pem3.oem3 (.text:ti_sysbios_knl_Swi_construct)
                  0000af1c    0000004c     rfWsnNode_pem3.oem3 (.text:ti_sysbios_knl_Task_construct)
                  0000af68    0000004c     sysbios.aem3 : BIOS.obj (.text:ti_sysbios_knl_Task_schedule__I)
                  0000afb4    0000004a     display.aem3 : DisplayUart.oem3 (.text:DisplayUartMin_open)
                  0000affe    0000004a     drivers_cc13x0.aem3 : UARTCC26XX.oem3 (.text:UARTCC26XX_readCancel)
                  0000b048    00000048     ExtFlash.obj (.text:ExtFlash_readInfo)
                  0000b090    00000048     drivers_cc13x0.aem3 : PINCC26XX.oem3 (.text:PIN_setOutputEnable)
                  0000b0d8    00000048     SensorMpu9250.obj (.text:SensorMpu9250_enable)
                  0000b120    00000048     rtsv7M3_T_le_eabi.lib : fd_toi_t2.asm.obj (.text)
                  0000b168    00000048     sysbios.aem3 : BIOS.obj (.text:ti_sysbios_family_arm_m3_Hwi_Module_startup__E)
                  0000b1b0    00000048                  : m3_Hwi_asm_switch.obj (.text:ti_sysbios_family_arm_m3_Hwi_initStacks__E)
                  0000b1f8    00000048                  : BIOS.obj (.text:ti_sysbios_heaps_HeapMem_getStats__E)
                  0000b240    00000048     drivers_cc13x0.aem3 : UARTCC26XX.oem3 (.text:writeFinishedDoCallback)
                  0000b288    00000048     sysbios.aem3 : BIOS.obj (.text:xdc_runtime_Core_assignParams__I)
                  0000b2d0    00000048                  : BIOS.obj (.text:xdc_runtime_Core_constructObject__I)
                  0000b318    00000046     display.aem3 : DisplayUart.oem3 (.text:DisplayUartMin_vprintf)
                  0000b35e    00000044     drivers_cc13x0.aem3 : RingBuf.oem3 (.text:RingBuf_put)
                  0000b3a2    00000002     sysbios.aem3 : BIOS.obj (.text:ti_sysbios_gates_GateHwi_Instance_init__E)
                  0000b3a4    00000044     drivers_cc13x0.aem3 : SPICC26XXDMA.oem3 (.text:SPICC26XXDMA_csnCallback)
                  0000b3e8    00000044     SensorBmp280.obj (.text:SensorBmp280_init)
                  0000b42c    00000044     boot.aem3 : boot.oem3 (.text)
                  0000b470    00000044     rtsv7M3_T_le_eabi.lib : fd_tou_t2.asm.obj (.text)
                  0000b4b4    00000044     scif.obj (.text:scifStartRtcTicks)
                  0000b4f8    00000044     sysbios.aem3 : BIOS.obj (.text:ti_sysbios_family_arm_m3_Hwi_disableInterrupt__E)
                  0000b53c    00000044                  : BIOS.obj (.text:ti_sysbios_family_arm_m3_Hwi_enableInterrupt__E)
                  0000b580    00000044                  : BIOS.obj (.text:ti_sysbios_knl_Mailbox_Module_startup__E)
                  0000b5c4    00000044                  : BIOS.obj (.text:ti_sysbios_knl_Swi_post__E)
                  0000b608    00000044                  : BIOS.obj (.text:ti_sysbios_knl_Task_allBlockedFunction__I)
                  0000b64c    00000040     CC1350STK_fxns.obj (.text:CC1350STK_shutDownExtFlash)
                  0000b68c    00000040     drivers_cc13x0.aem3 : I2C.oem3 (.text:I2C_init)
                  0000b6cc    00000040                         : I2C.oem3 (.text:I2C_open)
                  0000b70c    00000040     driverlib.lib : chipinfo.obj (.text:NOROM_ChipInfo_GetHwRevision)
                  0000b74c    00000040     drivers_cc13x0.aem3 : PINCC26XX.oem3 (.text:PINCC26XX_getConfig)
                  0000b78c    00000040                         : PINCC26XX.oem3 (.text:PIN_swi)
                  0000b7cc    00000040                         : SPI.oem3 (.text:SPI_init)
                  0000b80c    00000040                         : SPI.oem3 (.text:SPI_open)
                  0000b84c    00000040                         : UART.oem3 (.text:UART_init)
                  0000b88c    00000040                         : UART.oem3 (.text:UART_open)
                  0000b8cc    00000040     ExtFlash.obj (.text:extFlashPowerStandby)
                  0000b90c    00000040     rtsv7M3_T_le_eabi.lib : u_divt2.asm.obj (.text)
                  0000b94c    00000040     scif.obj (.text:scifStartRtcTicksNow)
                  0000b98c    00000040     sysbios.aem3 : BIOS.obj (.text:ti_sysbios_family_arm_cc26xx_Timer_setThreshold__I)
                  0000b9cc    00000040                  : BIOS.obj (.text:ti_sysbios_family_arm_m3_Hwi_getStackInfo__E)
                  0000ba0c    0000003e     dpl_cc13x0.aem3 : HwiP_tirtos.oem3 (.text:HwiP_construct)
                  0000ba4a    0000003e     drivers_cc13x0.aem3 : RingBuf.oem3 (.text:RingBuf_get)
                  0000ba88    0000003c     driverlib.lib : osc.obj (.text:NOROM_OSC_HPOSCRelativeFrequencyOffsetGet)
                  0000bac4    0000003c                   : rfc.obj (.text:NOROM_RFCSynthPowerDown)
                  0000bb00    0000003c     drivers_cc13x0.aem3 : PowerCC26XX.oem3 (.text:PowerCC26XX_isStableXOSC_HF)
                  0000bb3c    0000003c     rf_multiMode_cc13x0.aem3 : RFCC26XX_multiMode.oem3 (.text:RF_cmdGet)
                  0000bb78    0000003c                              : RFCC26XX_multiMode.oem3 (.text:RF_cmdStoreEvents)
                  0000bbb4    0000003c     dpl_cc13x0.aem3 : SwiP_tirtos.oem3 (.text:SwiP_construct)
                  0000bbf0    0000003c     drivers_cc13x0.aem3 : PowerCC26XX.oem3 (.text:disableLfClkQualifiersEnableClkLoss)
                  0000bc2c    0000003c     sysbios.aem3 : BIOS.obj (.text:ti_sysbios_family_arm_m3_Hwi_construct2__E)
                  0000bc68    00000038     ExtFlash.obj (.text:ExtFlash_close)
                  0000bca0    00000038     drivers_cc13x0.aem3 : PINCC26XX.oem3 (.text:PIN_setConfig)
                  0000bcd8    00000038                         : PINCC26XX.oem3 (.text:PIN_setInterrupt)
                  0000bd10    00000038                         : PINCC26XX.oem3 (.text:PIN_setOutputValue)
                  0000bd48    00000038     rf_multiMode_cc13x0.aem3 : RFCC26XX_multiMode.oem3 (.text:RF_checkCmdFsError)
                  0000bd80    00000038                              : RFCC26XX_multiMode.oem3 (.text:RF_powerConstraintRelease)
                  0000bdb8    00000038     SensorMpu9250.obj (.text:SensorMpu9250_init)
                  0000bdf0    00000038     SensorOpt3001.obj (.text:SensorOpt3001_enable)
                  0000be28    00000038     ExtFlash.obj (.text:Spi_read)
                  0000be60    00000038     ExtFlash.obj (.text:Spi_write)
                  0000be98    00000038     drivers_cc13x0.aem3 : UARTCC26XX.oem3 (.text:readData)
                  0000bed0    00000038     rtsv7M3_T_le_eabi.lib : fs_tod_t2.asm.obj (.text)
                  0000bf08    00000038                           : fs_toi_t2.asm.obj (.text)
                  0000bf40    00000038     sysbios.aem3 : BIOS.obj (.text:ti_sysbios_family_arm_m3_Hwi_Instance_finalize__E)
                  0000bf78    00000038                  : BIOS.obj (.text:ti_sysbios_heaps_HeapMem_Instance_init__E)
                  0000bfb0    00000038                  : BIOS.obj (.text:ti_sysbios_knl_Clock_Instance_init__E)
                  0000bfe8    00000038     drivers_cc13x0.aem3 : UARTCC26XX.oem3 (.text:writeData)
                  0000c020    00000038     sysbios.aem3 : BIOS.obj (.text:xdc_runtime_System_atexit__E)
                  0000c058    00000036     SensorBmp280.obj (.text:SensorBmp280_enable)
                  0000c08e    00000036     drivers_cc13x0.aem3 : UDMACC26XX.oem3 (.text:UDMACC26XX_close)
                  0000c0c4    00000036     sysbios.aem3 : BIOS.obj (.text:ti_sysbios_family_arm_cc26xx_Timer_setNextTick__E)
                  0000c0fa    00000002                  : BIOS.obj (.text:ti_sysbios_knl_Clock_logTick__E)
                  0000c0fc    00000034     driverlib.lib : osc.obj (.text:NOROM_OSCHF_SwitchToRcOscTurnOffXosc)
                  0000c130    00000034     drivers_cc13x0.aem3 : PowerCC26XX.oem3 (.text:Power_releaseConstraint)
                  0000c164    00000034     SensorHdc1000.obj (.text:SensorHdc1000_init)
                  0000c198    00000034     NodeTask.obj (.text:buttonCallback)
                  0000c1cc    00000034     drivers_cc13x0.aem3 : PowerCC26XX.oem3 (.text:notify)
                  0000c200    00000034     rtsv7M3_T_le_eabi.lib : rand.c.obj (.text:rand)
                  0000c234    00000034     scif_framework.obj (.text:scifAckAlertEvents)
                  0000c268    00000034     scif_framework.obj (.text:scifOsalInit)
                  0000c29c    00000034     SceAdc.obj (.text:taskAlertCallback)
                  0000c2d0    00000034     sysbios.aem3 : BIOS.obj (.text:ti_sysbios_family_arm_cc26xx_Timer_initDevice__I)
                  0000c304    00000034     rfWsnNode_pem3.oem3 (.text:ti_sysbios_knl_Semaphore_create)
                  0000c338    00000034     sysbios.aem3 : BIOS.obj (.text:ti_sysbios_knl_Swi_restore__E)
                  0000c36c    00000034                  : BIOS.obj (.text:ti_sysbios_knl_Swi_setPri__E)
                  0000c3a0    00000034                  : BIOS.obj (.text:ti_sysbios_knl_Task_blockI__E)
                  0000c3d4    00000034                  : BIOS.obj (.text:xdc_runtime_Core_assignLabel__I)
                  0000c408    00000032     ExtFlash.obj (.text:ExtFlash_powerDown)
                  0000c43a    00000002     sysbios.aem3 : BIOS.obj (.text:ti_sysbios_knl_Clock_triggerFunc__I)
                  0000c43c    00000030     driverlib.lib : chipinfo.obj (.text:NOROM_ChipInfo_GetChipType)
                  0000c46c    00000030                   : setup_rom.obj (.text:NOROM_SetupGetTrimForRadcExtCfg)
                  0000c49c    00000030                   : setup_rom.obj (.text:NOROM_SetupSetAonRtcSubSecInc)
                  0000c4cc    00000030     drivers_cc13x0.aem3 : PINCC26XX.oem3 (.text:PINCC26XX_setMux)
                  0000c4fc    00000030                         : PowerCC26XX.oem3 (.text:Power_setConstraint)
                  0000c52c    00000030     scif_framework.obj (.text:osalRegisterCtrlReadyInt)
                  0000c55c    00000030     scif_framework.obj (.text:osalRegisterTaskAlertInt)
                  0000c58c    00000030     drivers_cc13x0.aem3 : UARTCC26XX.oem3 (.text:readData2RingBuf)
                  0000c5bc    00000030     rfWsnNode_pem3.oem3 (.text:ti_sysbios_BIOS_atExitFunc__I)
                  0000c5ec    00000030     rfWsnNode_pem3.oem3 (.text:ti_sysbios_BIOS_startFunc__I)
                  0000c61c    00000030     sysbios.aem3 : BIOS.obj (.text:ti_sysbios_family_arm_cc26xx_Timer_getCurrentTick__E)
                  0000c64c    00000030     rfWsnNode_pem3.oem3 (.text:ti_sysbios_gates_GateHwi_Object__create__S)
                  0000c67c    00000030     rfWsnNode_pem3.oem3 (.text:ti_sysbios_gates_GateMutex_Object__create__S)
                  0000c6ac    00000030     sysbios.aem3 : BIOS.obj (.text:ti_sysbios_gates_GateMutex_enter__E)
                  0000c6dc    00000030     rfWsnNode_pem3.oem3 (.text:ti_sysbios_heaps_HeapMem_Object__create__S)
                  0000c70c    00000030     sysbios.aem3 : BIOS.obj (.text:ti_sysbios_heaps_HeapMem_free__E)
                  0000c73c    00000030     rfWsnNode_pem3.oem3 (.text:ti_sysbios_knl_Clock_construct)
                  0000c76c    00000030     rfWsnNode_pem3.oem3 (.text:ti_sysbios_knl_Semaphore_construct)
                  0000c79c    00000030     sysbios.aem3 : BIOS.obj (.text:ti_sysbios_knl_Task_processVitalTaskFlag__I)
                  0000c7cc    00000030                  : BIOS.obj (.text:xdc_runtime_System_processAtExit__E)
                  0000c7fc    0000002e     rf_multiMode_cc13x0.aem3 : RFCC26XX_multiMode.oem3 (.text:RF_queueEnd)
                  0000c82a    0000002e     ExtFlash.obj (.text:extFlashPowerDown)
                  0000c858    0000002e     rtsv7M3_T_le_eabi.lib : i_tofd_t2.asm.obj (.text)
                  0000c886    0000002e     sysbios.aem3 : BIOS.obj (.text:ti_sysbios_family_arm_m3_TaskSupport_start__E)
                  0000c8b4    0000002e                  : BIOS.obj (.text:ti_sysbios_hal_Hwi_initStack)
                  0000c8e2    00000002                  : BIOS.obj (.text:ti_sysbios_knl_Swi_Instance_finalize__E)
                  0000c8e4    0000002c     driverlib.lib : ddi.obj (.text:NOROM_DDI32RegWrite)
                  0000c910    0000002c                   : osc.obj (.text:NOROM_OSCClockSourceGet)
                  0000c93c    0000002c                   : rfc.obj (.text:NOROM_RFCCpePatchReset)
                  0000c968    0000002c     rf_multiMode_cc13x0.aem3 : RFCC26XX_multiMode.oem3 (.text:RF_calculateDeltaTimeUs)
                  0000c994    0000002c                              : RFCC26XX_multiMode.oem3 (.text:RF_executeDirectImmediateCmd)
                  0000c9c0    0000002c     dpl_cc13x0.aem3 : SemaphoreP_tirtos.oem3 (.text:SemaphoreP_constructBinary)
                  0000c9ec    0000002c                     : SemaphoreP_tirtos.oem3 (.text:SemaphoreP_createBinary)
                  0000ca18    0000002c     sysbios.aem3 : BIOS.obj (.text:_pthread_delete$42)
                  0000ca44    0000002c     EasyLink.obj (.text:asyncCmdCallback)
                  0000ca70    0000002c     scif_framework.obj (.text:osalIndicateCtrlReady)
                  0000ca9c    0000002c     scif_framework.obj (.text:osalLockCtrlTaskNbl)
                  0000cac8    0000002c     sysbios.aem3 : BIOS.obj (.text:ti_sysbios_knl_Clock_getTicksUntilInterrupt__E)
                  0000caf4    0000002c     rfWsnNode_pem3.oem3 (.text:ti_sysbios_knl_Event_construct)
                  0000cb20    0000002c     sysbios.aem3 : BIOS.obj (.text:ti_sysbios_knl_Event_pendTimeout__I)
                  0000cb4c    0000002c                  : BIOS.obj (.text:ti_sysbios_knl_Mailbox_postInit__I)
                  0000cb78    0000002c     rfWsnNode_pem3.oem3 (.text:ti_sysbios_knl_Queue_construct)
                  0000cba4    0000002c     sysbios.aem3 : BIOS.obj (.text:ti_sysbios_knl_Semaphore_pendTimeout__I)
                  0000cbd0    0000002c                  : BIOS.obj (.text:ti_sysbios_knl_Task_unblockI__E)
                  0000cbfc    0000002c                  : BIOS.obj (.text:xdc_runtime_Text_cordText__E)
                  0000cc28    0000002a     display.aem3 : Display.oem3 (.text:Display_doPrintf)
                  0000cc52    0000002a     sysbios.aem3 : BIOS.obj (.text:ti_sysbios_knl_Clock_getTimeout__E)
                  0000cc7c    0000002a                  : BIOS.obj (.text:xdc_runtime_System_putchar__I)
                  0000cca6    00000002                  : BIOS.obj (.text:xdc_runtime_Error_policySpin__E)
                  0000cca8    00000028     display.aem3 : Display.oem3 (.text:Display_doInit)
                  0000ccd0    00000028     driverlib.lib : aon_batmon.obj (.text:NOROM_AONBatMonTemperatureGetDegC)
                  0000ccf8    00000028                   : rfc.obj (.text:NOROM_RFCDoorbellSendTo)
                  0000cd20    00000028                   : rfc.obj (.text:NOROM_RFCOverrideSearch)
                  0000cd48    00000028     drivers_cc13x0.aem3 : PowerCC26XX.oem3 (.text:Power_registerNotify)
                  0000cd70    00000028     rf_multiMode_cc13x0.aem3 : RFCC26XX_multiMode.oem3 (.text:RF_runCmd)
                  0000cd98    00000028     drivers_cc13x0.aem3 : SPICC26XXDMA.oem3 (.text:SPICC26XXDMA_flushFifos)
                  0000cdc0    00000028     driverlib.lib : adi.obj (.text:SafeHapiVoid)
                  0000cde8    00000028     SensorMpu9250.obj (.text:SensorMpu9250_powerOff)
                  0000ce10    00000028     sysbios.aem3 : m3_Hwi_asm.obj (.text:ti_sysbios_family_arm_m3_Hwi_excHandlerAsm__I)
                  0000ce38    00000028                  : BIOS.obj (.text:ti_sysbios_knl_Clock_addI__E)
                  0000ce60    00000028                  : BIOS.obj (.text:ti_sysbios_knl_Task_restore__E)
                  0000ce88    00000024     drivers_cc13x0.aem3 : List.oem3 (.text:List_remove)
                  0000ceac    00000024                         : PINCC26XX.oem3 (.text:PINCC26XX_setIoCfgMux)
                  0000ced0    00000024     rf_multiMode_cc13x0.aem3 : RFCC26XX_multiMode.oem3 (.text:RF_cmdAlloc)
                  0000cef4    00000024                              : RFCC26XX_multiMode.oem3 (.text:RF_invokeGlobalCallback)
                  0000cf18    00000024                              : RFCC26XX_multiMode.oem3 (.text:RF_isStateTransitionAllowed)
                  0000cf3c    00000024     SceAdc.obj (.text:SceAdc_setReportInterval)
                  0000cf60    00000024     SensorMpu9250.obj (.text:SensorMpu9250_Callback)
                  0000cf84    00000024     sysbios.aem3 : BIOS.obj (.text:_pthread_cleanupFxn)
                  0000cfa8    00000024     NodeTask.obj (.text:adcCallback)
                  0000cfcc    00000024     EasyLink.obj (.text:isAddrSizeValid)
                  0000cff0    00000024     rfWsnNode_pem3.oem3 (.text:ti_sysbios_BIOS_registerRTSLock__I)
                  0000d014    00000024     rfWsnNode_pem3.oem3 (.text:ti_sysbios_BIOS_removeRTSLock__I)
                  0000d038    00000024     sysbios.aem3 : BIOS.obj (.text:ti_sysbios_family_arm_cc26xx_Timer_Module_startup__E)
                  0000d05c    00000024                  : BIOS.obj (.text:ti_sysbios_family_arm_cc26xx_Timer_getMaxTicks__E)
                  0000d080    00000024                  : BIOS.obj (.text:ti_sysbios_family_arm_cc26xx_Timer_startup__E)
                  0000d0a4    00000024     rfWsnNode_pem3.oem3 (.text:ti_sysbios_gates_GateMutex_Object__delete__S)
                  0000d0c8    00000024     sysbios.aem3 : BIOS.obj (.text:ti_sysbios_knl_Semaphore_Instance_init__E)
                  0000d0ec    00000024     rfWsnNode_pem3.oem3 (.text:ti_sysbios_knl_Semaphore_Object__delete__S)
                  0000d110    00000024     sysbios.aem3 : BIOS.obj (.text:ti_sysbios_knl_Swi_Module_startup__E)
                  0000d134    00000022     drivers_cc13x0.aem3 : List.oem3 (.text:List_get)
                  0000d156    00000022                         : List.oem3 (.text:List_insert)
                  0000d178    00000022                         : List.oem3 (.text:List_put)
                  0000d19a    00000022                         : List.oem3 (.text:List_putHead)
                  0000d1bc    00000022     sysbios.aem3 : BIOS.obj (.text:ti_sysbios_family_arm_cc26xx_Timer_postInit__I)
                  0000d1de    00000002                  : BIOS.obj (.text:xdc_runtime_SysCallback_defaultAbort)
                  0000d1e0    00000020     driverlib.lib : rfc.obj (.text:NOROM_RFCAdi3VcoLdoVoltageMode)
                  0000d200    00000020                   : setup_rom.obj (.text:NOROM_SetupGetTrimForXoscHfCtl)
                  0000d220    00000020     drivers_cc13x0.aem3 : PowerCC26XX.oem3 (.text:Power_unregisterNotify)
                  0000d240    00000020     rf_multiMode_cc13x0.aem3 : RFCC26XX_multiMode.oem3 (.text:RF_clkPowerUp)
                  0000d260    00000020                              : RFCC26XX_multiMode.oem3 (.text:RF_hwiCpe0ChangePhy)
                  0000d280    00000020                              : RFCC26XX_multiMode.oem3 (.text:RF_ratIsRunning)
                  0000d2a0    00000020     NodeRadioTask.obj (.text:returnRadioOperationStatus)
                  0000d2c0    00000020     rtsv7M3_T_le_eabi.lib : u_tofd_t2.asm.obj (.text)
                  0000d2e0    00000020     drivers_cc13x0.aem3 : UARTCC26XX.oem3 (.text:threadSafeStdbyDisRelease)
                  0000d300    00000020                         : UARTCC26XX.oem3 (.text:threadSafeStdbyDisSet)
                  0000d320    00000020     rfWsnNode_pem3.oem3 (.text:ti_sysbios_BIOS_rtsLock__I)
                  0000d340    00000020     sysbios.aem3 : BIOS.obj (.text:ti_sysbios_family_arm_cc26xx_Timer_dynamicStub__E)
                  0000d360    00000020     rfWsnNode_pem3.oem3 (.text:ti_sysbios_gates_GateHwi_Object__delete__S)
                  0000d380    00000020     rfWsnNode_pem3.oem3 (.text:ti_sysbios_heaps_HeapMem_Object__delete__S)
                  0000d3a0    00000020     sysbios.aem3 : BIOS.obj (.text:ti_sysbios_knl_Clock_Module_startup__E)
                  0000d3c0    00000020     rfWsnNode_pem3.oem3 (.text:ti_sysbios_knl_Clock_destruct)
                  0000d3e0    00000020     sysbios.aem3 : BIOS.obj (.text:ti_sysbios_knl_Clock_getTicks__E)
                  0000d400    00000020                  : BIOS.obj (.text:ti_sysbios_knl_Clock_stop__E)
                  0000d420    00000020                  : BIOS.obj (.text:ti_sysbios_knl_Event_checkEvents__I)
                  0000d440    00000020                  : BIOS.obj (.text:ti_sysbios_knl_Idle_run__E)
                  0000d460    00000020     rfWsnNode_pem3.oem3 (.text:ti_sysbios_knl_Semaphore_destruct)
                  0000d480    00000020     rfWsnNode_pem3.oem3 (.text:ti_sysbios_knl_Task_Object__delete__S)
                  0000d4a0    00000020     sysbios.aem3 : BIOS.obj (.text:ti_sysbios_knl_Task_restoreHwi__E)
                  0000d4c0    0000001e     drivers_cc13x0.aem3 : PINCC26XX.oem3 (.text:PIN_close)
                  0000d4de    0000001e                         : PowerCC26XX.oem3 (.text:Power_getTransitionLatency)
                  0000d4fc    0000001e     rf_multiMode_cc13x0.aem3 : RFCC26XX_multiMode.oem3 (.text:RF_preemptClient)
                  0000d51a    0000001e     ExtFlash.obj (.text:SSIBusy)
                  0000d538    0000001e     rfWsnNode.obj (.text:main)
                  0000d556    0000001e     sysbios.aem3 : m3_Hwi_asm_switch.obj (.text:ti_sysbios_family_xxx_Hwi_switchAndRunFunc)
                  0000d574    0000001c     CC1350STK.obj (.text:CC1350STK_initGeneral)
                  0000d590    0000001c     driverlib.lib : chipinfo.obj (.text:NOROM_ChipInfo_GetChipFamily)
                  0000d5ac    0000001c                   : setup_rom.obj (.text:NOROM_SetupGetTrimForAmpcompTh2)
                  0000d5c8    0000001c                   : setup_rom.obj (.text:NOROM_SetupGetTrimForRcOscLfRtuneCtuneTrim)
                  0000d5e4    0000001c     drivers_cc13x0.aem3 : PINCC26XX.oem3 (.text:PIN_hwi)
                  0000d600    0000001c     rf_multiMode_cc13x0.aem3 : RFCC26XX_multiMode.oem3 (.text:RF_clkInactivityCallback)
                  0000d61c    0000001c                              : RFCC26XX_multiMode.oem3 (.text:RF_powerConstraintSet)
                  0000d638    0000001c     SensorI2C.obj (.text:SensorI2C_readReg)
                  0000d654    0000001c     ExtFlash.obj (.text:Spi_close)
                  0000d670    0000001c     smartrf_settings.obj (.text:enterGenfskCpePatch)
                  0000d68c    0000001c     smartrf_settings_predefined.obj (.text:enterGenfskCpePatch)
                  0000d6a8    0000001c     smartrf_settings_predefined.obj (.text:enterLrmCpePatch)
                  0000d6c4    0000001c     smartrf_settings_predefined.obj (.text:enterSlLongrangeCpePatch)
                  0000d6e0    0000001c     sysbios.aem3 : BIOS.obj (.text:ti_sysbios_family_arm_m3_Hwi_clearInterrupt__E)
                  0000d6fc    0000001c     rfWsnNode_pem3.oem3 (.text:ti_sysbios_family_arm_m3_Hwi_destruct)
                  0000d718    0000001c     sysbios.aem3 : BIOS.obj (.text:ti_sysbios_family_arm_m3_Hwi_excHandler__I)
                  0000d734    0000001c                  : BIOS.obj (.text:ti_sysbios_family_arm_m3_Hwi_setPriority__E)
                  0000d750    0000001c                  : BIOS.obj (.text:ti_sysbios_gates_GateMutex_Instance_init__E)
                  0000d76c    0000001c                  : BIOS.obj (.text:ti_sysbios_knl_Clock_scheduleNextTick__E)
                  0000d788    0000001c     rfWsnNode_pem3.oem3 (.text:ti_sysbios_knl_Queue_destruct)
                  0000d7a4    0000001c     sysbios.aem3 : BIOS.obj (.text:ti_sysbios_knl_Queue_put__E)
                  0000d7c0    0000001c                  : BIOS.obj (.text:ti_sysbios_knl_Swi_construct2__E)
                  0000d7dc    0000001c     rfWsnNode_pem3.oem3 (.text:ti_sysbios_knl_Swi_destruct)
                  0000d7f8    0000001c     sysbios.aem3 : BIOS.obj (.text:ti_sysbios_knl_Task_enter__I)
                  0000d814    0000001c                  : BIOS.obj (.text:xdc_runtime_Error_check__E)
                  0000d830    0000001c                  : BIOS.obj (.text:xdc_runtime_Error_raiseX__E)
                  0000d84c    0000001c                  : BIOS.obj (.text:xdc_runtime_Memory_valloc__E)
                  0000d868    0000001c                  : BIOS.obj (.text:xdc_runtime_System_abort__E)
                  0000d884    0000001a     SensorMpu9250.obj (.text:SensorMpu9250_powerIsOn)
                  0000d89e    0000001a     sysbios.aem3 : m3_Hwi_asm.obj (.text:ti_sysbios_family_arm_m3_Hwi_pendSV__I)
                  0000d8b8    0000001a                  : BIOS.obj (.text:ti_sysbios_knl_Task_sleepTimeout__I)
                  0000d8d2    00000018     EasyLink.obj (.text:ChipInfo_ChipFamilyIs_CC13x2_CC26x2)
                  0000d8ea    00000018     EasyLink.obj (.text:ChipInfo_ChipFamilyIs_CC26x0R2)
                  0000d902    00000002     sysbios.aem3 : BIOS.obj (.text:xdc_runtime_SysCallback_defaultExit)
                  0000d904    00000018     driverlib.lib : aon_rtc.obj (.text:NOROM_AONRTCCurrentCompareValueGet)
                  0000d91c    00000018                   : chipinfo.obj (.text:NOROM_ChipInfo_GetPackageType)
                  0000d934    00000018                   : osc.obj (.text:NOROM_OSCHF_TurnOnXosc)
                  0000d94c    00000018                   : rfc.obj (.text:NOROM_RFCCpeIntGetAndClear)
                  0000d964    00000018                   : setup_rom.obj (.text:NOROM_SetupGetTrimForAdcShModeEn)
                  0000d97c    00000018                   : setup_rom.obj (.text:NOROM_SetupGetTrimForAdcShVbufEn)
                  0000d994    00000018                   : setup_rom.obj (.text:NOROM_SetupGetTrimForAmpcompTh1)
                  0000d9ac    00000018                   : setup_rom.obj (.text:NOROM_SetupGetTrimForDblrLoopFilterResetVoltage)
                  0000d9c4    00000018                   : setup_rom.obj (.text:NOROM_SetupGetTrimForRcOscLfIBiasTrim)
                  0000d9dc    00000018                   : setup_rom.obj (.text:NOROM_SetupGetTrimForXoscLfRegulatorAndCmirrwrRatio)
                  0000d9f4    00000018     drivers_cc13x0.aem3 : PINCC26XX.oem3 (.text:PIN_getConfig)
                  0000da0c    00000018     dpl_cc13x0.aem3 : PowerCC26XX_tirtos.oem3 (.text:PowerCC26XX_schedulerDisable)
                  0000da24    00000018                     : PowerCC26XX_tirtos.oem3 (.text:PowerCC26XX_schedulerRestore)
                  0000da3c    00000018     drivers_cc13x0.aem3 : PowerCC26XX.oem3 (.text:Power_idleFunc)
                  0000da54    00000018     rf_multiMode_cc13x0.aem3 : RFCC26XX_multiMode.oem3 (.text:RF_swiFsm)
                  0000da6c    00000018     ExtFlash.obj (.text:Spi_flash)
                  0000da84    00000018     drivers_cc13x0.aem3 : UART.oem3 (.text:UART_Params_init)
                  0000da9c    00000018     rtsv7M3_T_le_eabi.lib : args_main.c.obj (.text:_args_main)
                  0000dab4    00000018                           : ll_mul_t2.asm.obj (.text)
                  0000dacc    00000018     scif_framework.obj (.text:scifClearAlertIntSource)
                  0000dae4    00000018     rfWsnNode_pem3.oem3 (.text:ti_sysbios_BIOS_rtsUnlock__I)
                  0000dafc    00000018     rfWsnNode_pem3.oem3 (.text:ti_sysbios_family_arm_cc26xx_Timer_Module__startupDone__F)
                  0000db14    00000018     rfWsnNode_pem3.oem3 (.text:ti_sysbios_family_arm_m3_Hwi_Module__startupDone__F)
                  0000db2c    00000018     sysbios.aem3 : BIOS.obj (.text:ti_sysbios_family_arm_m3_Hwi_plug__E)
                  0000db44    00000018     rfWsnNode_pem3.oem3 (.text:ti_sysbios_gates_GateHwi_Handle__label__S)
                  0000db5c    00000018     rfWsnNode_pem3.oem3 (.text:ti_sysbios_gates_GateMutex_Handle__label__S)
                  0000db74    00000018     sysbios.aem3 : BIOS.obj (.text:ti_sysbios_gates_GateMutex_leave__E)
                  0000db8c    00000018     rfWsnNode_pem3.oem3 (.text:ti_sysbios_heaps_HeapMem_Handle__label__S)
                  0000dba4    00000018     sysbios.aem3 : BIOS.obj (.text:ti_sysbios_knl_Swi_or__E)
                  0000dbbc    00000018                  : BIOS.obj (.text:ti_sysbios_knl_Task_unblock__E)
                  0000dbd4    00000018                  : BIOS.obj (.text:ti_sysbios_rts_ti_ReentSupport_getReent__F)
                  0000dbec    00000018     rfWsnNode_pem3.oem3 (.text:ti_sysbios_rts_ti_ReentSupport_getTlsAddr__I)
                  0000dc04    00000018     sysbios.aem3 : BIOS.obj (.text:xdc_runtime_Error_init__E)
                  0000dc1c    00000018                  : BIOS.obj (.text:xdc_runtime_System_exit__E)
                  0000dc34    00000016     EasyLink.obj (.text:ChipInfo_ChipFamilyIs_CC26x0)
                  0000dc4a    00000016     display.aem3 : DisplayUart.oem3 (.text:DisplayUartMin_close)
                  0000dc60    00000016     driverlib.lib : chipinfo.obj (.text:NOROM_ThisLibraryIsFor_CC13x0_HwRev20AndLater_HaltIfViolated)
                  0000dc76    00000016     rf_multiMode_cc13x0.aem3 : RFCC26XX_multiMode.oem3 (.text:RF_restartClockTimeout)
                  0000dc8c    00000016     rfWsnNode_pem3.oem3 (.text:ti_sysbios_BIOS_exitFunc__I)
                  0000dca2    00000016     scif_framework.obj (.text:ti_sysbios_family_arm_m3_Hwi_Params_init)
                  0000dcb8    00000016     sysbios.aem3 : BIOS.obj (.text:ti_sysbios_knl_Clock_Instance_finalize__E)
                  0000dcce    00000016     NodeTask.obj (.text:ti_sysbios_knl_Clock_Params_init)
                  0000dce4    00000016     sysbios.aem3 : BIOS.obj (.text:ti_sysbios_knl_Clock_start__E)
                  0000dcfa    00000016     NodeRadioTask.obj (.text:ti_sysbios_knl_Event_Params_init)
                  0000dd10    00000016     NodeTask.obj (.text:ti_sysbios_knl_Event_Params_init)
                  0000dd26    00000016     EasyLink.obj (.text:ti_sysbios_knl_Semaphore_Params_init)
                  0000dd3c    00000016     NodeRadioTask.obj (.text:ti_sysbios_knl_Semaphore_Params_init)
                  0000dd52    00000016     SensorI2C.obj (.text:ti_sysbios_knl_Semaphore_Params_init)
                  0000dd68    00000016     scif_framework.obj (.text:ti_sysbios_knl_Semaphore_Params_init)
                  0000dd7e    00000016     NodeRadioTask.obj (.text:ti_sysbios_knl_Task_Params_init)
                  0000dd94    00000016     NodeTask.obj (.text:ti_sysbios_knl_Task_Params_init)
                  0000ddaa    00000002     sysbios.aem3 : BIOS.obj (.text:xdc_runtime_SysCallback_defaultPutch)
                  0000ddac    00000014     NodeRadioTask.obj (.text:AONBatMonBatteryVoltageGet)
                  0000ddc0    00000014     EasyLink.obj (.text:EasyLink_Params_init)
                  0000ddd4    00000014     drivers_cc13x0.aem3 : List.oem3 (.text:List_clearList)
                  0000dde8    00000014     driverlib.lib : aon_rtc.obj (.text:NOROM_AONRTCCurrent64BitValueGet)
                  0000ddfc    00000014     drivers_cc13x0.aem3 : PINCC26XX.oem3 (.text:PINCC26XX_getInputValue)
                  0000de10    00000014                         : PINCC26XX.oem3 (.text:PINCC26XX_getOutputValue)
                  0000de24    00000014     rf_multiMode_cc13x0.aem3 : RFCC26XX_multiMode.oem3 (.text:RF_Params_init)
                  0000de38    00000014                              : RFCC26XX_multiMode.oem3 (.text:RF_dbellSyncOnAck)
                  0000de4c    00000014                              : RFCC26XX_multiMode.oem3 (.text:RF_ratGetChannel)
                  0000de60    00000014                              : RFCC26XX_multiMode.oem3 (.text:RF_schResolveConflict)
                  0000de74    00000014     drivers_cc13x0.aem3 : SPI.oem3 (.text:SPI_Params_init)
                  0000de88    00000014     SceAdc.obj (.text:SceAdc_registerAdcCallback)
                  0000de9c    00000014     SensorI2C.obj (.text:SensorI2C_deselect)
                  0000deb0    00000014     drivers_cc13x0.aem3 : PowerCC26XX.oem3 (.text:configureRFCoreClocks)
                  0000dec4    00000014     ExtFlash.obj (.text:extFlashDeselect)
                  0000ded8    00000014     ExtFlash.obj (.text:extFlashSelect)
                  0000deec    00000014     scif_framework.obj (.text:osalIndicateTaskAlert)
                  0000df00    00000014     scif_framework.obj (.text:scifOsalRegisterCtrlReadyCallback)
                  0000df14    00000014     scif_framework.obj (.text:scifOsalRegisterTaskAlertCallback)
                  0000df28    00000014     rtsv7M3_T_le_eabi.lib : strlen.c.obj (.text:strlen)
                  0000df3c    00000014     rfWsnNode_pem3.oem3 (.text:ti_sysbios_family_arm_m3_Hwi_Object__get__S)
                  0000df50    00000014     sysbios.aem3 : BIOS.obj (.text:ti_sysbios_family_arm_m3_Hwi_switchFromBootStack__E)
                  0000df64    00000014     rfWsnNode_pem3.oem3 (.text:ti_sysbios_heaps_HeapMem_Object__get__S)
                  0000df78    00000014     rfWsnNode_pem3.oem3 (.text:ti_sysbios_knl_Clock_doTick__I)
                  0000df8c    00000014     sysbios.aem3 : BIOS.obj (.text:ti_sysbios_knl_Event_Instance_init__E)
                  0000dfa0    00000014     rfWsnNode_pem3.oem3 (.text:ti_sysbios_knl_Swi_Object__get__S)
                  0000dfb4    00000012     drivers_cc13x0.aem3 : RingBuf.oem3 (.text:RingBuf_construct)
                  0000dfc6    00000012     dpl_cc13x0.aem3 : SemaphoreP_tirtos.oem3 (.text:SemaphoreP_pend)
                  0000dfd8    00000012     scif_framework.obj (.text:scifStartTasksNbl)
                  0000dfea    00000012     scif.obj (.text:scifTaskResourceInit)
                  0000dffc    00000012     sysbios.aem3 : BIOS.obj (.text:ti_sysbios_hal_Hwi_Module_startup__E)
                  0000e00e    00000012     rfWsnNode_pem3.oem3 (.text:xdc_runtime_Startup_exec__I)
                  0000e020    00000010     dpl_cc13x0.aem3 : ClockP_tirtos.oem3 (.text:ClockP_isActive)
                  0000e030    00000010                     : HwiP_tirtos.oem3 (.text:HwiP_Params_init)
                  0000e040    00000010     drivers_cc13x0.aem3 : I2C.oem3 (.text:I2C_Params_init)
                  0000e050    00000010     driverlib.lib : rfc.obj (.text:NOROM_RFCHwIntGetAndClear)
                  0000e060    00000010                   : rfc.obj (.text:NOROM_RFCRfTrimSet)
                  0000e070    00000010                   : setup_rom.obj (.text:NOROM_SetupGetTrimForXoscHfFastStart)
                  0000e080    00000010                   : setup_rom.obj (.text:NOROM_SetupGetTrimForXoscHfIbiastherm)
                  0000e090    00000010     drivers_cc13x0.aem3 : PINCC26XX.oem3 (.text:PINCC26XX_getPinCount)
                  0000e0a0    00000010     rf_multiMode_cc13x0.aem3 : RFCC26XX_multiMode.oem3 (.text:RF_dbellSubmitCmdAsync)
                  0000e0b0    00000010                              : RFCC26XX_multiMode.oem3 (.text:RF_isClientOwner)
                  0000e0c0    00000010     dpl_cc13x0.aem3 : SwiP_tirtos.oem3 (.text:SwiP_Params_init)
                  0000e0d0    00000010     smartrf_settings.obj (.text:applyGenfskPatch)
                  0000e0e0    00000010     smartrf_settings_predefined.obj (.text:applyGenfskPatch)
                  0000e0f0    00000010     smartrf_settings_predefined.obj (.text:applyLrmPatch)
                  0000e100    00000010     smartrf_settings_predefined.obj (.text:applySlLongrangePatch)
                  0000e110    00000010     NodeTask.obj (.text:fastReportTimeoutCallback)
                  0000e120    00000010     drivers_cc13x0.aem3 : I2CCC26XX.oem3 (.text:i2cPostNotify)
                  0000e130    00000010     sysbios.aem3 : BIOS.obj (.text:ti_sysbios_BIOS_exit__E)
                  0000e140    00000010                  : BIOS.obj (.text:ti_sysbios_BIOS_getCpuFreq__E)
                  0000e150    00000010                  : BIOS.obj (.text:ti_sysbios_BIOS_setThreadType__E)
                  0000e160    00000010                  : BIOS.obj (.text:ti_sysbios_BIOS_start__E)
                  0000e170    00000010                  : BIOS.obj (.text:ti_sysbios_family_arm_m3_Hwi_post__E)
                  0000e180    00000010                  : m3_TaskSupport_asm.obj (.text:ti_sysbios_family_arm_m3_TaskSupport_glue)
                  0000e190    00000010                  : m3_TaskSupport_asm.obj (.text:ti_sysbios_family_arm_m3_TaskSupport_swap__E)
                  0000e1a0    00000010                  : BIOS.obj (.text:ti_sysbios_gates_GateMutex_Instance_finalize__E)
                  0000e1b0    00000010     rfWsnNode_pem3.oem3 (.text:ti_sysbios_knl_Mailbox_Object__get__S)
                  0000e1c0    00000010     sysbios.aem3 : BIOS.obj (.text:ti_sysbios_knl_Semaphore_Instance_finalize__E)
                  0000e1d0    00000010                  : BIOS.obj (.text:ti_sysbios_knl_Swi_disable__E)
                  0000e1e0    00000010                  : BIOS.obj (.text:ti_sysbios_knl_Swi_enabled__E)
                  0000e1f0    00000010     rfWsnNode_pem3.oem3 (.text:ti_sysbios_knl_Task_Object__get__S)
                  0000e200    00000010     sysbios.aem3 : BIOS.obj (.text:ti_sysbios_knl_Task_disable__E)
                  0000e210    00000010     drivers_cc13x0.aem3 : UARTCC26XX.oem3 (.text:uartPostNotify)
                  0000e220    00000010     sysbios.aem3 : BIOS.obj (.text:xdc_runtime_Gate_leaveSystem__E)
                  0000e230    00000010                  : BIOS.obj (.text:xdc_runtime_Memory_free__E)
                  0000e240    00000010                  : BIOS.obj (.text:xdc_runtime_SysCallback_abort__E)
                  0000e250    00000010                  : BIOS.obj (.text:xdc_runtime_SysCallback_exit__E)
                  0000e260    00000010                  : BIOS.obj (.text:xdc_runtime_SysCallback_putch__E)
                  0000e270    00000010                  : BIOS.obj (.text:xdc_runtime_SysCallback_ready__E)
                  0000e280    00000010                  : BIOS.obj (.text:xdc_runtime_System_vsnprintf__E)
                  0000e290    0000000e     driverlib.lib : vims.obj (.text:NOROM_VIMSModeGet)
                  0000e29e    0000000e     rf_multiMode_cc13x0.aem3 : RFCC26XX_multiMode.oem3 (.text:RF_getSwitchingTimeInUs)
                  0000e2ac    0000000e     drivers_cc13x0.aem3 : SPICC26XXDMA.oem3 (.text:SPICC26XXDMA_init)
                  0000e2ba    0000000e     rtsv7M3_T_le_eabi.lib : copy_decompress_none.c.obj (.text:decompress:none:__TI_decompress_none)
                  0000e2c8    0000000e     scif_framework.obj (.text:osalCtrlReadyIsr)
                  0000e2d6    0000000e     scif_framework.obj (.text:osalTaskAlertIsr)
                  0000e2e4    0000000e     scif.obj (.text:scifTaskResourceUninit)
                  0000e2f2    0000000e     sysbios.aem3 : BIOS.obj (.text:ti_sysbios_heaps_HeapMem_restore__E)
                  0000e300    0000000e                  : BIOS.obj (.text:ti_sysbios_knl_Queue_empty__E)
                  0000e30e    0000000e                  : BIOS.obj (.text:ti_sysbios_knl_Queue_remove__E)
                  0000e31c    0000000c     driverlib.lib : cpu.obj (.text:NOROM_CPUcpsid)
                  0000e328    0000000c                   : cpu.obj (.text:NOROM_CPUcpsie)
                  0000e334    0000000c                   : osc.obj (.text:NOROM_OSC_HPOSCRelativeFrequencyOffsetToRFCoreFormatConvert)
                  0000e340    0000000c     drivers_cc13x0.aem3 : PINCC26XX.oem3 (.text:PIN_registerIntCb)
                  0000e34c    0000000c                         : PowerCC26XX.oem3 (.text:Power_getConstraintMask)
                  0000e358    0000000c                         : PowerCC26XX.oem3 (.text:Power_getDependencyCount)
                  0000e364    0000000c     rf_multiMode_cc13x0.aem3 : RFCC26XX_multiMode.oem3 (.text:RF_powerConstraintGet)
                  0000e370    0000000c     dpl_cc13x0.aem3 : SemaphoreP_tirtos.oem3 (.text:SemaphoreP_delete)
                  0000e37c    0000000c     SensorOpt3001.obj (.text:SensorOpt3001_init)
                  0000e388    0000000c     NodeRadioTask.obj (.text:TRNGDisable)
                  0000e394    0000000c     NodeRadioTask.obj (.text:TRNGEnable)
                  0000e3a0    0000000c     NodeRadioTask.obj (.text:TRNGStatusGet)
                  0000e3ac    0000000c     rtsv7M3_T_le_eabi.lib : _lock.c.obj (.text:_register_lock)
                  0000e3b8    0000000c                           : _lock.c.obj (.text:_register_unlock)
                  0000e3c4    0000000c                           : copy_zero_init.c.obj (.text:decompress:ZI:__TI_zero_init)
                  0000e3d0    0000000c     NodeRadioTask.obj (.text:nodeRadioTask_getNodeAddr)
                  0000e3dc    0000000c     scif_framework.obj (.text:osalUnlockCtrlTaskNbl)
                  0000e3e8    0000000c     scif_framework.obj (.text:scifGetAlertEvents)
                  0000e3f4    0000000c     scif_framework.obj (.text:scifOsalLeaveCriticalSection)
                  0000e400    0000000c     drivers_cc13x0.aem3 : SPICC26XXDMA.oem3 (.text:spiPostNotify)
                  0000e40c    0000000c     sysbios.aem3 : BIOS.obj (.text:ti_sysbios_BIOS_getThreadType__E)
                  0000e418    0000000c     rfWsnNode_pem3.oem3 (.text:ti_sysbios_family_arm_m3_Hwi_Params__init__S)
                  0000e424    0000000c     sysbios.aem3 : BIOS.obj (.text:ti_sysbios_family_arm_m3_Hwi_disableFxn__E)
                  0000e430    0000000c                  : BIOS.obj (.text:ti_sysbios_family_arm_m3_TaskSupport_getStackAlignment__E)
                  0000e43c    0000000c                  : BIOS.obj (.text:ti_sysbios_gates_GateHwi_enter__E)
                  0000e448    0000000c     rfWsnNode_pem3.oem3 (.text:ti_sysbios_knl_Clock_Params__init__S)
                  0000e454    0000000c     NodeTask.obj (.text:ti_sysbios_knl_Clock_handle)
                  0000e460    0000000c     rfWsnNode_pem3.oem3 (.text:ti_sysbios_knl_Event_Params__init__S)
                  0000e46c    0000000c     NodeRadioTask.obj (.text:ti_sysbios_knl_Event_handle)
                  0000e478    0000000c     NodeTask.obj (.text:ti_sysbios_knl_Event_handle)
                  0000e484    0000000c     rfWsnNode_pem3.oem3 (.text:ti_sysbios_knl_Queue_Object__get__S)
                  0000e490    0000000c     sysbios.aem3 : BIOS.obj (.text:ti_sysbios_knl_Queue_dequeue__E)
                  0000e49c    0000000c                  : BIOS.obj (.text:ti_sysbios_knl_Queue_enqueue__E)
                  0000e4a8    0000000c     rfWsnNode_pem3.oem3 (.text:ti_sysbios_knl_Semaphore_Params__init__S)
                  0000e4b4    0000000c     NodeRadioTask.obj (.text:ti_sysbios_knl_Semaphore_handle)
                  0000e4c0    0000000c     SensorI2C.obj (.text:ti_sysbios_knl_Semaphore_handle)
                  0000e4cc    0000000c     scif_framework.obj (.text:ti_sysbios_knl_Semaphore_handle)
                  0000e4d8    0000000c     rfWsnNode_pem3.oem3 (.text:ti_sysbios_knl_Swi_Params__init__S)
                  0000e4e4    0000000c     sysbios.aem3 : BIOS.obj (.text:ti_sysbios_knl_Swi_getTrigger__E)
                  0000e4f0    0000000c     rfWsnNode_pem3.oem3 (.text:ti_sysbios_knl_Task_Params__init__S)
                  0000e4fc    0000000c     sysbios.aem3 : BIOS.obj (.text:ti_sysbios_knl_Task_self__E)
                  0000e508    0000000c                  : BIOS.obj (.text:ti_sysbios_rts_ti_ReentSupport_taskRegHook__I)
                  0000e514    0000000c                  : BIOS.obj (.text:xdc_runtime_Gate_enterSystem__E)
                  0000e520    0000000c                  : BIOS.obj (.text:xdc_runtime_Memory_calloc__E)
                  0000e52c    0000000c                  : BIOS.obj (.text:xdc_runtime_Memory_getMaxDefaultTypeAlign__E)
                  0000e538    0000000c                  : BIOS.obj (.text:xdc_runtime_Startup_rtsDone__E)
                  0000e544    0000000a     dpl_cc13x0.aem3 : ClockP_tirtos.oem3 (.text:ClockP_Params_init)
                  0000e54e    0000000a     drivers_cc13x0.aem3 : I2CCC26XX.oem3 (.text:I2CCC26XX_init)
                  0000e558    0000000a                         : I2C.oem3 (.text:I2C_close)
                  0000e562    0000000a                         : I2C.oem3 (.text:I2C_transfer)
                  0000e56c    0000000a                         : SPI.oem3 (.text:SPI_close)
                  0000e576    0000000a                         : SPI.oem3 (.text:SPI_transfer)
                  0000e580    0000000a     SceAdc.obj (.text:SceAdc_start)
                  0000e58a    0000000a     SensorTmp007.obj (.text:SensorTmp007_init)
                  0000e594    0000000a     drivers_cc13x0.aem3 : UART.oem3 (.text:UART_close)
                  0000e59e    0000000a                         : UART.oem3 (.text:UART_control)
                  0000e5a8    0000000a                         : UART.oem3 (.text:UART_write)
                  0000e5b2    0000000a                         : UDMACC26XX.oem3 (.text:UDMACC26XX_hwiIntFxn)
                  0000e5bc    0000000a     scif_framework.obj (.text:osalClearCtrlReadyInt)
                  0000e5c6    0000000a     scif_framework.obj (.text:osalClearTaskAlertInt)
                  0000e5d0    0000000a     scif_framework.obj (.text:osalDisableCtrlReadyInt)
                  0000e5da    0000000a     scif_framework.obj (.text:osalEnableCtrlReadyInt)
                  0000e5e4    0000000a     scif_framework.obj (.text:scifOsalDisableTaskAlertInt)
                  0000e5ee    0000000a     scif_framework.obj (.text:scifOsalEnableTaskAlertInt)
                  0000e5f8    0000000a     rfWsnNode_pem3.oem3 (.text:xdc_runtime_IHeap_alloc)
                  0000e602    0000000a     rfWsnNode_pem3.oem3 (.text:xdc_runtime_IHeap_free)
                  0000e60c    00000008     CC1350STK.obj (.text:Board_init)
                  0000e614    00000008     CC1350STK_fxns.obj (.text:Board_initHook)
                  0000e61c    00000008     drivers_cc13x0.aem3 : I2CCC26XX.oem3 (.text:I2CCC26XX_blockingCallback)
                  0000e624    00000008                         : SPICC26XXDMA.oem3 (.text:SPICC26XXDMA_transferCallback)
                  0000e62c    00000008                         : UARTCC26XX.oem3 (.text:UARTCC26XX_init)
                  0000e634    00000008                         : UARTCC26XX.oem3 (.text:readSemCallback)
                  0000e63c    00000008     smartrf_settings.obj (.text:rf_patch_cpe_genfsk)
                  0000e644    00000008     smartrf_settings_predefined.obj (.text:rf_patch_cpe_genfsk)
                  0000e64c    00000008     smartrf_settings_predefined.obj (.text:rf_patch_cpe_lrm)
                  0000e654    00000008     smartrf_settings_predefined.obj (.text:rf_patch_cpe_sl_longrange)
                  0000e65c    00000008     scif_framework.obj (.text:scifOsalEnterCriticalSection)
                  0000e664    00000008     sysbios.aem3 : BIOS.obj (.text:ti_sysbios_family_arm_m3_Hwi_doSwiRestore__I)
                  0000e66c    00000008                  : BIOS.obj (.text:ti_sysbios_family_arm_m3_Hwi_startup__E)
                  0000e674    00000008                  : BIOS.obj (.text:ti_sysbios_knl_Idle_loop__E)
                  0000e67c    00000008     drivers_cc13x0.aem3 : UARTCC26XX.oem3 (.text:writeSemCallback)
                  0000e684    00000006     display.aem3 : DisplayUart.oem3 (.text:DisplayUartMin_control)
                  0000e68a    00000006                  : DisplayUart.oem3 (.text:DisplayUartMin_getType)
                  0000e690    00000006                  : Display.oem3 (.text:Display_doParamsInit)
                  0000e696    00000006     drivers_cc13x0.aem3 : I2CCC26XX.oem3 (.text:I2CCC26XX_control)
                  0000e69c    00000006     driverlib.lib : cpu.obj (.text:NOROM_CPUdelay)
                  0000e6a2    00000006     rf_multiMode_cc13x0.aem3 : RFCC26XX_multiMode.oem3 (.text:RF_clkReqAccess)
                  0000e6a8    00000006     drivers_cc13x0.aem3 : UARTCC26XX.oem3 (.text:UARTCC26XX_readPolling)
                  0000e6ae    00000006                         : UARTCC26XX.oem3 (.text:UARTCC26XX_writePolling)
                  0000e6b4    00000006     sysbios.aem3 : BIOS.obj (.text:ti_sysbios_family_arm_m3_Hwi_doTaskRestore__I)
                  0000e6ba    00000006                  : BIOS.obj (.text:ti_sysbios_family_arm_m3_Hwi_restoreFxn__E)
                  0000e6c0    00000006                  : BIOS.obj (.text:ti_sysbios_family_arm_m3_Hwi_setFunc__E)
                  0000e6c6    00000006                  : BIOS.obj (.text:ti_sysbios_gates_GateHwi_leave__E)
                  0000e6cc    00000006                  : BIOS.obj (.text:ti_sysbios_heaps_HeapMem_isBlocking__E)
                  0000e6d2    00000006                  : BIOS.obj (.text:ti_sysbios_knl_Queue_Instance_init__E)
                  0000e6d8    00000006                  : BIOS.obj (.text:ti_sysbios_knl_Queue_elemClear__E)
                  0000e6de    00000006                  : BIOS.obj (.text:ti_sysbios_knl_Swi_startup__E)
                  0000e6e4    00000006                  : BIOS.obj (.text:xdc_runtime_System_Module_startup__E)
                  0000e6ea    00000004     dpl_cc13x0.aem3 : PowerCC26XX_tirtos.oem3 (.text:CPUwfi)
                  0000e6ee    00000004                     : ClockP_tirtos.oem3 (.text:ClockP_destruct)
                  0000e6f2    00000004                     : ClockP_tirtos.oem3 (.text:ClockP_getCpuFreq)
                  0000e6f6    00000004                     : ClockP_tirtos.oem3 (.text:ClockP_getTimeout)
                  0000e6fa    00000004                     : ClockP_tirtos.oem3 (.text:ClockP_setTimeout)
                  0000e6fe    00000004                     : ClockP_tirtos.oem3 (.text:ClockP_start)
                  0000e702    00000004                     : ClockP_tirtos.oem3 (.text:ClockP_stop)
                  0000e706    00000004                     : HwiP_tirtos.oem3 (.text:HwiP_destruct)
                  0000e70a    00000004                     : HwiP_tirtos.oem3 (.text:HwiP_disable)
                  0000e70e    00000004                     : HwiP_tirtos.oem3 (.text:HwiP_disableInterrupt)
                  0000e712    00000004                     : HwiP_tirtos.oem3 (.text:HwiP_enableInterrupt)
                  0000e716    00000004                     : HwiP_tirtos.oem3 (.text:HwiP_post)
                  0000e71a    00000004                     : HwiP_tirtos.oem3 (.text:HwiP_setFunc)
                  0000e71e    00000004                     : HwiP_tirtos.oem3 (.text:HwiP_setPriority)
                  0000e722    00000004     driverlib.lib : rfc.obj (.text:NOROM_RFCOverrideUpdate)
                  0000e726    00000004     drivers_cc13x0.aem3 : PowerCC26XX.oem3 (.text:PowerCC26XX_switchXOSC_HF)
                  0000e72a    00000004     dpl_cc13x0.aem3 : SemaphoreP_tirtos.oem3 (.text:SemaphoreP_destruct)
                  0000e72e    00000004                     : SemaphoreP_tirtos.oem3 (.text:SemaphoreP_post)
                  0000e732    00000004                     : SwiP_tirtos.oem3 (.text:SwiP_destruct)
                  0000e736    00000004                     : SwiP_tirtos.oem3 (.text:SwiP_disable)
                  0000e73a    00000004                     : SwiP_tirtos.oem3 (.text:SwiP_getTrigger)
                  0000e73e    00000004                     : SwiP_tirtos.oem3 (.text:SwiP_or)
                  0000e742    00000004                     : SwiP_tirtos.oem3 (.text:SwiP_post)
                  0000e746    00000004                     : SwiP_tirtos.oem3 (.text:SwiP_setPriority)
                  0000e74a    00000004                     : SystemP_tirtos.oem3 (.text:SystemP_vsnprintf)
                  0000e74e    00000004     sysbios.aem3 : BIOS.obj (.text:__aeabi_errno_addr)
                  0000e752    00000004     drivers_cc13x0.aem3 : PowerCC26XX.oem3 (.text:nopResourceHandler)
                  0000e756    00000004     rfWsnNode_pem3.oem3 (.text:ti_sysbios_BIOS_RtsGateProxy_enter__E)
                  0000e75a    00000004     rfWsnNode_pem3.oem3 (.text:ti_sysbios_BIOS_RtsGateProxy_leave__E)
                  0000e75e    00000004     sysbios.aem3 : BIOS.obj (.text:ti_sysbios_family_arm_cc26xx_Timer_getCount64__E)
                  0000e762    00000004                  : BIOS.obj (.text:ti_sysbios_family_arm_cc26xx_Timer_setPeriod__E)
                  0000e766    00000004     rfWsnNode_pem3.oem3 (.text:ti_sysbios_family_arm_m3_TaskSupport_Module__startupDone__S)
                  0000e76a    00000004     sysbios.aem3 : BIOS.obj (.text:ti_sysbios_gates_GateHwi_query__E)
                  0000e76e    00000004                  : BIOS.obj (.text:ti_sysbios_gates_GateMutex_query__E)
                  0000e772    00000004     rfWsnNode_pem3.oem3 (.text:ti_sysbios_heaps_HeapMem_Module_GateProxy_enter__E)
                  0000e776    00000004     rfWsnNode_pem3.oem3 (.text:ti_sysbios_heaps_HeapMem_Module_GateProxy_leave__E)
                  0000e77a    00000004     rfWsnNode_pem3.oem3 (.text:ti_sysbios_knl_Clock_TimerProxy_getCurrentTick__E)
                  0000e77e    00000004     rfWsnNode_pem3.oem3 (.text:ti_sysbios_knl_Clock_TimerProxy_getMaxTicks__E)
                  0000e782    00000004     rfWsnNode_pem3.oem3 (.text:ti_sysbios_knl_Clock_TimerProxy_setNextTick__E)
                  0000e786    00000004     sysbios.aem3 : BIOS.obj (.text:ti_sysbios_knl_Clock_isActive__E)
                  0000e78a    00000004                  : BIOS.obj (.text:ti_sysbios_knl_Clock_removeI__E)
                  0000e78e    00000004                  : BIOS.obj (.text:ti_sysbios_knl_Clock_setTimeout__E)
                  0000e792    00000004                  : BIOS.obj (.text:ti_sysbios_knl_Queue_head__E)
                  0000e796    00000004                  : BIOS.obj (.text:ti_sysbios_knl_Queue_next__E)
                  0000e79a    00000004     rfWsnNode_pem3.oem3 (.text:ti_sysbios_knl_Semaphore_delete)
[...]
0000e763  ti_sysbios_family_arm_cc26xx_Timer_setPeriod__E                 
0000e767  ti_sysbios_family_arm_m3_TaskSupport_Module__startupDone__S     
0000e767  ti_sysbios_knl_Task_SupportProxy_Module__startupDone__S         
0000e76b  ti_sysbios_gates_GateHwi_query__E                               
0000e76b  xdc_runtime_Main_Module_GateProxy_query__E                      
0000e76b  xdc_runtime_System_Module_GateProxy_query__E                    
0000e76f  ti_sysbios_BIOS_RtsGateProxy_query__E                           
0000e76f  ti_sysbios_gates_GateMutex_query__E                             
0000e76f  ti_sysbios_heaps_HeapMem_Module_GateProxy_query__E              
0000e773  ti_sysbios_heaps_HeapMem_Module_GateProxy_enter__E              
0000e777  ti_sysbios_heaps_HeapMem_Module_GateProxy_leave__E              
0000e77b  ti_sysbios_knl_Clock_TimerProxy_getCurrentTick__E               
0000e77f  ti_sysbios_knl_Clock_TimerProxy_getMaxTicks__E                  
0000e783  ti_sysbios_knl_Clock_TimerProxy_setNextTick__E                  
0000e787  ti_sysbios_knl_Clock_isActive__E                                
0000e78b  ti_sysbios_knl_Clock_removeI__E                                 
0000e78f  ti_sysbios_knl_Clock_setTimeout__E                              
0000e793  ti_sysbios_knl_Queue_head__E                                    
0000e797  ti_sysbios_knl_Queue_next__E                                    
0000e79b  ti_sysbios_knl_Semaphore_delete                                 
0000e79f  ti_sysbios_knl_Swi_postInit__I                                  
0000e7a3  ti_sysbios_knl_Task_delete                                      
0000e7a7  ti_sysbios_knl_Task_startup__E                                  
0000e7ab  xdc_runtime_SysCallback_defaultReady                            
0000e7af  xdc_runtime_System_Module_GateProxy_enter__E                    
0000e7b3  xdc_runtime_System_Module_GateProxy_leave__E                    
0000e7b7  xdc_runtime_System_abortSpin__E                                 
0000e7b9  xdc_runtime_System_exitSpin__E                                  
0001285c  BoardGpioInitTable                                              
000128c0  resourceDB                                                      
00012998  spiCC26XXDMAHWAttrs                                             
000129d8  ti_sysbios_knl_Task_Object__PARAMS__C                           
00012a4c  scifDriverSetup                                                 
00012a7c  ti_sysbios_family_arm_m3_Hwi_Object__PARAMS__C                  
00012aac  UARTCC26XX_fxnTable                                             
00012ad4  ti_sysbios_heaps_HeapMem_Module__FXNS__C                        
00012afc  ti_sysbios_knl_Swi_Object__PARAMS__C                            
00012b24  uartCC26XXHWAttrs                                               
00012b4c  UART_defaultParams                                              
00012b70  ti_sysbios_gates_GateHwi_Module__FXNS__C                        
00012b94  ti_sysbios_gates_GateMutex_Module__FXNS__C                      
00012bb8  ti_sysbios_heaps_HeapMem_Object__PARAMS__C                      
00012bdc  ti_sysbios_knl_Clock_Object__PARAMS__C                          
00012c00  ti_sysbios_knl_Semaphore_Object__PARAMS__C                      
00012c24  DisplayUartMin_fxnTable                                         
00012c44  SPI_defaultParams                                               
00012c64  ti_sysbios_family_arm_m3_Hwi_Object__DESC__C                    
00012c84  ti_sysbios_gates_GateHwi_Object__DESC__C                        
00012ca4  ti_sysbios_gates_GateMutex_Object__DESC__C                      
00012cc4  ti_sysbios_heaps_HeapMem_Object__DESC__C                        
00012ce4  ti_sysbios_knl_Clock_Object__DESC__C                            
00012d04  ti_sysbios_knl_Event_Object__DESC__C                            
00012d24  ti_sysbios_knl_Queue_Object__DESC__C                            
00012d44  ti_sysbios_knl_Semaphore_Object__DESC__C                        
00012d64  ti_sysbios_knl_Swi_Object__DESC__C                              
00012d84  ti_sysbios_knl_Task_Object__DESC__C                             
00012da4  xdc_runtime_Startup_sfxnTab__A                                  
00012de0  I2CCC26XX_fxnTable                                              
00012df8  PowerCC26XX_config                                              
00012e10  SPICC26XXDMA_fxnTable                                           
00012e28  SPI_config                                                      
00012e40  i2cCC26xxHWAttrs                                                
00012e70  ti_sysbios_gates_GateHwi_Object__PARAMS__C                      
00012e88  ti_sysbios_gates_GateMutex_Object__PARAMS__C                    
00012ea0  ti_sysbios_knl_Event_Object__PARAMS__C                          
00012eb8  ti_sysbios_knl_Queue_Object__PARAMS__C                          
00012ed0  ti_sysbios_knl_Task_hooks__A                                    
00012efc  displayUartHWAttrs                                              
00012f30  I2C_defaultParams                                               
00012f50  xdc_runtime_Startup_sfxnRts__A                                  
00012f60  AESCCM_count                                                    
00012f61  AESGCM_count                                                    
00012f62  AESCBC_count                                                    
00012f63  AESCTR_count                                                    
00012f64  AESECB_count                                                    
00012f65  AESCTRDRBG_count                                                
00012f66  TRNG_count                                                      
00012f67  Display_count                                                   
00012f68  I2C_count                                                       
00012f69  I2S_count                                                       
00012f6a  NVS_count                                                       
00012f6b  PWM_count                                                       
00012f6c  SPI_count                                                       
00012f6d  UART_count                                                      
00012f6e  Watchdog_count                                                  
00012f70  Display_config                                                  
00012f7c  I2C_config                                                      
00012f88  RFCC26XX_hwAttrs                                                
00012f94  UART_config                                                     
00012fa0  xdc_runtime_Startup_firstFxns__A                                
00012fb4  PINCC26XX_hwAttrs                                               
00012fbc  UDMACC26XX_config                                               
00012fcc  ti_sysbios_knl_Idle_funcList__A                                 
00012fd4  ti_sysbios_knl_Idle_funcList__C                                 
00012fdc  ti_sysbios_knl_Task_hooks__C                                    
00012fe4  udmaHWAttrs                                                     
00012fec  xdc_runtime_Startup_firstFxns__C                                
00012ff4  xdc_runtime_Startup_lastFxns__C                                 
00013000  ti_sysbios_family_arm_cc26xx_Timer_funcHookCH1__C               
00013004  ti_sysbios_family_arm_cc26xx_Timer_funcHookCH2__C               
00013008  ti_sysbios_family_arm_cc26xx_Timer_startupNeeded__C             
0001300c  ti_sysbios_family_arm_m3_Hwi_E_alreadyDefined__C                
00013010  ti_sysbios_family_arm_m3_Hwi_NUM_INTERRUPTS__C                  
00013014  ti_sysbios_family_arm_m3_Hwi_Object__count__C                   
00013018  ti_sysbios_family_arm_m3_Hwi_ccr__C                             
0001301c  ti_sysbios_family_arm_m3_Hwi_excHandlerFunc__C                  
00013020  ti_sysbios_family_arm_m3_Hwi_nullIsrFunc__C                     
00013024  ti_sysbios_family_arm_m3_Hwi_priGroup__C                        
00013028  ti_sysbios_family_arm_m3_TaskSupport_stackAlignment__C          
0001302c  ti_sysbios_gates_GateMutex_Instance_State_sem__O                
00013030  ti_sysbios_heaps_HeapMem_E_memory__C                            
00013034  ti_sysbios_heaps_HeapMem_Module__gateObj__C                     
00013038  ti_sysbios_heaps_HeapMem_Object__count__C                       
0001303c  ti_sysbios_heaps_HeapMem_primaryHeapBaseAddr__C                 
00013040  ti_sysbios_heaps_HeapMem_primaryHeapEndAddr__C                  
00013044  ti_sysbios_heaps_HeapMem_reqAlign__C                            
00013048  ti_sysbios_knl_Clock_Module_State_clockQ__O                     
0001304c  ti_sysbios_knl_Clock_tickPeriod__C                              
00013050  ti_sysbios_knl_Clock_triggerClock__C                            
00013054  ti_sysbios_knl_Event_Instance_State_pendQ__O                    
00013058  ti_sysbios_knl_Mailbox_Instance_State_freeQue__O                
0001305c  ti_sysbios_knl_Mailbox_Object__count__C                         
00013060  ti_sysbios_knl_Mailbox_maxTypeAlign__C                          
00013064  ti_sysbios_knl_Semaphore_Instance_State_pendQ__O                
00013068  ti_sysbios_knl_Swi_Object__count__C                             
0001306c  ti_sysbios_knl_Task_Module_State_inactiveQ__O                   
00013070  ti_sysbios_knl_Task_Object__count__C                            
00013074  ti_sysbios_knl_Task_Object__heap__C                             
00013078  ti_sysbios_knl_Task_allBlockedFunc__C                           
0001307c  ti_sysbios_knl_Task_defaultStackHeap__C                         
00013080  ti_sysbios_knl_Task_defaultStackSize__C                         
00013084  ti_sysbios_knl_Task_numConstructedTasks__C                      
00013088  xdc_runtime_Error_E_memory__C                                   
0001308c  xdc_runtime_Error_policyFxn__C                                  
00013090  xdc_runtime_IGateProvider_Interface__BASE__C                    
00013094  xdc_runtime_IHeap_Interface__BASE__C                            
00013098  xdc_runtime_IModule_Interface__BASE__C                          
0001309c  xdc_runtime_Memory_defaultHeapInstance__C                       
000130a0  xdc_runtime_Startup_execImpl__C                                 
000130a4  xdc_runtime_Startup_maxPasses__C                                
000130a8  xdc_runtime_Startup_sfxnRts__C                                  
000130ac  xdc_runtime_Startup_sfxnTab__C                                  
000130b0  xdc_runtime_SysCallback_abortFxn__C                             
000130b4  xdc_runtime_SysCallback_exitFxn__C                              
000130b8  xdc_runtime_SysCallback_putchFxn__C                             
000130bc  xdc_runtime_SysCallback_readyFxn__C                             
000130c0  xdc_runtime_System_Module__gateObj__C                           
000130c4  xdc_runtime_System_abortFxn__C                                  
000130c8  xdc_runtime_System_exitFxn__C                                   
000130cc  xdc_runtime_System_extendFxn__C                                 
000130d0  xdc_runtime_System_maxAtexitHandlers__C                         
000130d4  xdc_runtime_Text_charTab__C                                     
000130d8  xdc_runtime_Text_nameEmpty__C                                   
000130dc  xdc_runtime_Text_nameStatic__C                                  
000130e0  xdc_runtime_Text_nameUnknown__C                                 
000130e6  ti_sysbios_family_arm_m3_Hwi_Module__id__C                      
000130e8  ti_sysbios_heaps_HeapMem_Module__id__C                          
000130ea  xdc_runtime_Memory_Module__id__C                                
000130ec  xdc_runtime_Text_charCnt__C                                     
000130ee  xdc_runtime_Text_isLoaded__C                                    
000130f0  Display_defaultParams                                           
000130f1  EasyLink_numSupportedPhys                                       
000130f2  xdc_runtime_Error_policy__C                                     
000130f3  xdc_runtime_Text_charTab__A                                     
000130f8  __TI_static_base__                                              
00013470  __TI_Handler_Table_Base                                         
0001347c  __TI_Handler_Table_Limit                                        
000134a8  __TI_CINIT_Base                                                 
000134d8  __TI_CINIT_Limit                                                
20000000  ti_sysbios_family_arm_m3_Hwi_ramVectors                         
200010f8  ti_sysbios_knl_Task_Instance_State_0_stack__A                   
200012f8  spiCC26XXDMAObjects                                             
200014c0  uartCC26XXObjects                                               
200015ec  i2cCC26xxObjects                                                
200016cc  ti_sysbios_family_arm_m3_Hwi_dispatchTable                      
20001bb0  nodeRadioTask                                                   
20001c00  nodeTask                                                        
20001d50  fastReportTimeoutClock                                          
20001dd4  uartCC26XXRingBuffer                                            
20001df4  udmaObjects                                                     
20001ebc  radioAccessSem                                                  
20001ed8  radioResultSem                                                  
20001f94  nodeEvent                                                       
20001fa8  radioOperationEvent                                             
20002044  displayUartObject                                               
20002050  PowerCC26XX_taskKey                                             
20002054  PowerCC26XX_swiKey                                              
20002077  driverlib_release_0_3_05_20_00001                               
20002078  ClockP_tickPeriod                                               
2000207c  ti_sysbios_knl_Task_Instance_State_0_hookEnv__A                 
20002080  __primary_heap_start__                                          
20003080  __primary_heap_end__                                            
20003080  pinUpperBound                                                   
20003084  pinLowerBound                                                   
20003118  pinHandleTable                                                  
20003194  PowerCC26XX_module                                              
200032a8  EasyLink_supportedPhys                                          
200033c0  pOverrides_sl_lr                                                
2000342c  pOverrides_lrm                                                  
2000348c  pOverrides                                                      
200034e8  pOverrides_fsk                                                  
20003544  ti_sysbios_gates_GateMutex_Object__table__V                     
20003598  RF_PROP_txPowerTable                                            
200035e8  ti_sysbios_knl_Task_Object__table__V                            
20003638  ti_sysbios_family_arm_cc26xx_Timer_Object__table__V             
20003680  ti_sysbios_knl_Task_Module__state__V                            
20003704  ti_sysbios_family_arm_m3_Hwi_Module__state__V                   
20003738  RF_cmdPropRxAdv_preDef                                          
20003768  ti_sysbios_knl_Swi_Module_State_0_readyQ__A                     
20003798  ti_sysbios_knl_Swi_Object__table__V                             
200037c8  ti_sysbios_knl_Task_Module_State_0_readyQ__A                    
200037f8  ti_sysbios_knl_Clock_Module__state__V                           
20003824  RF_cmdPropRadioDivSetup                                         
2000384c  RF_cmdPropRadioDivSetup_fsk                                     
20003874  RF_cmdPropRadioDivSetup_lrm                                     
2000389c  RF_cmdPropRadioDivSetup_sl_lr                                   
200038ec  ti_sysbios_BIOS_Module__state__V                                
20003910  ti_sysbios_knl_Clock_Object__table__V                           
20003930  xdc_runtime_Error_IgnoreBlock                                   
20003950  ti_sysbios_knl_Swi_Module__state__V                             
20003988  RF_cmdFs                                                        
200039a0  RF_cmdFs_preDef                                                 
200039b8  RF_cmdPropTx                                                    
200039e8  ti_sysbios_family_arm_m3_Hwi_Object__table__V                   
20003a00  ti_sysbios_heaps_HeapMem_Object__table__V                       
20003a30  RF_prop                                                         
20003a40  RF_prop_fsk                                                     
20003a50  RF_prop_lrm                                                     
20003a60  RF_prop_sl_lr                                                   
20003a88  buttonPinTable                                                  
20003aaa  ti_sysbios_family_arm_m3_Hwi_Module_State_0_excActive__A        
20003aac  _lock                                                           
20003ab0  _unlock                                                         
20003abc  pinTable                                                        
20003ac4  ti_sysbios_family_arm_cc26xx_Timer_Module__state__V             
20003acc  ti_sysbios_family_arm_m3_Hwi_Module__root__V                    
20003ad4  ti_sysbios_gates_GateHwi_Module__root__V                        
20003adc  ti_sysbios_gates_GateMutex_Module__root__V                      
20003ae4  ti_sysbios_heaps_HeapMem_Module__root__V                        
20003aec  ti_sysbios_knl_Clock_Module__root__V                            
20003af4  ti_sysbios_knl_Event_Module__root__V                            
20003afc  ti_sysbios_knl_Queue_Module__root__V                            
20003b04  ti_sysbios_knl_Semaphore_Module__root__V                        
20003b0c  ti_sysbios_knl_Swi_Module__root__V                              
20003b14  ti_sysbios_knl_Task_Module__root__V                             
20003b1c  xdc_runtime_Startup_Module__state__V                            
20003b24  xdc_runtime_System_Module_State_0_atexitHandlers__A             
20003b2c  xdc_runtime_System_Module__state__V                             
20003b34  main_func_sp                                                    
20003b38  ti_sysbios_family_arm_m3_Hwi_Module_State_0_excContext__A       
20003b3c  ti_sysbios_family_arm_m3_Hwi_Module_State_0_excStack__A         
20003b40  ti_sysbios_gates_GateHwi_Object__table__V                       
20003b44  ti_sysbios_knl_Task_Module_State_0_idleTask__A                  
20003b48  ti_sysbios_rts_ti_ReentSupport_Module__state__V                 
20003b4c  xdc_runtime_Memory_Module__state__V                             
20004c00  __stack                                                         
20005000  __STACK_END                                                     
e000e000  ti_sysbios_family_arm_m3_Hwi_nvic                               
ffffffff  __TI_pprof_out_hndl                                             
ffffffff  __TI_prof_data_size                                             
ffffffff  __TI_prof_data_start                                            
ffffffff  __binit__                                                       
ffffffff  __c_args__                                                      
ffffffff  binit                                                           
UNDEFED   SHT$$INIT_ARRAY$$Base                                           
UNDEFED   SHT$$INIT_ARRAY$$Limit                                          

[870 symbols]
