******************************************************************************
                  TI ARM Linker PC v18.12.5                    
******************************************************************************
>> Linked Sun Mar 15 20:08:48 2026

OUTPUT FILE NAME:   <SensorTag.out>
ENTRY POINT SYMBOL: "ResetISR"  address: 0000c065


MEMORY CONFIGURATION

         name            origin    length      used     unused   attr    fill
----------------------  --------  ---------  --------  --------  ----  --------
  FLASH                 00001010   0001eff0  0001315c  0000be94  R  X
  SRAM                  20000000   00005000  00003b6e  00001492  RW X


SEGMENT ALLOCATION MAP

run origin  load origin   length   init length attrs members
----------  ----------- ---------- ----------- ----- -------
00001010    00001010    00013160   00013160    r-x
  00001010    00001010    0000003c   0000003c    r-- .resetVecs
  0000104c    0000104c    0000e3fc   0000e3fc    r-x .text
  0000f448    0000f448    00004934   00004934    r-- .const
  00013d80    00013d80    000003f0   000003f0    r-- .cinit
20000430    20000430    00000010   00000000    rw-
  20000430    20000430    00000010   00000000    rw- .TI.bound:dmaSpi0RxControlTableEntry
20000440    20000440    00000010   00000000    rw-
  20000440    20000440    00000010   00000000    rw- .TI.bound:dmaSpi0TxControlTableEntry
20000500    20000500    00000010   00000000    rw-
  20000500    20000500    00000010   00000000    rw- .TI.bound:dmaSpi1RxControlTableEntry
20000510    20000510    00001b8c   00000000    rw-
  20000510    20000510    00000010   00000000    rw- .TI.bound:dmaSpi1TxControlTableEntry
  20000520    20000520    00001b7c   00000000    rw- .bss
200020a0    200020a0    00001000   00000000    r--
  200020a0    200020a0    00001000   00000000    r-- .priheap
200030a0    200030a0    00000aea   00000000    rw-
  200030a0    200030a0    00000aea   00000000    rw- .data
20004c00    20004c00    00000400   00000000    rw-
  20004c00    20004c00    00000400   00000000    rw- .stack


SECTION ALLOCATION MAP

 output                                  attributes/
section   page    origin      length       input sections
--------  ----  ----------  ----------   ----------------
.text      0    0000104c    0000e3fc     
                  0000104c    00000690     EasyLink.obj (.text:EasyLink_init)
                  000016dc    0000048c     rf_multiMode_cc13x0.aem3 : RFCC26XX_multiMode.oem3 (.text:RF_fsmActiveState)
                  00001b68    0000037c     NodeTask.obj (.text:nodeTaskFunction)
                  00001ee4    00000320     sysbios.aem3 : BIOS.obj (.text:xdc_runtime_System_doPrint__I)
                  00002204    0000030c     drivers_cc13x0.aem3 : PowerCC26XX_calibrateRCOSC.oem3 (.text:PowerCC26XX_auxISR)
                  00002510    00000288     rf_multiMode_cc13x0.aem3 : RFCC26XX_multiMode.oem3 (.text:RF_scheduleCmd)
                  00002798    0000025c     NodeTask.obj (.text:updateDisplay)
                  000029f4    00000238     driverlib.lib : sys_ctrl.obj (.text:NOROM_SysCtrlSetRechargeBeforePowerDown)
                  00002c2c    00000238     drivers_cc13x0.aem3 : SPICC26XXDMA.oem3 (.text:SPICC26XXDMA_transfer)
                  00002e64    00000238     NodeRadioTask.obj (.text:nodeRadioTaskFunction)
                  0000309c    00000230     EasyLink.obj (.text:enableTestMode)
                  000032cc    00000224     drivers_cc13x0.aem3 : PowerCC26XX.oem3 (.text:Power_sleep)
                  000034f0    00000208     EasyLink.obj (.text:EasyLink_transmit)
                  000036f8    000001fc     rtsv7M3_T_le_eabi.lib : s_exp2.c.obj (.text:exp2)
                  000038f4    000001d8     rf_multiMode_cc13x0.aem3 : RFCC26XX_multiMode.oem3 (.text:RF_open)
                  00003acc    000001c4     EasyLink.obj (.text:EasyLink_receiveAsync)
                  00003c90    000001b6     rtsv7M3_T_le_eabi.lib : fd_add_t2.asm.obj (.text)
                  00003e46    00000002     display.aem3 : DisplayUart.oem3 (.text:DisplayUartMin_clear)
                  00003e48    000001b4     EasyLink.obj (.text:rxDoneCallback)
                  00003ffc    000001b0     drivers_cc13x0.aem3 : PINCC26XX.oem3 (.text:PIN_init)
                  000041ac    00000194     SensorBmp280.obj (.text:SensorBmp280_convert)
                  00004340    00000190     drivers_cc13x0.aem3 : PowerCC26XX_calibrateRCOSC.oem3 (.text:PowerCC26XX_doCalibrate)
                  000044d0    00000180     NodeRadioTask.obj (.text:sendDmPacket)
                  00004650    0000017c     rfWsnNode_pem3.oem3 (.text:xdc_runtime_System_printfExtend__I)
                  000047cc    00000170     rtsv7M3_T_le_eabi.lib : e_sqrt.c.obj (.text:sqrt)
                  0000493c    00000164     drivers_cc13x0.aem3 : UARTCC26XX.oem3 (.text:UARTCC26XX_open)
                  00004aa0    00000158                         : SPICC26XXDMA.oem3 (.text:SPICC26XXDMA_initIO)
                  00004bf8    00000154     rf_multiMode_cc13x0.aem3 : RFCC26XX_multiMode.oem3 (.text:RF_fsmSetupState)
                  00004d4c    0000014c     drivers_cc13x0.aem3 : I2CCC26XX.oem3 (.text:I2CCC26XX_open)
                  00004e98    00000148                         : UARTCC26XX.oem3 (.text:UARTCC26XX_hwiIntFxn)
                  00004fe0    00000136                         : UARTCC26XX.oem3 (.text:UARTCC26XX_read)
                  00005116    00000136     rtsv7M3_T_le_eabi.lib : fd_div_t2.asm.obj (.text)
                  0000524c    00000134     rf_multiMode_cc13x0.aem3 : RFCC26XX_multiMode.oem3 (.text:RF_abortCmd)
                  00005380    0000012c     driverlib.lib : setup_rom.obj (.text:NOROM_SetupAfterColdResetWakeupFromShutDownCfg3)
                  000054ac    00000128     smartrf_settings.obj (.text:rf_patch_rfe_genfsk)
                  000055d4    00000128     smartrf_settings_predefined.obj (.text:rf_patch_rfe_genfsk)
                  000056fc    00000128     smartrf_settings_predefined.obj (.text:rf_patch_rfe_lrm)
                  00005824    00000128     smartrf_settings_predefined.obj (.text:rf_patch_rfe_sl_longrange)
                  0000594c    00000124     rf_multiMode_cc13x0.aem3 : RFCC26XX_multiMode.oem3 (.text:RF_dispatchNextCmd)
                  00005a70    00000120     drivers_cc13x0.aem3 : I2CCC26XX.oem3 (.text:I2CCC26XX_hwiFxn)
                  00005b90    0000011c                         : SPICC26XXDMA.oem3 (.text:SPICC26XXDMA_open)
                  00005cac    00000118     rf_multiMode_cc13x0.aem3 : RFCC26XX_multiMode.oem3 (.text:RF_radioOpDoneCb)
                  00005dc4    00000114     drivers_cc13x0.aem3 : PowerCC26XX.oem3 (.text:Power_init)
                  00005ed8    00000110                         : PINCC26XX.oem3 (.text:PINCC26XX_setIoCfg)
                  00005fe8    00000110     rf_multiMode_cc13x0.aem3 : RFCC26XX_multiMode.oem3 (.text:RF_close)
                  000060f8    0000010c     drivers_cc13x0.aem3 : SPICC26XXDMA.oem3 (.text:SPICC26XXDMA_configDMA)
                  00006204    00000100     scif_framework.obj (.text:scifInit)
                  00006304    000000fc     rtsv7M3_T_le_eabi.lib : fd_mul_t2.asm.obj (.text)
                  00006400    000000fa                           : fs_add_t2.asm.obj (.text)
                  000064fa    00000002     display.aem3 : DisplayUart.oem3 (.text:DisplayUartMin_clearLines)
                  000064fc    000000f8     sysbios.aem3 : BIOS.obj (.text:xdc_runtime_Startup_startMods__I)
                  000065f4    000000f0     EasyLink.obj (.text:EasyLink_enableRxAddrFilter)
                  000066e4    000000f0     driverlib.lib : setup_rom.obj (.text:NOROM_SetupAfterColdResetWakeupFromShutDownCfg2)
                  000067d4    000000e8     EasyLink.obj (.text:EasyLink_setCtrl)
                  000068bc    000000e8     rf_multiMode_cc13x0.aem3 : RFCC26XX_multiMode.oem3 (.text:RF_fsmPowerUpState)
                  000069a4    000000e8     sysbios.aem3 : BIOS.obj (.text:ti_sysbios_knl_Event_pend__E)
                  00006a8c    000000e8                  : BIOS.obj (.text:ti_sysbios_knl_Task_postInit__I)
                  00006b74    000000e4     dpl_cc13x0.aem3 : PowerCC26XX_tirtos.oem3 (.text:PowerCC26XX_standbyPolicy)
                  00006c58    000000e4     drivers_cc13x0.aem3 : SPICC26XXDMA.oem3 (.text:SPICC26XXDMA_transferCancel)
                  00006d3c    000000e2                         : UARTCC26XX.oem3 (.text:UARTCC26XX_write)
                  00006e1e    00000002     display.aem3 : DisplayUart.oem3 (.text:DisplayUartMin_init)
                  00006e20    000000e0     scif_framework.obj (.text:scifCtrlTasksNbl)
                  00006f00    000000dc     sysbios.aem3 : BIOS.obj (.text:ti_sysbios_knl_Task_Instance_finalize__E)
                  00006fdc    000000dc                  : BIOS.obj (.text:ti_sysbios_knl_Task_Instance_init__E)
                  000070b8    000000d6     drivers_cc13x0.aem3 : I2CCC26XX.oem3 (.text:I2CCC26XX_transfer)
                  0000718e    00000002     rf_multiMode_cc13x0.aem3 : RFCC26XX_multiMode.oem3 (.text:RF_defaultCallback)
                  00007190    000000d4     driverlib.lib : rfc.obj (.text:NOROM_RFCRfTrimRead)
                  00007264    000000d4     rf_multiMode_cc13x0.aem3 : RFCC26XX_multiMode.oem3 (.text:RF_pendCmd)
                  00007338    000000cc     driverlib.lib : rfc.obj (.text:NOROM_RFCRTrim)
                  00007404    000000cc     rf_multiMode_cc13x0.aem3 : RFCC26XX_multiMode.oem3 (.text:RF_swiHw)
                  000074d0    000000cc     sysbios.aem3 : m3_Hwi_asm.obj (.text:ti_sysbios_family_arm_m3_Hwi_dispatch__I)
                  0000759c    000000cc                  : BIOS.obj (.text:ti_sysbios_knl_Semaphore_pend__E)
                  00007668    000000c8     driverlib.lib : setup.obj (.text:TrimAfterColdResetWakeupFromShutDown)
                  00007730    000000c4     rf_multiMode_cc13x0.aem3 : RFCC26XX_multiMode.oem3 (.text:RF_control)
                  000077f4    000000c4     smartrf_settings_predefined.obj (.text:rf_patch_mce_sl_longrange)
                  000078b8    000000bc     drivers_cc13x0.aem3 : PowerCC26XX.oem3 (.text:Power_releaseDependency)
                  00007974    000000b8     rf_multiMode_cc13x0.aem3 : RFCC26XX_multiMode.oem3 (.text:RF_postCmd)
                  00007a2c    000000b8     NodeTask.obj (.text:countSteps)
                  00007ae4    000000b4     drivers_cc13x0.aem3 : PowerCC26XX.oem3 (.text:Power_setDependency)
                  00007b98    000000b0     NodeRadioTask.obj (.text:NodeRadioTask_init)
                  00007c48    000000b0     rf_multiMode_cc13x0.aem3 : RFCC26XX_multiMode.oem3 (.text:RF_hwiCpe0Active)
                  00007cf8    000000b0     NodeRadioTask.obj (.text:rxDoneCallback)
                  00007da8    000000a8     driverlib.lib : setup.obj (.text:NOROM_SetupTrimDevice)
                  00007e50    000000a8     rf_multiMode_cc13x0.aem3 : RFCC26XX_multiMode.oem3 (.text:RF_ratRestartChannels)
                  00007ef8    000000a4     driverlib.lib : setup_rom.obj (.text:NOROM_SetupAfterColdResetWakeupFromShutDownCfg1)
                  00007f9c    000000a4     drivers_cc13x0.aem3 : UARTCC26XX.oem3 (.text:UARTCC26XX_initHw)
                  00008040    000000a4     SensorMpu9250.obj (.text:sensorMagInit)
                  000080e4    000000a4     drivers_cc13x0.aem3 : PowerCC26XX.oem3 (.text:switchXOSCHFclockFunc)
                  00008188    000000a0     NodeTask.obj (.text:NodeTask_init)
                  00008228    000000a0     drivers_cc13x0.aem3 : PINCC26XX.oem3 (.text:PIN_open)
                  000082c8    000000a0                         : SPICC26XXDMA.oem3 (.text:SPICC26XXDMA_hwiFxn)
                  00008368    000000a0     SensorI2C.obj (.text:SensorI2C_select)
                  00008408    000000a0     auto_init.aem3 : auto_init.oem3 (.text)
                  000084a8    0000009c     rf_multiMode_cc13x0.aem3 : RFCC26XX_multiMode.oem3 (.text:RF_calculateDispatchTime)
                  00008544    0000009c     rtsv7M3_T_le_eabi.lib : memcpy_t2.asm.obj (.text)
                  000085e0    00000098     drivers_cc13x0.aem3 : UARTCC26XX.oem3 (.text:UARTCC26XX_initIO)
                  00008678    00000098     smartrf_settings.obj (.text:configureGenfskPatch)
                  00008710    00000098     smartrf_settings_predefined.obj (.text:configureGenfskPatch)
                  000087a8    00000098     smartrf_settings_predefined.obj (.text:configureLrmPatch)
                  00008840    00000098     smartrf_settings_predefined.obj (.text:configureSlLongrangePatch)
                  000088d8    00000098     sysbios.aem3 : BIOS.obj (.text:ti_sysbios_knl_Clock_workFuncDynamic__E)
                  00008970    00000096     rtsv7M3_T_le_eabi.lib : ull_div_t2.asm.obj (.text)
                  00008a06    00000092                           : fs_div_t2.asm.obj (.text)
                  00008a98    00000090     drivers_cc13x0.aem3 : I2CCC26XX.oem3 (.text:I2CCC26XX_cancel)
                  00008b28    00000090     rf_multiMode_cc13x0.aem3 : RFCC26XX_multiMode.oem3 (.text:RF_discardPendCmd)
                  00008bb8    00000090     drivers_cc13x0.aem3 : SPICC26XXDMA.oem3 (.text:SPICC26XXDMA_control)
                  00008c48    00000090     SensorMpu9250.obj (.text:SensorMpu9250_reset)
                  00008cd8    00000090     sysbios.aem3 : BIOS.obj (.text:ti_sysbios_family_arm_cc26xx_Timer_start__E)
                  00008d68    0000008e     drivers_cc13x0.aem3 : UARTCC26XX.oem3 (.text:UARTCC26XX_writeCancel)
                  00008df6    00000002     rtsv7M3_T_le_eabi.lib : _lock.c.obj (.text:_nop)
                  00008df8    0000008c     drivers_cc13x0.aem3 : I2CCC26XX.oem3 (.text:I2CCC26XX_primeTransfer)
                  00008e84    0000008c                         : SPICC26XXDMA.oem3 (.text:SPICC26XXDMA_swiFxn)
                  00008f10    0000008c     scif_framework.obj (.text:scifInitIo)
                  00008f9c    0000008c     sysbios.aem3 : BIOS.obj (.text:ti_sysbios_family_arm_m3_Hwi_Instance_init__E)
                  00009028    00000088     SensorMpu9250.obj (.text:sensorMpu9250WakeUp)
                  000090b0    00000086     rtsv7M3_T_le_eabi.lib : fd_cmp_t2.asm.obj (.text:__aeabi_cdcmple)
                  00009136    00000086                           : fd_cmp_t2.asm.obj (.text:__aeabi_cdrcmple)
                  000091bc    00000084     CC1350STK_fxns.obj (.text:CC1350STK_sendExtFlashByte)
                  00009240    00000084     rf_multiMode_cc13x0.aem3 : RFCC26XX_multiMode.oem3 (.text:RF_issueRadioFreeCb)
                  000092c4    00000084     drivers_cc13x0.aem3 : UARTCC26XX.oem3 (.text:UARTCC26XX_close)
                  00009348    00000084     sysbios.aem3 : BIOS.obj (.text:ti_sysbios_knl_Task_Module_startup__E)
                  000093cc    00000080                  : BIOS.obj (.text:ti_sysbios_family_arm_m3_Hwi_initNVIC__E)
                  0000944c    00000080     drivers_cc13x0.aem3 : UARTCC26XX.oem3 (.text:writeTxFifoFlush)
                  000094cc    0000007e     rf_multiMode_cc13x0.aem3 : RFCC26XX_multiMode.oem3 (.text:RF_verifyGap)
                  0000954a    00000002     SceAdc.obj (.text:ctrlReadyCallback)
                  0000954c    0000007c     rf_multiMode_cc13x0.aem3 : RFCC26XX_multiMode.oem3 (.text:RF_ratFreeChannel)
                  000095c8    0000007c     SensorHdc1000.obj (.text:SensorHdc1000_read)
                  00009644    0000007a     rtsv7M3_T_le_eabi.lib : fs_mul_t2.asm.obj (.text)
                  000096be    0000007a                           : memset_t2.asm.obj (.text)
                  00009738    00000078     SensorHdc1000.obj (.text:SensorHdc1000_convert)
                  000097b0    00000078     sysbios.aem3 : BIOS.obj (.text:ti_sysbios_knl_Clock_walkQueueDynamic__E)
                  00009828    00000076                  : BIOS.obj (.text:ti_sysbios_heaps_HeapMem_allocUnprotected__E)
                  0000989e    00000002     drivers_cc13x0.aem3 : PowerCC26XX.oem3 (.text:emptyClockFunc)
                  000098a0    00000074     driverlib.lib : setup_rom.obj (.text:NOROM_SetupSetVddrLevel)
                  00009914    00000074     SensorMpu9250.obj (.text:SensorMpu9250_test)
                  00009988    00000074     NodeRadioTask.obj (.text:resendPacket)
                  000099fc    00000072     SensorOpt3001.obj (.text:SensorOpt3001_read)
                  00009a6e    00000002     smartrf_settings.obj (.text:enterGenfskSysPatch)
                  00009a70    00000070     rf_multiMode_cc13x0.aem3 : RFCC26XX_multiMode.oem3 (.text:RF_hwiHw)
                  00009ae0    00000070     SensorI2C.obj (.text:SensorI2C_open)
                  00009b50    00000070     scif_framework.obj (.text:scifGetTaskStruct)
                  00009bc0    00000070     sysbios.aem3 : BIOS.obj (.text:ti_sysbios_knl_Event_post__E)
                  00009c30    00000070                  : BIOS.obj (.text:ti_sysbios_knl_Task_sleep__E)
                  00009ca0    00000070                  : BIOS.obj (.text:xdc_runtime_Memory_alloc__E)
                  00009d10    0000006e     rtsv7M3_T_le_eabi.lib : fd_tos_t2.asm.obj (.text)
                  00009d7e    0000006e     sysbios.aem3 : BIOS.obj (.text:xdc_runtime_Core_createObject__I)
                  00009dec    0000006d                  : BIOS.obj (.text:xdc_runtime_System_formatNum__I)
                  00009e59    00000001     --HOLE-- [fill = 0]
                  00009e5a    00000002     smartrf_settings_predefined.obj (.text:enterGenfskSysPatch)
                  00009e5c    0000006c     drivers_cc13x0.aem3 : PowerCC26XX_calibrateRCOSC.oem3 (.text:PowerCC26XX_initiateCalibration)
                  00009ec8    0000006c     rf_multiMode_cc13x0.aem3 : RFCC26XX_multiMode.oem3 (.text:RF_initRadioSetup)
                  00009f34    0000006c     SensorMpu9250.obj (.text:SensorMpu9250_accSetRange)
                  00009fa0    00000068     drivers_cc13x0.aem3 : I2CCC26XX.oem3 (.text:I2CCC26XX_swiFxn)
                  0000a008    00000068     driverlib.lib : setup_rom.obj (.text:NOROM_SetupGetTrimForAmpcompCtrl)
                  0000a070    00000068                   : setup_rom.obj (.text:NOROM_SetupGetTrimForAnabypassValue1)
                  0000a0d8    00000068                   : sys_ctrl.obj (.text:NOROM_SysCtrlAdjustRechargeAfterPowerDown)
                  0000a140    00000068                   : sys_ctrl.obj (.text:NOROM_SysCtrl_DCDC_VoltageConditionalControl)
                  0000a1a8    00000068     drivers_cc13x0.aem3 : PINCC26XX.oem3 (.text:PIN_add)
                  0000a210    00000068     rtsv7M3_T_le_eabi.lib : copy_decompress_lzss.c.obj (.text:decompress:lzss:__TI_decompress_lzss)
                  0000a278    00000068     ExtFlash.obj (.text:extFlashVerifyPart)
                  0000a2e0    00000068     drivers_cc13x0.aem3 : PowerCC26XX.oem3 (.text:lfClockReadyCallback)
                  0000a348    00000068     sysbios.aem3 : BIOS.obj (.text:ti_sysbios_knl_Swi_restoreHwi__E)
                  0000a3b0    00000066                  : BIOS.obj (.text:xdc_runtime_Core_deleteObject__I)
                  0000a416    00000002     smartrf_settings_predefined.obj (.text:enterLrmSysPatch)
                  0000a418    00000064     ExtFlash.obj (.text:ExtFlash_open)
                  0000a47c    00000064     driverlib.lib : osc.obj (.text:NOROM_OSCHF_AttemptToSwitchToXosc)
                  0000a4e0    00000064     NodeRadioTask.obj (.text:NodeRadioTask_sendAdcData)
                  0000a544    00000064     rf_multiMode_cc13x0.aem3 : RFCC26XX_multiMode.oem3 (.text:RF_checkForPreemption)
                  0000a5a8    00000064                              : RFCC26XX_multiMode.oem3 (.text:RF_dispatchNextEvent)
                  0000a60c    00000064     SensorI2C.obj (.text:SensorI2C_writeReg)
                  0000a670    00000064     drivers_cc13x0.aem3 : PowerCC26XX.oem3 (.text:configureXOSCHF)
                  0000a6d4    00000060     driverlib.lib : osc.obj (.text:NOROM_OSCClockSourceSet)
                  0000a734    00000060     drivers_cc13x0.aem3 : PowerCC26XX.oem3 (.text:PowerCC26XX_calibrate)
                  0000a794    00000060     rf_multiMode_cc13x0.aem3 : RFCC26XX_multiMode.oem3 (.text:RF_getCurrentTime)
                  0000a7f4    00000060     SensorOpt3001.obj (.text:SensorOpt3001_convert)
                  0000a854    00000060     SensorTmp007.obj (.text:SensorTmp007_enable)
                  0000a8b4    00000060     drivers_cc13x0.aem3 : UARTCC26XX.oem3 (.text:UARTCC26XX_control)
                  0000a914    00000060     rtsv7M3_T_le_eabi.lib : fs_cmp_t2.asm.obj (.text:__aeabi_cfrcmple)
                  0000a974    00000060     EasyLink.obj (.text:calculateCmdTime)
                  0000a9d4    00000060     sysbios.aem3 : BIOS.obj (.text:ti_sysbios_knl_Clock_startI__E)
                  0000aa34    00000060                  : BIOS.obj (.text:ti_sysbios_knl_Semaphore_post__E)
                  0000aa94    00000060                  : BIOS.obj (.text:ti_sysbios_knl_Task_exit__E)
                  0000aaf4    0000005e     drivers_cc13x0.aem3 : UARTCC26XX.oem3 (.text:UARTCC26XX_swiIntFxn)
                  0000ab52    00000002     smartrf_settings_predefined.obj (.text:enterSlLongrangeSysPatch)
                  0000ab54    0000005c     display.aem3 : Display.oem3 (.text:Display_doOpen)
                  0000abb0    0000005c     drivers_cc13x0.aem3 : I2CCC26XX.oem3 (.text:I2CCC26XX_close)
                  0000ac0c    0000005c                         : PowerCC26XX_calibrateRCOSC.oem3 (.text:PowerCC26XX_RCOSC_clockFunc)
                  0000ac68    0000005c     rf_multiMode_cc13x0.aem3 : RFCC26XX_multiMode.oem3 (.text:RF_hwiCpe0PowerFsm)
                  0000acc4    0000005c                              : RFCC26XX_multiMode.oem3 (.text:RF_syncCb)
                  0000ad20    0000005c     drivers_cc13x0.aem3 : UDMACC26XX.oem3 (.text:UDMACC26XX_open)
                  0000ad7c    0000005c     SensorMpu9250.obj (.text:sensorMagEnable)
                  0000add8    0000005c     sysbios.aem3 : BIOS.obj (.text:ti_sysbios_heaps_HeapMem_initPrimary__I)
                  0000ae34    0000005c                  : BIOS.obj (.text:ti_sysbios_knl_Task_startCore__E)
                  0000ae90    0000005a     SensorBmp280.obj (.text:SensorBmp280_read)
                  0000aeea    0000005a     EasyLink.obj (.text:createTxAdvFromTx)
                  0000af44    00000058     drivers_cc13x0.aem3 : PINCC26XX.oem3 (.text:PIN_remove)
                  0000af9c    00000058     rf_multiMode_cc13x0.aem3 : RFCC26XX_multiMode.oem3 (.text:RF_cmdDispatchTime)
                  0000aff4    00000058     drivers_cc13x0.aem3 : SPICC26XXDMA.oem3 (.text:SPICC26XXDMA_initHw)
                  0000b04c    00000058     SensorUtil.obj (.text:SensorUtil_convertToLe)
                  0000b0a4    00000058     scif_framework.obj (.text:scifReinitIo)
                  0000b0fc    00000058     scif_framework.obj (.text:scifUninitIo)
                  0000b154    00000058     sysbios.aem3 : BIOS.obj (.text:ti_sysbios_family_arm_m3_Hwi_postInit__I)
                  0000b1ac    00000058                  : BIOS.obj (.text:ti_sysbios_heaps_HeapMem_alloc__E)
                  0000b204    00000058                  : BIOS.obj (.text:ti_sysbios_heaps_HeapMem_freeUnprotected__E)
                  0000b25c    00000058                  : BIOS.obj (.text:ti_sysbios_knl_Swi_run__I)
                  0000b2b4    00000054     rf_multiMode_cc13x0.aem3 : RFCC26XX_multiMode.oem3 (.text:RF_applyRfCorePatch)
                  0000b308    00000054     SceAdc.obj (.text:SceAdc_init)
                  0000b35c    00000054     SensorI2C.obj (.text:SensorI2C_writeRead)
                  0000b3b0    00000054     sysbios.aem3 : BIOS.obj (.text:ti_sysbios_family_arm_m3_Hwi_dispatchC__I)
                  0000b404    00000054                  : BIOS.obj (.text:ti_sysbios_knl_Swi_schedule__I)
                  0000b458    00000052     drivers_cc13x0.aem3 : SPICC26XXDMA.oem3 (.text:SPICC26XXDMA_close)
                  0000b4aa    00000002     rtsv7M3_T_le_eabi.lib : div0.asm.obj (.text)
                  0000b4ac    00000050     dpl_cc13x0.aem3 : ClockP_tirtos.oem3 (.text:ClockP_construct)
                  0000b4fc    00000050     driverlib.lib : setup_rom.obj (.text:NOROM_SetupSetCacheModeAccordingToCcfgSetting)
                  0000b54c    00000050     rf_multiMode_cc13x0.aem3 : RFCC26XX_multiMode.oem3 (.text:RF_fsmXOSCState)
                  0000b59c    00000050                              : RFCC26XX_multiMode.oem3 (.text:RF_wakeupNotification)
                  0000b5ec    00000050     SensorMpu9250.obj (.text:sensorMpu9250SelectAxes)
                  0000b63c    00000050     SensorMpu9250.obj (.text:sensorMpuSleep)
                  0000b68c    00000050     drivers_cc13x0.aem3 : UARTCC26XX.oem3 (.text:startTxFifoEmptyClk)
                  0000b6dc    00000050     rfWsnNode_pem3.oem3 (.text:ti_sysbios_family_arm_m3_Hwi_construct)
                  0000b72c    00000050     sysbios.aem3 : BIOS.obj (.text:ti_sysbios_knl_Swi_runLoop__I)
                  0000b77c    00000050                  : BIOS.obj (.text:xdc_runtime_Startup_exec__E)
                  0000b7cc    0000004c     CC1350STK_fxns.obj (.text:CC1350STK_wakeUpExtFlash)
                  0000b818    0000004c     ExtFlash.obj (.text:ExtFlash_waitReady)
                  0000b864    0000004c     drivers_cc13x0.aem3 : I2CCC26XX.oem3 (.text:I2CCC26XX_initHw)
                  0000b8b0    0000004c     SensorI2C.obj (.text:SensorI2C_read)
                  0000b8fc    0000004c     SensorI2C.obj (.text:SensorI2C_write)
                  0000b948    0000004c     ExtFlash.obj (.text:Spi_open)
                  0000b994    0000004c     rtsv7M3_T_le_eabi.lib : cpy_tbl.c.obj (.text:copy_in)
                  0000b9e0    0000004c     SensorMpu9250.obj (.text:sensorMpu9250SetBypass)
                  0000ba2c    0000004c     sysbios.aem3 : m3_TaskSupport_asm.obj (.text:ti_sysbios_family_arm_m3_TaskSupport_buildTaskStack)
                  0000ba78    0000004c                  : BIOS.obj (.text:ti_sysbios_knl_Swi_Instance_init__E)
                  0000bac4    0000004c     rfWsnNode_pem3.oem3 (.text:ti_sysbios_knl_Swi_construct)
                  0000bb10    0000004c     rfWsnNode_pem3.oem3 (.text:ti_sysbios_knl_Task_construct)
                  0000bb5c    0000004c     sysbios.aem3 : BIOS.obj (.text:ti_sysbios_knl_Task_schedule__I)
                  0000bba8    0000004a     display.aem3 : DisplayUart.oem3 (.text:DisplayUartMin_open)
                  0000bbf2    0000004a     drivers_cc13x0.aem3 : UARTCC26XX.oem3 (.text:UARTCC26XX_readCancel)
                  0000bc3c    00000048     ExtFlash.obj (.text:ExtFlash_readInfo)
                  0000bc84    00000048     drivers_cc13x0.aem3 : PINCC26XX.oem3 (.text:PIN_setOutputEnable)
                  0000bccc    00000048     SensorMpu9250.obj (.text:SensorMpu9250_enable)
                  0000bd14    00000048     rtsv7M3_T_le_eabi.lib : fd_toi_t2.asm.obj (.text)
                  0000bd5c    00000048     sysbios.aem3 : BIOS.obj (.text:ti_sysbios_family_arm_m3_Hwi_Module_startup__E)
                  0000bda4    00000048                  : m3_Hwi_asm_switch.obj (.text:ti_sysbios_family_arm_m3_Hwi_initStacks__E)
                  0000bdec    00000048                  : BIOS.obj (.text:ti_sysbios_heaps_HeapMem_getStats__E)
                  0000be34    00000048     drivers_cc13x0.aem3 : UARTCC26XX.oem3 (.text:writeFinishedDoCallback)
                  0000be7c    00000048     sysbios.aem3 : BIOS.obj (.text:xdc_runtime_Core_assignParams__I)
                  0000bec4    00000048                  : BIOS.obj (.text:xdc_runtime_Core_constructObject__I)
                  0000bf0c    00000046     display.aem3 : DisplayUart.oem3 (.text:DisplayUartMin_vprintf)
                  0000bf52    00000046     SensorMpu9250.obj (.text:SensorMpu9250_accRead)
                  0000bf98    00000044     drivers_cc13x0.aem3 : RingBuf.oem3 (.text:RingBuf_put)
                  0000bfdc    00000044                         : SPICC26XXDMA.oem3 (.text:SPICC26XXDMA_csnCallback)
                  0000c020    00000044     SensorBmp280.obj (.text:SensorBmp280_init)
                  0000c064    00000044     boot.aem3 : boot.oem3 (.text)
                  0000c0a8    00000044     rtsv7M3_T_le_eabi.lib : fd_tou_t2.asm.obj (.text)
                  0000c0ec    00000044     scif.obj (.text:scifStartRtcTicks)
                  0000c130    00000044     sysbios.aem3 : BIOS.obj (.text:ti_sysbios_family_arm_m3_Hwi_disableInterrupt__E)
                  0000c174    00000044                  : BIOS.obj (.text:ti_sysbios_family_arm_m3_Hwi_enableInterrupt__E)
                  0000c1b8    00000044                  : BIOS.obj (.text:ti_sysbios_knl_Mailbox_Module_startup__E)
                  0000c1fc    00000044                  : BIOS.obj (.text:ti_sysbios_knl_Swi_post__E)
                  0000c240    00000044                  : BIOS.obj (.text:ti_sysbios_knl_Task_allBlockedFunction__I)
                  0000c284    00000040     CC1350STK_fxns.obj (.text:CC1350STK_shutDownExtFlash)
                  0000c2c4    00000040     drivers_cc13x0.aem3 : I2C.oem3 (.text:I2C_init)
                  0000c304    00000040                         : I2C.oem3 (.text:I2C_open)
                  0000c344    00000040     driverlib.lib : chipinfo.obj (.text:NOROM_ChipInfo_GetHwRevision)
                  0000c384    00000040     drivers_cc13x0.aem3 : PINCC26XX.oem3 (.text:PINCC26XX_getConfig)
                  0000c3c4    00000040                         : PINCC26XX.oem3 (.text:PIN_swi)
                  0000c404    00000040                         : SPI.oem3 (.text:SPI_init)
                  0000c444    00000040                         : SPI.oem3 (.text:SPI_open)
                  0000c484    00000040                         : UART.oem3 (.text:UART_init)
                  0000c4c4    00000040                         : UART.oem3 (.text:UART_open)
                  0000c504    00000040     ExtFlash.obj (.text:extFlashPowerStandby)
                  0000c544    00000040     rtsv7M3_T_le_eabi.lib : u_divt2.asm.obj (.text)
                  0000c584    00000040     scif.obj (.text:scifStartRtcTicksNow)
                  0000c5c4    00000040     sysbios.aem3 : BIOS.obj (.text:ti_sysbios_family_arm_cc26xx_Timer_setThreshold__I)
                  0000c604    00000040                  : BIOS.obj (.text:ti_sysbios_family_arm_m3_Hwi_getStackInfo__E)
                  0000c644    0000003e     dpl_cc13x0.aem3 : HwiP_tirtos.oem3 (.text:HwiP_construct)
                  0000c682    0000003e     drivers_cc13x0.aem3 : RingBuf.oem3 (.text:RingBuf_get)
                  0000c6c0    0000003c     driverlib.lib : osc.obj (.text:NOROM_OSC_HPOSCRelativeFrequencyOffsetGet)
                  0000c6fc    0000003c                   : rfc.obj (.text:NOROM_RFCSynthPowerDown)
                  0000c738    0000003c     drivers_cc13x0.aem3 : PowerCC26XX.oem3 (.text:PowerCC26XX_isStableXOSC_HF)
                  0000c774    0000003c     rf_multiMode_cc13x0.aem3 : RFCC26XX_multiMode.oem3 (.text:RF_cmdGet)
                  0000c7b0    0000003c                              : RFCC26XX_multiMode.oem3 (.text:RF_cmdStoreEvents)
                  0000c7ec    0000003c     dpl_cc13x0.aem3 : SwiP_tirtos.oem3 (.text:SwiP_construct)
                  0000c828    0000003c     drivers_cc13x0.aem3 : PowerCC26XX.oem3 (.text:disableLfClkQualifiersEnableClkLoss)
                  0000c864    0000003c     sysbios.aem3 : BIOS.obj (.text:ti_sysbios_family_arm_m3_Hwi_construct2__E)
                  0000c8a0    00000038     ExtFlash.obj (.text:ExtFlash_close)
                  0000c8d8    00000038     drivers_cc13x0.aem3 : PINCC26XX.oem3 (.text:PIN_setConfig)
                  0000c910    00000038                         : PINCC26XX.oem3 (.text:PIN_setInterrupt)
                  0000c948    00000038                         : PINCC26XX.oem3 (.text:PIN_setOutputValue)
                  0000c980    00000038     rf_multiMode_cc13x0.aem3 : RFCC26XX_multiMode.oem3 (.text:RF_checkCmdFsError)
                  0000c9b8    00000038                              : RFCC26XX_multiMode.oem3 (.text:RF_powerConstraintRelease)
                  0000c9f0    00000038     SensorMpu9250.obj (.text:SensorMpu9250_init)
                  0000ca28    00000038     SensorOpt3001.obj (.text:SensorOpt3001_enable)
                  0000ca60    00000038     ExtFlash.obj (.text:Spi_read)
                  0000ca98    00000038     ExtFlash.obj (.text:Spi_write)
                  0000cad0    00000038     drivers_cc13x0.aem3 : UARTCC26XX.oem3 (.text:readData)
                  0000cb08    00000038     rtsv7M3_T_le_eabi.lib : fs_tod_t2.asm.obj (.text)
                  0000cb40    00000038                           : fs_toi_t2.asm.obj (.text)
                  0000cb78    00000038     sysbios.aem3 : BIOS.obj (.text:ti_sysbios_family_arm_m3_Hwi_Instance_finalize__E)
                  0000cbb0    00000038                  : BIOS.obj (.text:ti_sysbios_heaps_HeapMem_Instance_init__E)
                  0000cbe8    00000038                  : BIOS.obj (.text:ti_sysbios_knl_Clock_Instance_init__E)
                  0000cc20    00000038     drivers_cc13x0.aem3 : UARTCC26XX.oem3 (.text:writeData)
                  0000cc58    00000038     sysbios.aem3 : BIOS.obj (.text:xdc_runtime_System_atexit__E)
                  0000cc90    00000036     SensorBmp280.obj (.text:SensorBmp280_enable)
                  0000ccc6    00000036     drivers_cc13x0.aem3 : UDMACC26XX.oem3 (.text:UDMACC26XX_close)
                  0000ccfc    00000036     sysbios.aem3 : BIOS.obj (.text:ti_sysbios_family_arm_cc26xx_Timer_setNextTick__E)
                  0000cd32    00000002                  : BIOS.obj (.text:ti_sysbios_BIOS_linkedWithIncorrectBootLibrary__E)
                  0000cd34    00000034     driverlib.lib : osc.obj (.text:NOROM_OSCHF_SwitchToRcOscTurnOffXosc)
                  0000cd68    00000034     drivers_cc13x0.aem3 : PowerCC26XX.oem3 (.text:Power_releaseConstraint)
                  0000cd9c    00000034     SensorHdc1000.obj (.text:SensorHdc1000_init)
                  0000cdd0    00000034     NodeTask.obj (.text:buttonCallback)
                  0000ce04    00000034     drivers_cc13x0.aem3 : PowerCC26XX.oem3 (.text:notify)
                  0000ce38    00000034     rtsv7M3_T_le_eabi.lib : rand.c.obj (.text:rand)
                  0000ce6c    00000034     scif_framework.obj (.text:scifAckAlertEvents)
                  0000cea0    00000034     scif_framework.obj (.text:scifOsalInit)
                  0000ced4    00000034     SceAdc.obj (.text:taskAlertCallback)
                  0000cf08    00000034     sysbios.aem3 : BIOS.obj (.text:ti_sysbios_family_arm_cc26xx_Timer_initDevice__I)
                  0000cf3c    00000034     rfWsnNode_pem3.oem3 (.text:ti_sysbios_knl_Semaphore_create)
                  0000cf70    00000034     sysbios.aem3 : BIOS.obj (.text:ti_sysbios_knl_Swi_restore__E)
                  0000cfa4    00000034                  : BIOS.obj (.text:ti_sysbios_knl_Swi_setPri__E)
                  0000cfd8    00000034                  : BIOS.obj (.text:ti_sysbios_knl_Task_blockI__E)
                  0000d00c    00000034                  : BIOS.obj (.text:xdc_runtime_Core_assignLabel__I)
                  0000d040    00000032     ExtFlash.obj (.text:ExtFlash_powerDown)
                  0000d072    00000002     rfWsnNode_pem3.oem3 (.text:ti_sysbios_BIOS_nullFunc__I)
                  0000d074    00000030     driverlib.lib : chipinfo.obj (.text:NOROM_ChipInfo_GetChipType)
                  0000d0a4    00000030                   : setup_rom.obj (.text:NOROM_SetupGetTrimForRadcExtCfg)
                  0000d0d4    00000030                   : setup_rom.obj (.text:NOROM_SetupSetAonRtcSubSecInc)
                  0000d104    00000030     drivers_cc13x0.aem3 : PINCC26XX.oem3 (.text:PINCC26XX_setMux)
                  0000d134    00000030                         : PowerCC26XX.oem3 (.text:Power_setConstraint)
                  0000d164    00000030     SensorHdc1000.obj (.text:SensorHdc1000_start)
                  0000d194    00000030     SensorMpu9250.obj (.text:SensorMpu9250_powerOn)
                  0000d1c4    00000030     scif_framework.obj (.text:osalRegisterCtrlReadyInt)
                  0000d1f4    00000030     scif_framework.obj (.text:osalRegisterTaskAlertInt)
                  0000d224    00000030     drivers_cc13x0.aem3 : UARTCC26XX.oem3 (.text:readData2RingBuf)
                  0000d254    00000030     rfWsnNode_pem3.oem3 (.text:ti_sysbios_BIOS_atExitFunc__I)
                  0000d284    00000030     rfWsnNode_pem3.oem3 (.text:ti_sysbios_BIOS_startFunc__I)
                  0000d2b4    00000030     sysbios.aem3 : BIOS.obj (.text:ti_sysbios_family_arm_cc26xx_Timer_getCurrentTick__E)
                  0000d2e4    00000030     rfWsnNode_pem3.oem3 (.text:ti_sysbios_gates_GateHwi_Object__create__S)
                  0000d314    00000030     rfWsnNode_pem3.oem3 (.text:ti_sysbios_gates_GateMutex_Object__create__S)
                  0000d344    00000030     sysbios.aem3 : BIOS.obj (.text:ti_sysbios_gates_GateMutex_enter__E)
                  0000d374    00000030     rfWsnNode_pem3.oem3 (.text:ti_sysbios_heaps_HeapMem_Object__create__S)
                  0000d3a4    00000030     sysbios.aem3 : BIOS.obj (.text:ti_sysbios_heaps_HeapMem_free__E)
                  0000d3d4    00000030     rfWsnNode_pem3.oem3 (.text:ti_sysbios_knl_Clock_construct)
                  0000d404    00000030     rfWsnNode_pem3.oem3 (.text:ti_sysbios_knl_Semaphore_construct)
                  0000d434    00000030     sysbios.aem3 : BIOS.obj (.text:ti_sysbios_knl_Task_processVitalTaskFlag__I)
                  0000d464    00000030                  : BIOS.obj (.text:xdc_runtime_System_processAtExit__E)
                  0000d494    0000002e     rf_multiMode_cc13x0.aem3 : RFCC26XX_multiMode.oem3 (.text:RF_queueEnd)
                  0000d4c2    0000002e     ExtFlash.obj (.text:extFlashPowerDown)
                  0000d4f0    0000002e     rtsv7M3_T_le_eabi.lib : i_tofd_t2.asm.obj (.text)
                  0000d51e    0000002e     sysbios.aem3 : BIOS.obj (.text:ti_sysbios_family_arm_m3_TaskSupport_start__E)
                  0000d54c    0000002e                  : BIOS.obj (.text:ti_sysbios_hal_Hwi_initStack)
                  0000d57a    00000002                  : BIOS.obj (.text:ti_sysbios_gates_GateHwi_Instance_init__E)
                  0000d57c    0000002c     driverlib.lib : ddi.obj (.text:NOROM_DDI32RegWrite)
                  0000d5a8    0000002c                   : osc.obj (.text:NOROM_OSCClockSourceGet)
                  0000d5d4    0000002c                   : rfc.obj (.text:NOROM_RFCCpePatchReset)
                  0000d600    0000002c     rf_multiMode_cc13x0.aem3 : RFCC26XX_multiMode.oem3 (.text:RF_calculateDeltaTimeUs)
                  0000d62c    0000002c                              : RFCC26XX_multiMode.oem3 (.text:RF_executeDirectImmediateCmd)
                  0000d658    0000002c     dpl_cc13x0.aem3 : SemaphoreP_tirtos.oem3 (.text:SemaphoreP_constructBinary)
                  0000d684    0000002c                     : SemaphoreP_tirtos.oem3 (.text:SemaphoreP_createBinary)
                  0000d6b0    0000002c     sysbios.aem3 : BIOS.obj (.text:_pthread_delete$42)
                  0000d6dc    0000002c     EasyLink.obj (.text:asyncCmdCallback)
                  0000d708    0000002c     scif_framework.obj (.text:osalIndicateCtrlReady)
                  0000d734    0000002c     scif_framework.obj (.text:osalLockCtrlTaskNbl)
                  0000d760    0000002c     sysbios.aem3 : BIOS.obj (.text:ti_sysbios_knl_Clock_getTicksUntilInterrupt__E)
                  0000d78c    0000002c     rfWsnNode_pem3.oem3 (.text:ti_sysbios_knl_Event_construct)
                  0000d7b8    0000002c     sysbios.aem3 : BIOS.obj (.text:ti_sysbios_knl_Event_pendTimeout__I)
                  0000d7e4    0000002c                  : BIOS.obj (.text:ti_sysbios_knl_Mailbox_postInit__I)
                  0000d810    0000002c     rfWsnNode_pem3.oem3 (.text:ti_sysbios_knl_Queue_construct)
                  0000d83c    0000002c     sysbios.aem3 : BIOS.obj (.text:ti_sysbios_knl_Semaphore_pendTimeout__I)
                  0000d868    0000002c                  : BIOS.obj (.text:ti_sysbios_knl_Task_unblockI__E)
                  0000d894    0000002c                  : BIOS.obj (.text:xdc_runtime_Text_cordText__E)
                  0000d8c0    0000002a     display.aem3 : Display.oem3 (.text:Display_doPrintf)
                  0000d8ea    0000002a     sysbios.aem3 : BIOS.obj (.text:ti_sysbios_knl_Clock_getTimeout__E)
                  0000d914    0000002a                  : BIOS.obj (.text:xdc_runtime_System_putchar__I)
                  0000d93e    00000002                  : BIOS.obj (.text:ti_sysbios_knl_Clock_logTick__E)
                  0000d940    00000028     display.aem3 : Display.oem3 (.text:Display_doInit)
                  0000d968    00000028     driverlib.lib : aon_batmon.obj (.text:NOROM_AONBatMonTemperatureGetDegC)
                  0000d990    00000028                   : rfc.obj (.text:NOROM_RFCDoorbellSendTo)
                  0000d9b8    00000028                   : rfc.obj (.text:NOROM_RFCOverrideSearch)
                  0000d9e0    00000028     drivers_cc13x0.aem3 : PowerCC26XX.oem3 (.text:Power_registerNotify)
                  0000da08    00000028     rf_multiMode_cc13x0.aem3 : RFCC26XX_multiMode.oem3 (.text:RF_runCmd)
                  0000da30    00000028     drivers_cc13x0.aem3 : SPICC26XXDMA.oem3 (.text:SPICC26XXDMA_flushFifos)
                  0000da58    00000028     driverlib.lib : adi.obj (.text:SafeHapiVoid)
                  0000da80    00000028     sysbios.aem3 : m3_Hwi_asm.obj (.text:ti_sysbios_family_arm_m3_Hwi_excHandlerAsm__I)
                  0000daa8    00000028                  : BIOS.obj (.text:ti_sysbios_knl_Clock_addI__E)
                  0000dad0    00000028                  : BIOS.obj (.text:ti_sysbios_knl_Task_restore__E)
                  0000daf8    00000024     drivers_cc13x0.aem3 : List.oem3 (.text:List_remove)
                  0000db1c    00000024                         : PINCC26XX.oem3 (.text:PINCC26XX_setIoCfgMux)
                  0000db40    00000024     rf_multiMode_cc13x0.aem3 : RFCC26XX_multiMode.oem3 (.text:RF_cmdAlloc)
                  0000db64    00000024                              : RFCC26XX_multiMode.oem3 (.text:RF_invokeGlobalCallback)
                  0000db88    00000024                              : RFCC26XX_multiMode.oem3 (.text:RF_isStateTransitionAllowed)
                  0000dbac    00000024     SceAdc.obj (.text:SceAdc_setReportInterval)
                  0000dbd0    00000024     SensorMpu9250.obj (.text:SensorMpu9250_Callback)
                  0000dbf4    00000024     sysbios.aem3 : BIOS.obj (.text:_pthread_cleanupFxn)
                  0000dc18    00000024     EasyLink.obj (.text:isAddrSizeValid)
                  0000dc3c    00000024     rtsv7M3_T_le_eabi.lib : u_tofs_t2.asm.obj (.text)
                  0000dc60    00000024     rfWsnNode_pem3.oem3 (.text:ti_sysbios_BIOS_registerRTSLock__I)
                  0000dc84    00000024     rfWsnNode_pem3.oem3 (.text:ti_sysbios_BIOS_removeRTSLock__I)
                  0000dca8    00000024     sysbios.aem3 : BIOS.obj (.text:ti_sysbios_family_arm_cc26xx_Timer_Module_startup__E)
                  0000dccc    00000024                  : BIOS.obj (.text:ti_sysbios_family_arm_cc26xx_Timer_getMaxTicks__E)
                  0000dcf0    00000024                  : BIOS.obj (.text:ti_sysbios_family_arm_cc26xx_Timer_startup__E)
                  0000dd14    00000024     rfWsnNode_pem3.oem3 (.text:ti_sysbios_gates_GateMutex_Object__delete__S)
                  0000dd38    00000024     sysbios.aem3 : BIOS.obj (.text:ti_sysbios_knl_Semaphore_Instance_init__E)
                  0000dd5c    00000024     rfWsnNode_pem3.oem3 (.text:ti_sysbios_knl_Semaphore_Object__delete__S)
                  0000dd80    00000024     sysbios.aem3 : BIOS.obj (.text:ti_sysbios_knl_Swi_Module_startup__E)
                  0000dda4    00000022     drivers_cc13x0.aem3 : List.oem3 (.text:List_get)
                  0000ddc6    00000022                         : List.oem3 (.text:List_insert)
                  0000dde8    00000022                         : List.oem3 (.text:List_put)
                  0000de0a    00000022                         : List.oem3 (.text:List_putHead)
                  0000de2c    00000022     sysbios.aem3 : BIOS.obj (.text:ti_sysbios_family_arm_cc26xx_Timer_postInit__I)
                  0000de4e    00000002                  : BIOS.obj (.text:ti_sysbios_knl_Clock_triggerFunc__I)
                  0000de50    00000020     driverlib.lib : rfc.obj (.text:NOROM_RFCAdi3VcoLdoVoltageMode)
                  0000de70    00000020                   : setup_rom.obj (.text:NOROM_SetupGetTrimForXoscHfCtl)
                  0000de90    00000020     drivers_cc13x0.aem3 : PowerCC26XX.oem3 (.text:Power_unregisterNotify)
                  0000deb0    00000020     rf_multiMode_cc13x0.aem3 : RFCC26XX_multiMode.oem3 (.text:RF_clkPowerUp)
                  0000ded0    00000020                              : RFCC26XX_multiMode.oem3 (.text:RF_hwiCpe0ChangePhy)
                  0000def0    00000020                              : RFCC26XX_multiMode.oem3 (.text:RF_ratIsRunning)
                  0000df10    00000020     NodeRadioTask.obj (.text:returnRadioOperationStatus)
                  0000df30    00000020     rtsv7M3_T_le_eabi.lib : u_tofd_t2.asm.obj (.text)
                  0000df50    00000020     drivers_cc13x0.aem3 : UARTCC26XX.oem3 (.text:threadSafeStdbyDisRelease)
                  0000df70    00000020                         : UARTCC26XX.oem3 (.text:threadSafeStdbyDisSet)
                  0000df90    00000020     rfWsnNode_pem3.oem3 (.text:ti_sysbios_BIOS_rtsLock__I)
                  0000dfb0    00000020     sysbios.aem3 : BIOS.obj (.text:ti_sysbios_family_arm_cc26xx_Timer_dynamicStub__E)
                  0000dfd0    00000020     rfWsnNode_pem3.oem3 (.text:ti_sysbios_gates_GateHwi_Object__delete__S)
                  0000dff0    00000020     rfWsnNode_pem3.oem3 (.text:ti_sysbios_heaps_HeapMem_Object__delete__S)
                  0000e010    00000020     sysbios.aem3 : BIOS.obj (.text:ti_sysbios_knl_Clock_Module_startup__E)
                  0000e030    00000020     rfWsnNode_pem3.oem3 (.text:ti_sysbios_knl_Clock_destruct)
                  0000e050    00000020     sysbios.aem3 : BIOS.obj (.text:ti_sysbios_knl_Clock_getTicks__E)
                  0000e070    00000020                  : BIOS.obj (.text:ti_sysbios_knl_Clock_stop__E)
                  0000e090    00000020                  : BIOS.obj (.text:ti_sysbios_knl_Event_checkEvents__I)
                  0000e0b0    00000020                  : BIOS.obj (.text:ti_sysbios_knl_Idle_run__E)
                  0000e0d0    00000020     rfWsnNode_pem3.oem3 (.text:ti_sysbios_knl_Semaphore_destruct)
                  0000e0f0    00000020     rfWsnNode_pem3.oem3 (.text:ti_sysbios_knl_Task_Object__delete__S)
                  0000e110    00000020     sysbios.aem3 : BIOS.obj (.text:ti_sysbios_knl_Task_restoreHwi__E)
                  0000e130    0000001e     drivers_cc13x0.aem3 : PINCC26XX.oem3 (.text:PIN_close)
                  0000e14e    0000001e                         : PowerCC26XX.oem3 (.text:Power_getTransitionLatency)
                  0000e16c    0000001e     rf_multiMode_cc13x0.aem3 : RFCC26XX_multiMode.oem3 (.text:RF_preemptClient)
                  0000e18a    0000001e     ExtFlash.obj (.text:SSIBusy)
                  0000e1a8    0000001e     rfWsnNode.obj (.text:main)
                  0000e1c6    0000001e     sysbios.aem3 : m3_Hwi_asm_switch.obj (.text:ti_sysbios_family_xxx_Hwi_switchAndRunFunc)
                  0000e1e4    0000001c     CC1350STK.obj (.text:CC1350STK_initGeneral)
                  0000e200    0000001c     driverlib.lib : chipinfo.obj (.text:NOROM_ChipInfo_GetChipFamily)
                  0000e21c    0000001c                   : setup_rom.obj (.text:NOROM_SetupGetTrimForAmpcompTh2)
                  0000e238    0000001c                   : setup_rom.obj (.text:NOROM_SetupGetTrimForRcOscLfRtuneCtuneTrim)
                  0000e254    0000001c     drivers_cc13x0.aem3 : PINCC26XX.oem3 (.text:PIN_hwi)
                  0000e270    0000001c     rf_multiMode_cc13x0.aem3 : RFCC26XX_multiMode.oem3 (.text:RF_clkInactivityCallback)
                  0000e28c    0000001c                              : RFCC26XX_multiMode.oem3 (.text:RF_powerConstraintSet)
                  0000e2a8    0000001c     SensorI2C.obj (.text:SensorI2C_readReg)
                  0000e2c4    0000001c     ExtFlash.obj (.text:Spi_close)
                  0000e2e0    0000001c     smartrf_settings.obj (.text:enterGenfskCpePatch)
                  0000e2fc    0000001c     smartrf_settings_predefined.obj (.text:enterGenfskCpePatch)
                  0000e318    0000001c     smartrf_settings_predefined.obj (.text:enterLrmCpePatch)
                  0000e334    0000001c     smartrf_settings_predefined.obj (.text:enterSlLongrangeCpePatch)
                  0000e350    0000001c     sysbios.aem3 : BIOS.obj (.text:ti_sysbios_family_arm_m3_Hwi_clearInterrupt__E)
                  0000e36c    0000001c     rfWsnNode_pem3.oem3 (.text:ti_sysbios_family_arm_m3_Hwi_destruct)
                  0000e388    0000001c     sysbios.aem3 : BIOS.obj (.text:ti_sysbios_family_arm_m3_Hwi_excHandler__I)
                  0000e3a4    0000001c                  : BIOS.obj (.text:ti_sysbios_family_arm_m3_Hwi_setPriority__E)
                  0000e3c0    0000001c                  : BIOS.obj (.text:ti_sysbios_gates_GateMutex_Instance_init__E)
                  0000e3dc    0000001c                  : BIOS.obj (.text:ti_sysbios_knl_Clock_scheduleNextTick__E)
                  0000e3f8    0000001c     rfWsnNode_pem3.oem3 (.text:ti_sysbios_knl_Queue_destruct)
                  0000e414    0000001c     sysbios.aem3 : BIOS.obj (.text:ti_sysbios_knl_Queue_put__E)
                  0000e430    0000001c                  : BIOS.obj (.text:ti_sysbios_knl_Swi_construct2__E)
                  0000e44c    0000001c     rfWsnNode_pem3.oem3 (.text:ti_sysbios_knl_Swi_destruct)
                  0000e468    0000001c     sysbios.aem3 : BIOS.obj (.text:ti_sysbios_knl_Task_enter__I)
                  0000e484    0000001c                  : BIOS.obj (.text:xdc_runtime_Error_check__E)
                  0000e4a0    0000001c                  : BIOS.obj (.text:xdc_runtime_Error_raiseX__E)
                  0000e4bc    0000001c                  : BIOS.obj (.text:xdc_runtime_Memory_valloc__E)
                  0000e4d8    0000001c                  : BIOS.obj (.text:xdc_runtime_System_abort__E)
                  0000e4f4    0000001a     SensorMpu9250.obj (.text:SensorMpu9250_powerIsOn)
                  0000e50e    0000001a     sysbios.aem3 : m3_Hwi_asm.obj (.text:ti_sysbios_family_arm_m3_Hwi_pendSV__I)
                  0000e528    0000001a                  : BIOS.obj (.text:ti_sysbios_knl_Task_sleepTimeout__I)
                  0000e542    00000018     EasyLink.obj (.text:ChipInfo_ChipFamilyIs_CC13x2_CC26x2)
                  0000e55a    00000018     EasyLink.obj (.text:ChipInfo_ChipFamilyIs_CC26x0R2)
                  0000e572    00000002     sysbios.aem3 : BIOS.obj (.text:ti_sysbios_knl_Swi_Instance_finalize__E)
                  0000e574    00000018     driverlib.lib : aon_rtc.obj (.text:NOROM_AONRTCCurrentCompareValueGet)
                  0000e58c    00000018                   : chipinfo.obj (.text:NOROM_ChipInfo_GetPackageType)
                  0000e5a4    00000018                   : osc.obj (.text:NOROM_OSCHF_TurnOnXosc)
                  0000e5bc    00000018                   : rfc.obj (.text:NOROM_RFCCpeIntGetAndClear)
                  0000e5d4    00000018                   : setup_rom.obj (.text:NOROM_SetupGetTrimForAdcShModeEn)
                  0000e5ec    00000018                   : setup_rom.obj (.text:NOROM_SetupGetTrimForAdcShVbufEn)
                  0000e604    00000018                   : setup_rom.obj (.text:NOROM_SetupGetTrimForAmpcompTh1)
                  0000e61c    00000018                   : setup_rom.obj (.text:NOROM_SetupGetTrimForDblrLoopFilterResetVoltage)
                  0000e634    00000018                   : setup_rom.obj (.text:NOROM_SetupGetTrimForRcOscLfIBiasTrim)
                  0000e64c    00000018                   : setup_rom.obj (.text:NOROM_SetupGetTrimForXoscLfRegulatorAndCmirrwrRatio)
                  0000e664    00000018     drivers_cc13x0.aem3 : PINCC26XX.oem3 (.text:PIN_getConfig)
                  0000e67c    00000018     dpl_cc13x0.aem3 : PowerCC26XX_tirtos.oem3 (.text:PowerCC26XX_schedulerDisable)
                  0000e694    00000018                     : PowerCC26XX_tirtos.oem3 (.text:PowerCC26XX_schedulerRestore)
                  0000e6ac    00000018     drivers_cc13x0.aem3 : PowerCC26XX.oem3 (.text:Power_idleFunc)
                  0000e6c4    00000018     rf_multiMode_cc13x0.aem3 : RFCC26XX_multiMode.oem3 (.text:RF_swiFsm)
                  0000e6dc    00000018     ExtFlash.obj (.text:Spi_flash)
                  0000e6f4    00000018     drivers_cc13x0.aem3 : UART.oem3 (.text:UART_Params_init)
                  0000e70c    00000018     rtsv7M3_T_le_eabi.lib : args_main.c.obj (.text:_args_main)
                  0000e724    00000018     NodeTask.obj (.text:adcCallback)
                  0000e73c    00000018     rtsv7M3_T_le_eabi.lib : ll_mul_t2.asm.obj (.text)
                  0000e754    00000018     scif_framework.obj (.text:scifClearAlertIntSource)
                  0000e76c    00000018     rfWsnNode_pem3.oem3 (.text:ti_sysbios_BIOS_rtsUnlock__I)
                  0000e784    00000018     rfWsnNode_pem3.oem3 (.text:ti_sysbios_family_arm_cc26xx_Timer_Module__startupDone__F)
                  0000e79c    00000018     rfWsnNode_pem3.oem3 (.text:ti_sysbios_family_arm_m3_Hwi_Module__startupDone__F)
                  0000e7b4    00000018     sysbios.aem3 : BIOS.obj (.text:ti_sysbios_family_arm_m3_Hwi_plug__E)
                  0000e7cc    00000018     rfWsnNode_pem3.oem3 (.text:ti_sysbios_gates_GateHwi_Handle__label__S)
                  0000e7e4    00000018     rfWsnNode_pem3.oem3 (.text:ti_sysbios_gates_GateMutex_Handle__label__S)
                  0000e7fc    00000018     sysbios.aem3 : BIOS.obj (.text:ti_sysbios_gates_GateMutex_leave__E)
                  0000e814    00000018     rfWsnNode_pem3.oem3 (.text:ti_sysbios_heaps_HeapMem_Handle__label__S)
                  0000e82c    00000018     sysbios.aem3 : BIOS.obj (.text:ti_sysbios_knl_Swi_or__E)
                  0000e844    00000018                  : BIOS.obj (.text:ti_sysbios_knl_Task_unblock__E)
                  0000e85c    00000018                  : BIOS.obj (.text:ti_sysbios_rts_ti_ReentSupport_getReent__F)
                  0000e874    00000018     rfWsnNode_pem3.oem3 (.text:ti_sysbios_rts_ti_ReentSupport_getTlsAddr__I)
                  0000e88c    00000018     sysbios.aem3 : BIOS.obj (.text:xdc_runtime_Error_init__E)
                  0000e8a4    00000018                  : BIOS.obj (.text:xdc_runtime_System_exit__E)
                  0000e8bc    00000016     EasyLink.obj (.text:ChipInfo_ChipFamilyIs_CC26x0)
                  0000e8d2    00000016     display.aem3 : DisplayUart.oem3 (.text:DisplayUartMin_close)
                  0000e8e8    00000016     driverlib.lib : chipinfo.obj (.text:NOROM_ThisLibraryIsFor_CC13x0_HwRev20AndLater_HaltIfViolated)
                  0000e8fe    00000016     rf_multiMode_cc13x0.aem3 : RFCC26XX_multiMode.oem3 (.text:RF_restartClockTimeout)
                  0000e914    00000016     rfWsnNode_pem3.oem3 (.text:ti_sysbios_BIOS_exitFunc__I)
                  0000e92a    00000016     scif_framework.obj (.text:ti_sysbios_family_arm_m3_Hwi_Params_init)
                  0000e940    00000016     sysbios.aem3 : BIOS.obj (.text:ti_sysbios_knl_Clock_Instance_finalize__E)
                  0000e956    00000016     NodeTask.obj (.text:ti_sysbios_knl_Clock_Params_init)
                  0000e96c    00000016     sysbios.aem3 : BIOS.obj (.text:ti_sysbios_knl_Clock_start__E)
                  0000e982    00000016     NodeRadioTask.obj (.text:ti_sysbios_knl_Event_Params_init)
                  0000e998    00000016     NodeTask.obj (.text:ti_sysbios_knl_Event_Params_init)
                  0000e9ae    00000016     EasyLink.obj (.text:ti_sysbios_knl_Semaphore_Params_init)
                  0000e9c4    00000016     NodeRadioTask.obj (.text:ti_sysbios_knl_Semaphore_Params_init)
                  0000e9da    00000016     SensorI2C.obj (.text:ti_sysbios_knl_Semaphore_Params_init)
                  0000e9f0    00000016     scif_framework.obj (.text:ti_sysbios_knl_Semaphore_Params_init)
                  0000ea06    00000016     NodeRadioTask.obj (.text:ti_sysbios_knl_Task_Params_init)
                  0000ea1c    00000016     NodeTask.obj (.text:ti_sysbios_knl_Task_Params_init)
                  0000ea32    00000002     sysbios.aem3 : BIOS.obj (.text:xdc_runtime_Error_policySpin__E)
                  0000ea34    00000014     NodeRadioTask.obj (.text:AONBatMonBatteryVoltageGet)
                  0000ea48    00000014     EasyLink.obj (.text:EasyLink_Params_init)
                  0000ea5c    00000014     drivers_cc13x0.aem3 : List.oem3 (.text:List_clearList)
                  0000ea70    00000014     driverlib.lib : aon_rtc.obj (.text:NOROM_AONRTCCurrent64BitValueGet)
                  0000ea84    00000014     drivers_cc13x0.aem3 : PINCC26XX.oem3 (.text:PINCC26XX_getInputValue)
                  0000ea98    00000014                         : PINCC26XX.oem3 (.text:PINCC26XX_getOutputValue)
                  0000eaac    00000014     rf_multiMode_cc13x0.aem3 : RFCC26XX_multiMode.oem3 (.text:RF_Params_init)
                  0000eac0    00000014                              : RFCC26XX_multiMode.oem3 (.text:RF_dbellSyncOnAck)
                  0000ead4    00000014                              : RFCC26XX_multiMode.oem3 (.text:RF_ratGetChannel)
                  0000eae8    00000014                              : RFCC26XX_multiMode.oem3 (.text:RF_schResolveConflict)
                  0000eafc    00000014     drivers_cc13x0.aem3 : SPI.oem3 (.text:SPI_Params_init)
                  0000eb10    00000014     SceAdc.obj (.text:SceAdc_registerAdcCallback)
                  0000eb24    00000014     SensorI2C.obj (.text:SensorI2C_deselect)
                  0000eb38    00000014     drivers_cc13x0.aem3 : PowerCC26XX.oem3 (.text:configureRFCoreClocks)
                  0000eb4c    00000014     ExtFlash.obj (.text:extFlashDeselect)
                  0000eb60    00000014     ExtFlash.obj (.text:extFlashSelect)
                  0000eb74    00000014     scif_framework.obj (.text:osalIndicateTaskAlert)
                  0000eb88    00000014     scif_framework.obj (.text:scifOsalRegisterCtrlReadyCallback)
                  0000eb9c    00000014     scif_framework.obj (.text:scifOsalRegisterTaskAlertCallback)
                  0000ebb0    00000014     rtsv7M3_T_le_eabi.lib : strlen.c.obj (.text:strlen)
                  0000ebc4    00000014     rfWsnNode_pem3.oem3 (.text:ti_sysbios_family_arm_m3_Hwi_Object__get__S)
                  0000ebd8    00000014     sysbios.aem3 : BIOS.obj (.text:ti_sysbios_family_arm_m3_Hwi_switchFromBootStack__E)
                  0000ebec    00000014     rfWsnNode_pem3.oem3 (.text:ti_sysbios_heaps_HeapMem_Object__get__S)
                  0000ec00    00000014     rfWsnNode_pem3.oem3 (.text:ti_sysbios_knl_Clock_doTick__I)
                  0000ec14    00000014     sysbios.aem3 : BIOS.obj (.text:ti_sysbios_knl_Event_Instance_init__E)
                  0000ec28    00000014     rfWsnNode_pem3.oem3 (.text:ti_sysbios_knl_Swi_Object__get__S)
                  0000ec3c    00000012     drivers_cc13x0.aem3 : RingBuf.oem3 (.text:RingBuf_construct)
                  0000ec4e    00000012     dpl_cc13x0.aem3 : SemaphoreP_tirtos.oem3 (.text:SemaphoreP_pend)
                  0000ec60    00000012     scif_framework.obj (.text:scifStartTasksNbl)
                  0000ec72    00000012     scif.obj (.text:scifTaskResourceInit)
                  0000ec84    00000012     sysbios.aem3 : BIOS.obj (.text:ti_sysbios_hal_Hwi_Module_startup__E)
                  0000ec96    00000012     rfWsnNode_pem3.oem3 (.text:xdc_runtime_Startup_exec__I)
                  0000eca8    00000010     dpl_cc13x0.aem3 : ClockP_tirtos.oem3 (.text:ClockP_isActive)
                  0000ecb8    00000010                     : HwiP_tirtos.oem3 (.text:HwiP_Params_init)
                  0000ecc8    00000010     drivers_cc13x0.aem3 : I2C.oem3 (.text:I2C_Params_init)
                  0000ecd8    00000010     driverlib.lib : rfc.obj (.text:NOROM_RFCHwIntGetAndClear)
                  0000ece8    00000010                   : rfc.obj (.text:NOROM_RFCRfTrimSet)
                  0000ecf8    00000010                   : setup_rom.obj (.text:NOROM_SetupGetTrimForXoscHfFastStart)
                  0000ed08    00000010                   : setup_rom.obj (.text:NOROM_SetupGetTrimForXoscHfIbiastherm)
                  0000ed18    00000010     drivers_cc13x0.aem3 : PINCC26XX.oem3 (.text:PINCC26XX_getPinCount)
                  0000ed28    00000010     rf_multiMode_cc13x0.aem3 : RFCC26XX_multiMode.oem3 (.text:RF_dbellSubmitCmdAsync)
                  0000ed38    00000010                              : RFCC26XX_multiMode.oem3 (.text:RF_isClientOwner)
                  0000ed48    00000010     dpl_cc13x0.aem3 : SwiP_tirtos.oem3 (.text:SwiP_Params_init)
                  0000ed58    00000010     smartrf_settings.obj (.text:applyGenfskPatch)
                  0000ed68    00000010     smartrf_settings_predefined.obj (.text:applyGenfskPatch)
                  0000ed78    00000010     smartrf_settings_predefined.obj (.text:applyLrmPatch)
                  0000ed88    00000010     smartrf_settings_predefined.obj (.text:applySlLongrangePatch)
                  0000ed98    00000010     NodeTask.obj (.text:fastReportTimeoutCallback)
                  0000eda8    00000010     drivers_cc13x0.aem3 : I2CCC26XX.oem3 (.text:i2cPostNotify)
                  0000edb8    00000010     sysbios.aem3 : BIOS.obj (.text:ti_sysbios_BIOS_exit__E)
                  0000edc8    00000010                  : BIOS.obj (.text:ti_sysbios_BIOS_getCpuFreq__E)
                  0000edd8    00000010                  : BIOS.obj (.text:ti_sysbios_BIOS_setThreadType__E)
                  0000ede8    00000010                  : BIOS.obj (.text:ti_sysbios_BIOS_start__E)
                  0000edf8    00000010                  : BIOS.obj (.text:ti_sysbios_family_arm_m3_Hwi_post__E)
                  0000ee08    00000010                  : m3_TaskSupport_asm.obj (.text:ti_sysbios_family_arm_m3_TaskSupport_glue)
                  0000ee18    00000010                  : m3_TaskSupport_asm.obj (.text:ti_sysbios_family_arm_m3_TaskSupport_swap__E)
                  0000ee28    00000010                  : BIOS.obj (.text:ti_sysbios_gates_GateMutex_Instance_finalize__E)
                  0000ee38    00000010     rfWsnNode_pem3.oem3 (.text:ti_sysbios_knl_Mailbox_Object__get__S)
                  0000ee48    00000010     sysbios.aem3 : BIOS.obj (.text:ti_sysbios_knl_Semaphore_Instance_finalize__E)
                  0000ee58    00000010                  : BIOS.obj (.text:ti_sysbios_knl_Swi_disable__E)
                  0000ee68    00000010                  : BIOS.obj (.text:ti_sysbios_knl_Swi_enabled__E)
                  0000ee78    00000010     rfWsnNode_pem3.oem3 (.text:ti_sysbios_knl_Task_Object__get__S)
                  0000ee88    00000010     sysbios.aem3 : BIOS.obj (.text:ti_sysbios_knl_Task_disable__E)
                  0000ee98    00000010     drivers_cc13x0.aem3 : UARTCC26XX.oem3 (.text:uartPostNotify)
                  0000eea8    00000010     sysbios.aem3 : BIOS.obj (.text:xdc_runtime_Gate_leaveSystem__E)
                  0000eeb8    00000010                  : BIOS.obj (.text:xdc_runtime_Memory_free__E)
                  0000eec8    00000010                  : BIOS.obj (.text:xdc_runtime_SysCallback_abort__E)
                  0000eed8    00000010                  : BIOS.obj (.text:xdc_runtime_SysCallback_exit__E)
                  0000eee8    00000010                  : BIOS.obj (.text:xdc_runtime_SysCallback_putch__E)
                  0000eef8    00000010                  : BIOS.obj (.text:xdc_runtime_SysCallback_ready__E)
                  0000ef08    00000010                  : BIOS.obj (.text:xdc_runtime_System_vsnprintf__E)
                  0000ef18    0000000e     driverlib.lib : vims.obj (.text:NOROM_VIMSModeGet)
                  0000ef26    0000000e     rf_multiMode_cc13x0.aem3 : RFCC26XX_multiMode.oem3 (.text:RF_getSwitchingTimeInUs)
                  0000ef34    0000000e     drivers_cc13x0.aem3 : SPICC26XXDMA.oem3 (.text:SPICC26XXDMA_init)
                  0000ef42    0000000e     rtsv7M3_T_le_eabi.lib : copy_decompress_none.c.obj (.text:decompress:none:__TI_decompress_none)
                  0000ef50    0000000e     scif_framework.obj (.text:osalCtrlReadyIsr)
                  0000ef5e    0000000e     scif_framework.obj (.text:osalTaskAlertIsr)
                  0000ef6c    0000000e     scif.obj (.text:scifTaskResourceUninit)
                  0000ef7a    0000000e     sysbios.aem3 : BIOS.obj (.text:ti_sysbios_heaps_HeapMem_restore__E)
                  0000ef88    0000000e                  : BIOS.obj (.text:ti_sysbios_knl_Queue_empty__E)
                  0000ef96    0000000e                  : BIOS.obj (.text:ti_sysbios_knl_Queue_remove__E)
                  0000efa4    0000000c     driverlib.lib : cpu.obj (.text:NOROM_CPUcpsid)
                  0000efb0    0000000c                   : cpu.obj (.text:NOROM_CPUcpsie)
                  0000efbc    0000000c                   : osc.obj (.text:NOROM_OSC_HPOSCRelativeFrequencyOffsetToRFCoreFormatConvert)
                  0000efc8    0000000c     drivers_cc13x0.aem3 : PINCC26XX.oem3 (.text:PIN_registerIntCb)
                  0000efd4    0000000c                         : PowerCC26XX.oem3 (.text:Power_getConstraintMask)
                  0000efe0    0000000c                         : PowerCC26XX.oem3 (.text:Power_getDependencyCount)
                  0000efec    0000000c     rf_multiMode_cc13x0.aem3 : RFCC26XX_multiMode.oem3 (.text:RF_powerConstraintGet)
                  0000eff8    0000000c     dpl_cc13x0.aem3 : SemaphoreP_tirtos.oem3 (.text:SemaphoreP_delete)
                  0000f004    0000000c     SensorOpt3001.obj (.text:SensorOpt3001_init)
                  0000f010    0000000c     NodeRadioTask.obj (.text:TRNGDisable)
                  0000f01c    0000000c     NodeRadioTask.obj (.text:TRNGEnable)
                  0000f028    0000000c     NodeRadioTask.obj (.text:TRNGStatusGet)
                  0000f034    0000000c     rtsv7M3_T_le_eabi.lib : _lock.c.obj (.text:_register_lock)
                  0000f040    0000000c                           : _lock.c.obj (.text:_register_unlock)
                  0000f04c    0000000c                           : copy_zero_init.c.obj (.text:decompress:ZI:__TI_zero_init)
                  0000f058    0000000c     NodeRadioTask.obj (.text:nodeRadioTask_getNodeAddr)
                  0000f064    0000000c     scif_framework.obj (.text:osalUnlockCtrlTaskNbl)
                  0000f070    0000000c     scif_framework.obj (.text:scifGetAlertEvents)
                  0000f07c    0000000c     scif_framework.obj (.text:scifOsalLeaveCriticalSection)
                  0000f088    0000000c     drivers_cc13x0.aem3 : SPICC26XXDMA.oem3 (.text:spiPostNotify)
                  0000f094    0000000c     sysbios.aem3 : BIOS.obj (.text:ti_sysbios_BIOS_getThreadType__E)
                  0000f0a0    0000000c     rfWsnNode_pem3.oem3 (.text:ti_sysbios_family_arm_m3_Hwi_Params__init__S)
                  0000f0ac    0000000c     sysbios.aem3 : BIOS.obj (.text:ti_sysbios_family_arm_m3_Hwi_disableFxn__E)
                  0000f0b8    0000000c                  : BIOS.obj (.text:ti_sysbios_family_arm_m3_TaskSupport_getStackAlignment__E)
                  0000f0c4    0000000c                  : BIOS.obj (.text:ti_sysbios_gates_GateHwi_enter__E)
                  0000f0d0    0000000c     rfWsnNode_pem3.oem3 (.text:ti_sysbios_knl_Clock_Params__init__S)
                  0000f0dc    0000000c     NodeTask.obj (.text:ti_sysbios_knl_Clock_handle)
                  0000f0e8    0000000c     rfWsnNode_pem3.oem3 (.text:ti_sysbios_knl_Event_Params__init__S)
                  0000f0f4    0000000c     NodeRadioTask.obj (.text:ti_sysbios_knl_Event_handle)
                  0000f100    0000000c     NodeTask.obj (.text:ti_sysbios_knl_Event_handle)
                  0000f10c    0000000c     rfWsnNode_pem3.oem3 (.text:ti_sysbios_knl_Queue_Object__get__S)
                  0000f118    0000000c     sysbios.aem3 : BIOS.obj (.text:ti_sysbios_knl_Queue_dequeue__E)
                  0000f124    0000000c                  : BIOS.obj (.text:ti_sysbios_knl_Queue_enqueue__E)
                  0000f130    0000000c     rfWsnNode_pem3.oem3 (.text:ti_sysbios_knl_Semaphore_Params__init__S)
                  0000f13c    0000000c     NodeRadioTask.obj (.text:ti_sysbios_knl_Semaphore_handle)
                  0000f148    0000000c     SensorI2C.obj (.text:ti_sysbios_knl_Semaphore_handle)
                  0000f154    0000000c     scif_framework.obj (.text:ti_sysbios_knl_Semaphore_handle)
                  0000f160    0000000c     rfWsnNode_pem3.oem3 (.text:ti_sysbios_knl_Swi_Params__init__S)
                  0000f16c    0000000c     sysbios.aem3 : BIOS.obj (.text:ti_sysbios_knl_Swi_getTrigger__E)
                  0000f178    0000000c     rfWsnNode_pem3.oem3 (.text:ti_sysbios_knl_Task_Params__init__S)
                  0000f184    0000000c     sysbios.aem3 : BIOS.obj (.text:ti_sysbios_knl_Task_self__E)
                  0000f190    0000000c                  : BIOS.obj (.text:ti_sysbios_rts_ti_ReentSupport_taskRegHook__I)
                  0000f19c    0000000c                  : BIOS.obj (.text:xdc_runtime_Gate_enterSystem__E)
                  0000f1a8    0000000c                  : BIOS.obj (.text:xdc_runtime_Memory_calloc__E)
                  0000f1b4    0000000c                  : BIOS.obj (.text:xdc_runtime_Memory_getMaxDefaultTypeAlign__E)
                  0000f1c0    0000000c                  : BIOS.obj (.text:xdc_runtime_Startup_rtsDone__E)
                  0000f1cc    0000000a     dpl_cc13x0.aem3 : ClockP_tirtos.oem3 (.text:ClockP_Params_init)
                  0000f1d6    0000000a     drivers_cc13x0.aem3 : I2CCC26XX.oem3 (.text:I2CCC26XX_init)
                  0000f1e0    0000000a                         : I2C.oem3 (.text:I2C_close)
                  0000f1ea    0000000a                         : I2C.oem3 (.text:I2C_transfer)
                  0000f1f4    0000000a                         : SPI.oem3 (.text:SPI_close)
                  0000f1fe    0000000a                         : SPI.oem3 (.text:SPI_transfer)
                  0000f208    0000000a     SceAdc.obj (.text:SceAdc_start)
                  0000f212    0000000a     SensorTmp007.obj (.text:SensorTmp007_init)
                  0000f21c    0000000a     drivers_cc13x0.aem3 : UART.oem3 (.text:UART_close)
                  0000f226    0000000a                         : UART.oem3 (.text:UART_control)
                  0000f230    0000000a                         : UART.oem3 (.text:UART_write)
                  0000f23a    0000000a                         : UDMACC26XX.oem3 (.text:UDMACC26XX_hwiIntFxn)
                  0000f244    0000000a     scif_framework.obj (.text:osalClearCtrlReadyInt)
                  0000f24e    0000000a     scif_framework.obj (.text:osalClearTaskAlertInt)
                  0000f258    0000000a     scif_framework.obj (.text:osalDisableCtrlReadyInt)
                  0000f262    0000000a     scif_framework.obj (.text:osalEnableCtrlReadyInt)
                  0000f26c    0000000a     scif_framework.obj (.text:scifOsalDisableTaskAlertInt)
                  0000f276    0000000a     scif_framework.obj (.text:scifOsalEnableTaskAlertInt)
                  0000f280    0000000a     rfWsnNode_pem3.oem3 (.text:xdc_runtime_IHeap_alloc)
                  0000f28a    0000000a     rfWsnNode_pem3.oem3 (.text:xdc_runtime_IHeap_free)
                  0000f294    00000008     CC1350STK.obj (.text:Board_init)
                  0000f29c    00000008     CC1350STK_fxns.obj (.text:Board_initHook)
                  0000f2a4    00000008     drivers_cc13x0.aem3 : I2CCC26XX.oem3 (.text:I2CCC26XX_blockingCallback)
                  0000f2ac    00000008                         : SPICC26XXDMA.oem3 (.text:SPICC26XXDMA_transferCallback)
                  0000f2b4    00000008                         : UARTCC26XX.oem3 (.text:UARTCC26XX_init)
                  0000f2bc    00000008                         : UARTCC26XX.oem3 (.text:readSemCallback)
                  0000f2c4    00000008     smartrf_settings.obj (.text:rf_patch_cpe_genfsk)
                  0000f2cc    00000008     smartrf_settings_predefined.obj (.text:rf_patch_cpe_genfsk)
                  0000f2d4    00000008     smartrf_settings_predefined.obj (.text:rf_patch_cpe_lrm)
                  0000f2dc    00000008     smartrf_settings_predefined.obj (.text:rf_patch_cpe_sl_longrange)
                  0000f2e4    00000008     scif_framework.obj (.text:scifOsalEnterCriticalSection)
                  0000f2ec    00000008     sysbios.aem3 : BIOS.obj (.text:ti_sysbios_family_arm_m3_Hwi_doSwiRestore__I)
                  0000f2f4    00000008                  : BIOS.obj (.text:ti_sysbios_family_arm_m3_Hwi_startup__E)
                  0000f2fc    00000008                  : BIOS.obj (.text:ti_sysbios_knl_Idle_loop__E)
                  0000f304    00000008     drivers_cc13x0.aem3 : UARTCC26XX.oem3 (.text:writeSemCallback)
                  0000f30c    00000006     display.aem3 : DisplayUart.oem3 (.text:DisplayUartMin_control)
                  0000f312    00000006                  : DisplayUart.oem3 (.text:DisplayUartMin_getType)
                  0000f318    00000006                  : Display.oem3 (.text:Display_doParamsInit)
                  0000f31e    00000006     drivers_cc13x0.aem3 : I2CCC26XX.oem3 (.text:I2CCC26XX_control)
                  0000f324    00000006     driverlib.lib : cpu.obj (.text:NOROM_CPUdelay)
                  0000f32a    00000006     rf_multiMode_cc13x0.aem3 : RFCC26XX_multiMode.oem3 (.text:RF_clkReqAccess)
                  0000f330    00000006     drivers_cc13x0.aem3 : UARTCC26XX.oem3 (.text:UARTCC26XX_readPolling)
                  0000f336    00000006                         : UARTCC26XX.oem3 (.text:UARTCC26XX_writePolling)
                  0000f33c    00000006     sysbios.aem3 : BIOS.obj (.text:ti_sysbios_family_arm_m3_Hwi_doTaskRestore__I)
                  0000f342    00000006                  : BIOS.obj (.text:ti_sysbios_family_arm_m3_Hwi_restoreFxn__E)
                  0000f348    00000006                  : BIOS.obj (.text:ti_sysbios_family_arm_m3_Hwi_setFunc__E)
                  0000f34e    00000006                  : BIOS.obj (.text:ti_sysbios_gates_GateHwi_leave__E)
                  0000f354    00000006                  : BIOS.obj (.text:ti_sysbios_heaps_HeapMem_isBlocking__E)
                  0000f35a    00000006                  : BIOS.obj (.text:ti_sysbios_knl_Queue_Instance_init__E)
                  0000f360    00000006                  : BIOS.obj (.text:ti_sysbios_knl_Queue_elemClear__E)
                  0000f366    00000006                  : BIOS.obj (.text:ti_sysbios_knl_Swi_startup__E)
                  0000f36c    00000006                  : BIOS.obj (.text:xdc_runtime_System_Module_startup__E)
                  0000f372    00000004     dpl_cc13x0.aem3 : PowerCC26XX_tirtos.oem3 (.text:CPUwfi)
                  0000f376    00000004                     : ClockP_tirtos.oem3 (.text:ClockP_destruct)
                  0000f37a    00000004                     : ClockP_tirtos.oem3 (.text:ClockP_getCpuFreq)
                  0000f37e    00000004                     : ClockP_tirtos.oem3 (.text:ClockP_getTimeout)
                  0000f382    00000004                     : ClockP_tirtos.oem3 (.text:ClockP_setTimeout)
                  0000f386    00000004                     : ClockP_tirtos.oem3 (.text:ClockP_start)
                  0000f38a    00000004                     : ClockP_tirtos.oem3 (.text:ClockP_stop)
                  0000f38e    00000004                     : HwiP_tirtos.oem3 (.text:HwiP_destruct)
                  0000f392    00000004                     : HwiP_tirtos.oem3 (.text:HwiP_disable)
                  0000f396    00000004                     : HwiP_tirtos.oem3 (.text:HwiP_disableInterrupt)
                  0000f39a    00000004                     : HwiP_tirtos.oem3 (.text:HwiP_enableInterrupt)
                  0000f39e    00000004                     : HwiP_tirtos.oem3 (.text:HwiP_post)
                  0000f3a2    00000004                     : HwiP_tirtos.oem3 (.text:HwiP_setFunc)
                  0000f3a6    00000004                     : HwiP_tirtos.oem3 (.text:HwiP_setPriority)
                  0000f3aa    00000004     driverlib.lib : rfc.obj (.text:NOROM_RFCOverrideUpdate)
                  0000f3ae    00000004     drivers_cc13x0.aem3 : PowerCC26XX.oem3 (.text:PowerCC26XX_switchXOSC_HF)
                  0000f3b2    00000004     dpl_cc13x0.aem3 : SemaphoreP_tirtos.oem3 (.text:SemaphoreP_destruct)
                  0000f3b6    00000004                     : SemaphoreP_tirtos.oem3 (.text:SemaphoreP_post)
                  0000f3ba    00000004                     : SwiP_tirtos.oem3 (.text:SwiP_destruct)
                  0000f3be    00000004                     : SwiP_tirtos.oem3 (.text:SwiP_disable)
                  0000f3c2    00000004                     : SwiP_tirtos.oem3 (.text:SwiP_getTrigger)
                  0000f3c6    00000004                     : SwiP_tirtos.oem3 (.text:SwiP_or)
                  0000f3ca    00000004                     : SwiP_tirtos.oem3 (.text:SwiP_post)
                  0000f3ce    00000004                     : SwiP_tirtos.oem3 (.text:SwiP_setPriority)
                  0000f3d2    00000004                     : SystemP_tirtos.oem3 (.text:SystemP_vsnprintf)
                  0000f3d6    00000004     sysbios.aem3 : BIOS.obj (.text:__aeabi_errno_addr)
                  0000f3da    00000004     drivers_cc13x0.aem3 : PowerCC26XX.oem3 (.text:nopResourceHandler)
                  0000f3de    00000004     rfWsnNode_pem3.oem3 (.text:ti_sysbios_BIOS_RtsGateProxy_enter__E)
                  0000f3e2    00000004     rfWsnNode_pem3.oem3 (.text:ti_sysbios_BIOS_RtsGateProxy_leave__E)
                  0000f3e6    00000004     sysbios.aem3 : BIOS.obj (.text:ti_sysbios_family_arm_cc26xx_Timer_getCount64__E)
                  0000f3ea    00000004                  : BIOS.obj (.text:ti_sysbios_family_arm_cc26xx_Timer_setPeriod__E)
                  0000f3ee    00000004     rfWsnNode_pem3.oem3 (.text:ti_sysbios_family_arm_m3_TaskSupport_Module__startupDone__S)
                  0000f3f2    00000004     sysbios.aem3 : BIOS.obj (.text:ti_sysbios_gates_GateHwi_query__E)
                  0000f3f6    00000004                  : BIOS.obj (.text:ti_sysbios_gates_GateMutex_query__E)
                  0000f3fa    00000004     rfWsnNode_pem3.oem3 (.text:ti_sysbios_heaps_HeapMem_Module_GateProxy_enter__E)
                  0000f3fe    00000004     rfWsnNode_pem3.oem3 (.text:ti_sysbios_heaps_HeapMem_Module_GateProxy_leave__E)
[...]
0000f407  ti_sysbios_knl_Clock_TimerProxy_getMaxTicks__E                  
0000f40b  ti_sysbios_knl_Clock_TimerProxy_setNextTick__E                  
0000f40f  ti_sysbios_knl_Clock_isActive__E                                
0000f413  ti_sysbios_knl_Clock_removeI__E                                 
0000f417  ti_sysbios_knl_Clock_setTimeout__E                              
0000f41b  ti_sysbios_knl_Queue_head__E                                    
0000f41f  ti_sysbios_knl_Queue_next__E                                    
0000f423  ti_sysbios_knl_Semaphore_delete                                 
0000f427  ti_sysbios_knl_Swi_postInit__I                                  
0000f42b  ti_sysbios_knl_Task_delete                                      
0000f42f  ti_sysbios_knl_Task_startup__E                                  
0000f433  xdc_runtime_SysCallback_defaultReady                            
0000f437  xdc_runtime_System_Module_GateProxy_enter__E                    
0000f43b  xdc_runtime_System_Module_GateProxy_leave__E                    
0000f43f  xdc_runtime_SysCallback_defaultAbort                            
0000f441  xdc_runtime_SysCallback_defaultExit                             
0000f443  xdc_runtime_SysCallback_defaultPutch                            
0000f445  xdc_runtime_System_abortSpin__E                                 
0000f447  xdc_runtime_System_exitSpin__E                                  
000134e4  BoardGpioInitTable                                              
00013548  resourceDB                                                      
00013620  spiCC26XXDMAHWAttrs                                             
00013660  ti_sysbios_knl_Task_Object__PARAMS__C                           
000136d4  scifDriverSetup                                                 
00013704  ti_sysbios_family_arm_m3_Hwi_Object__PARAMS__C                  
00013734  UARTCC26XX_fxnTable                                             
0001375c  ti_sysbios_heaps_HeapMem_Module__FXNS__C                        
00013784  ti_sysbios_knl_Swi_Object__PARAMS__C                            
000137ac  uartCC26XXHWAttrs                                               
000137d4  UART_defaultParams                                              
000137f8  ti_sysbios_gates_GateHwi_Module__FXNS__C                        
0001381c  ti_sysbios_gates_GateMutex_Module__FXNS__C                      
00013840  ti_sysbios_heaps_HeapMem_Object__PARAMS__C                      
00013864  ti_sysbios_knl_Clock_Object__PARAMS__C                          
00013888  ti_sysbios_knl_Semaphore_Object__PARAMS__C                      
000138ac  DisplayUartMin_fxnTable                                         
000138cc  SPI_defaultParams                                               
000138ec  ti_sysbios_family_arm_m3_Hwi_Object__DESC__C                    
0001390c  ti_sysbios_gates_GateHwi_Object__DESC__C                        
0001392c  ti_sysbios_gates_GateMutex_Object__DESC__C                      
0001394c  ti_sysbios_heaps_HeapMem_Object__DESC__C                        
0001396c  ti_sysbios_knl_Clock_Object__DESC__C                            
0001398c  ti_sysbios_knl_Event_Object__DESC__C                            
000139ac  ti_sysbios_knl_Queue_Object__DESC__C                            
000139cc  ti_sysbios_knl_Semaphore_Object__DESC__C                        
000139ec  ti_sysbios_knl_Swi_Object__DESC__C                              
00013a0c  ti_sysbios_knl_Task_Object__DESC__C                             
00013a2c  xdc_runtime_Startup_sfxnTab__A                                  
00013a68  I2CCC26XX_fxnTable                                              
00013a80  PowerCC26XX_config                                              
00013a98  SPICC26XXDMA_fxnTable                                           
00013ab0  SPI_config                                                      
00013ac8  i2cCC26xxHWAttrs                                                
00013af8  ti_sysbios_gates_GateHwi_Object__PARAMS__C                      
00013b10  ti_sysbios_gates_GateMutex_Object__PARAMS__C                    
00013b28  ti_sysbios_knl_Event_Object__PARAMS__C                          
00013b40  ti_sysbios_knl_Queue_Object__PARAMS__C                          
00013b58  ti_sysbios_knl_Task_hooks__A                                    
00013b84  displayUartHWAttrs                                              
00013bb8  I2C_defaultParams                                               
00013bd8  xdc_runtime_Startup_sfxnRts__A                                  
00013be8  AESCCM_count                                                    
00013be9  AESGCM_count                                                    
00013bea  AESCBC_count                                                    
00013beb  AESCTR_count                                                    
00013bec  AESECB_count                                                    
00013bed  AESCTRDRBG_count                                                
00013bee  TRNG_count                                                      
00013bef  Display_count                                                   
00013bf0  I2C_count                                                       
00013bf1  I2S_count                                                       
00013bf2  NVS_count                                                       
00013bf3  PWM_count                                                       
00013bf4  SPI_count                                                       
00013bf5  UART_count                                                      
00013bf6  Watchdog_count                                                  
00013bf8  Display_config                                                  
00013c04  I2C_config                                                      
00013c10  RFCC26XX_hwAttrs                                                
00013c1c  UART_config                                                     
00013c28  xdc_runtime_Startup_firstFxns__A                                
00013c3c  PINCC26XX_hwAttrs                                               
00013c44  UDMACC26XX_config                                               
00013c54  ti_sysbios_knl_Idle_funcList__A                                 
00013c5c  ti_sysbios_knl_Idle_funcList__C                                 
00013c64  ti_sysbios_knl_Task_hooks__C                                    
00013c6c  udmaHWAttrs                                                     
00013c74  xdc_runtime_Startup_firstFxns__C                                
00013c7c  xdc_runtime_Startup_lastFxns__C                                 
00013c88  ti_sysbios_family_arm_cc26xx_Timer_funcHookCH1__C               
00013c8c  ti_sysbios_family_arm_cc26xx_Timer_funcHookCH2__C               
00013c90  ti_sysbios_family_arm_cc26xx_Timer_startupNeeded__C             
00013c94  ti_sysbios_family_arm_m3_Hwi_E_alreadyDefined__C                
00013c98  ti_sysbios_family_arm_m3_Hwi_NUM_INTERRUPTS__C                  
00013c9c  ti_sysbios_family_arm_m3_Hwi_Object__count__C                   
00013ca0  ti_sysbios_family_arm_m3_Hwi_ccr__C                             
00013ca4  ti_sysbios_family_arm_m3_Hwi_excHandlerFunc__C                  
00013ca8  ti_sysbios_family_arm_m3_Hwi_nullIsrFunc__C                     
00013cac  ti_sysbios_family_arm_m3_Hwi_priGroup__C                        
00013cb0  ti_sysbios_family_arm_m3_TaskSupport_stackAlignment__C          
00013cb4  ti_sysbios_gates_GateMutex_Instance_State_sem__O                
00013cb8  ti_sysbios_heaps_HeapMem_E_memory__C                            
00013cbc  ti_sysbios_heaps_HeapMem_Module__gateObj__C                     
00013cc0  ti_sysbios_heaps_HeapMem_Object__count__C                       
00013cc4  ti_sysbios_heaps_HeapMem_primaryHeapBaseAddr__C                 
00013cc8  ti_sysbios_heaps_HeapMem_primaryHeapEndAddr__C                  
00013ccc  ti_sysbios_heaps_HeapMem_reqAlign__C                            
00013cd0  ti_sysbios_knl_Clock_Module_State_clockQ__O                     
00013cd4  ti_sysbios_knl_Clock_tickPeriod__C                              
00013cd8  ti_sysbios_knl_Clock_triggerClock__C                            
00013cdc  ti_sysbios_knl_Event_Instance_State_pendQ__O                    
00013ce0  ti_sysbios_knl_Mailbox_Instance_State_freeQue__O                
00013ce4  ti_sysbios_knl_Mailbox_Object__count__C                         
00013ce8  ti_sysbios_knl_Mailbox_maxTypeAlign__C                          
00013cec  ti_sysbios_knl_Semaphore_Instance_State_pendQ__O                
00013cf0  ti_sysbios_knl_Swi_Object__count__C                             
00013cf4  ti_sysbios_knl_Task_Module_State_inactiveQ__O                   
00013cf8  ti_sysbios_knl_Task_Object__count__C                            
00013cfc  ti_sysbios_knl_Task_Object__heap__C                             
00013d00  ti_sysbios_knl_Task_allBlockedFunc__C                           
00013d04  ti_sysbios_knl_Task_defaultStackHeap__C                         
00013d08  ti_sysbios_knl_Task_defaultStackSize__C                         
00013d0c  ti_sysbios_knl_Task_numConstructedTasks__C                      
00013d10  xdc_runtime_Error_E_memory__C                                   
00013d14  xdc_runtime_Error_policyFxn__C                                  
00013d18  xdc_runtime_IGateProvider_Interface__BASE__C                    
00013d1c  xdc_runtime_IHeap_Interface__BASE__C                            
00013d20  xdc_runtime_IModule_Interface__BASE__C                          
00013d24  xdc_runtime_Memory_defaultHeapInstance__C                       
00013d28  xdc_runtime_Startup_execImpl__C                                 
00013d2c  xdc_runtime_Startup_maxPasses__C                                
00013d30  xdc_runtime_Startup_sfxnRts__C                                  
00013d34  xdc_runtime_Startup_sfxnTab__C                                  
00013d38  xdc_runtime_SysCallback_abortFxn__C                             
00013d3c  xdc_runtime_SysCallback_exitFxn__C                              
00013d40  xdc_runtime_SysCallback_putchFxn__C                             
00013d44  xdc_runtime_SysCallback_readyFxn__C                             
00013d48  xdc_runtime_System_Module__gateObj__C                           
00013d4c  xdc_runtime_System_abortFxn__C                                  
00013d50  xdc_runtime_System_exitFxn__C                                   
00013d54  xdc_runtime_System_extendFxn__C                                 
00013d58  xdc_runtime_System_maxAtexitHandlers__C                         
00013d5c  xdc_runtime_Text_charTab__C                                     
00013d60  xdc_runtime_Text_nameEmpty__C                                   
00013d64  xdc_runtime_Text_nameStatic__C                                  
00013d68  xdc_runtime_Text_nameUnknown__C                                 
00013d6e  ti_sysbios_family_arm_m3_Hwi_Module__id__C                      
00013d70  ti_sysbios_heaps_HeapMem_Module__id__C                          
00013d72  xdc_runtime_Memory_Module__id__C                                
00013d74  xdc_runtime_Text_charCnt__C                                     
00013d76  xdc_runtime_Text_isLoaded__C                                    
00013d78  Display_defaultParams                                           
00013d79  EasyLink_numSupportedPhys                                       
00013d7a  xdc_runtime_Error_policy__C                                     
00013d7b  xdc_runtime_Text_charTab__A                                     
00013d80  __TI_static_base__                                              
00014108  __TI_Handler_Table_Base                                         
00014114  __TI_Handler_Table_Limit                                        
00014140  __TI_CINIT_Base                                                 
00014170  __TI_CINIT_Limit                                                
20000000  ti_sysbios_family_arm_m3_Hwi_ramVectors                         
200010f8  ti_sysbios_knl_Task_Instance_State_0_stack__A                   
200012f8  spiCC26XXDMAObjects                                             
200014c0  uartCC26XXObjects                                               
200015ec  i2cCC26xxObjects                                                
200016cc  ti_sysbios_family_arm_m3_Hwi_dispatchTable                      
20001bb0  nodeRadioTask                                                   
20001c00  nodeTask                                                        
20001d50  fastReportTimeoutClock                                          
20001dd4  uartCC26XXRingBuffer                                            
20001df4  udmaObjects                                                     
20001ebc  radioAccessSem                                                  
20001ed8  radioResultSem                                                  
20001f94  nodeEvent                                                       
20001fa8  radioOperationEvent                                             
20002044  displayUartObject                                               
20002050  latestAccelerationAdcValue                                      
2000205c  PowerCC26XX_taskKey                                             
20002060  PowerCC26XX_swiKey                                              
20002087  driverlib_release_0_3_05_20_00001                               
20002088  ClockP_tickPeriod                                               
2000208c  latestHumidAdcValue                                             
20002090  latestPressAdcValue                                             
20002094  latestTempLocalAdcValue                                         
20002098  ti_sysbios_knl_Task_Instance_State_0_hookEnv__A                 
200020a0  __primary_heap_start__                                          
200030a0  __primary_heap_end__                                            
200030a0  pinUpperBound                                                   
200030a4  pinLowerBound                                                   
20003138  pinHandleTable                                                  
200031b4  PowerCC26XX_module                                              
200032c8  EasyLink_supportedPhys                                          
200033e0  pOverrides_sl_lr                                                
2000344c  pOverrides_lrm                                                  
200034ac  pOverrides                                                      
20003508  pOverrides_fsk                                                  
20003564  ti_sysbios_gates_GateMutex_Object__table__V                     
200035b8  RF_PROP_txPowerTable                                            
20003608  ti_sysbios_knl_Task_Object__table__V                            
20003658  ti_sysbios_family_arm_cc26xx_Timer_Object__table__V             
200036a0  ti_sysbios_knl_Task_Module__state__V                            
20003724  ti_sysbios_family_arm_m3_Hwi_Module__state__V                   
20003758  RF_cmdPropRxAdv_preDef                                          
20003788  ti_sysbios_knl_Swi_Module_State_0_readyQ__A                     
200037b8  ti_sysbios_knl_Swi_Object__table__V                             
200037e8  ti_sysbios_knl_Task_Module_State_0_readyQ__A                    
20003818  ti_sysbios_knl_Clock_Module__state__V                           
20003844  RF_cmdPropRadioDivSetup                                         
2000386c  RF_cmdPropRadioDivSetup_fsk                                     
20003894  RF_cmdPropRadioDivSetup_lrm                                     
200038bc  RF_cmdPropRadioDivSetup_sl_lr                                   
2000390c  ti_sysbios_BIOS_Module__state__V                                
20003930  ti_sysbios_knl_Clock_Object__table__V                           
20003950  xdc_runtime_Error_IgnoreBlock                                   
20003970  ti_sysbios_knl_Swi_Module__state__V                             
200039a8  lastAdcValue                                                    
200039aa  luxThreshold                                                    
200039ac  stepCount                                                       
200039b4  lastStepTime                                                    
200039b8  t                                                               
200039c0  RF_cmdFs                                                        
200039d8  RF_cmdFs_preDef                                                 
200039f0  RF_cmdPropTx                                                    
20003a20  ti_sysbios_family_arm_m3_Hwi_Object__table__V                   
20003a38  ti_sysbios_heaps_HeapMem_Object__table__V                       
20003a68  RF_prop                                                         
20003a78  RF_prop_fsk                                                     
20003a88  RF_prop_lrm                                                     
20003a98  RF_prop_sl_lr                                                   
20003ac0  buttonPinTable                                                  
20003ae2  ti_sysbios_family_arm_m3_Hwi_Module_State_0_excActive__A        
20003ae4  _lock                                                           
20003ae8  _unlock                                                         
20003af4  pinTable                                                        
20003afc  ti_sysbios_family_arm_cc26xx_Timer_Module__state__V             
20003b04  ti_sysbios_family_arm_m3_Hwi_Module__root__V                    
20003b0c  ti_sysbios_gates_GateHwi_Module__root__V                        
20003b14  ti_sysbios_gates_GateMutex_Module__root__V                      
20003b1c  ti_sysbios_heaps_HeapMem_Module__root__V                        
20003b24  ti_sysbios_knl_Clock_Module__root__V                            
20003b2c  ti_sysbios_knl_Event_Module__root__V                            
20003b34  ti_sysbios_knl_Queue_Module__root__V                            
20003b3c  ti_sysbios_knl_Semaphore_Module__root__V                        
20003b44  ti_sysbios_knl_Swi_Module__root__V                              
20003b4c  ti_sysbios_knl_Task_Module__root__V                             
20003b54  xdc_runtime_Startup_Module__state__V                            
20003b5c  xdc_runtime_System_Module_State_0_atexitHandlers__A             
20003b64  xdc_runtime_System_Module__state__V                             
20003b6c  main_func_sp                                                    
20003b70  ti_sysbios_family_arm_m3_Hwi_Module_State_0_excContext__A       
20003b74  ti_sysbios_family_arm_m3_Hwi_Module_State_0_excStack__A         
20003b78  ti_sysbios_gates_GateHwi_Object__table__V                       
20003b7c  ti_sysbios_knl_Task_Module_State_0_idleTask__A                  
20003b80  ti_sysbios_rts_ti_ReentSupport_Module__state__V                 
20003b84  xdc_runtime_Memory_Module__state__V                             
20004c00  __stack                                                         
20005000  __STACK_END                                                     
e000e000  ti_sysbios_family_arm_m3_Hwi_nvic                               
ffffffff  __TI_pprof_out_hndl                                             
ffffffff  __TI_prof_data_size                                             
ffffffff  __TI_prof_data_start                                            
ffffffff  __binit__                                                       
ffffffff  __c_args__                                                      
ffffffff  binit                                                           
UNDEFED   SHT$$INIT_ARRAY$$Base                                           
UNDEFED   SHT$$INIT_ARRAY$$Limit                                          

[896 symbols]
