******************************************************************************
                  TI ARM Linker PC v18.12.5                    
******************************************************************************
>> Linked Thu Mar 19 10:01:12 2026

OUTPUT FILE NAME:   <rfPacketTx_CC1350STK_tirtos_ccs.out>
ENTRY POINT SYMBOL: "_c_int00"  address: 00009301


MEMORY CONFIGURATION

         name            origin    length      used     unused   attr    fill
----------------------  --------  ---------  --------  --------  ----  --------
  FLASH                 00000000   00020000  0000f87c  00010784  R  X
  SRAM                  20000000   00005000  000034e0  00001b20  RW X


SEGMENT ALLOCATION MAP

run origin  load origin   length   init length attrs members
----------  ----------- ---------- ----------- ----- -------
00000000    00000000    0000f828   0000f828    r-x
  00000000    00000000    0000b16c   0000b16c    r-x .text
  0000b170    0000b170    00004470   00004470    r-- .const
  0000f5e0    0000f5e0    00000248   00000248    r-- .cinit
0001ffa8    0001ffa8    00000058   00000058    r--
  0001ffa8    0001ffa8    00000058   00000058    r-- .ccfg
20000430    20000430    00000010   00000000    rw-
  20000430    20000430    00000010   00000000    rw- .TI.bound:dmaSpi0RxControlTableEntry
20000440    20000440    00000010   00000000    rw-
  20000440    20000440    00000010   00000000    rw- .TI.bound:dmaSpi0TxControlTableEntry
20000500    20000500    00000010   00000000    rw-
  20000500    20000500    00000010   00000000    rw- .TI.bound:dmaSpi1RxControlTableEntry
20000510    20000510    0000198c   00000000    rw-
  20000510    20000510    00000010   00000000    rw- .TI.bound:dmaSpi1TxControlTableEntry
  20000520    20000520    0000197c   00000000    rw- .bss
20001ea0    20001ea0    00001000   00000000    r--
  20001ea0    20001ea0    00001000   00000000    r-- .priheap
20002ea0    20002ea0    00000724   00000000    rw-
  20002ea0    20002ea0    00000724   00000000    rw- .data
20004c00    20004c00    00000400   00000000    rw-
  20004c00    20004c00    00000400   00000000    rw- .stack


SECTION ALLOCATION MAP

 output                                  attributes/
section   page    origin      length       input sections
--------  ----  ----------  ----------   ----------------
.cinit     0    0000f5e0    00000248     
                  0000f5e0    000001e3     (.cinit..data.load) [load image, compression = lzss]
                  0000f7c3    00000001     --HOLE-- [fill = 0]
                  0000f7c4    0000000c     (__TI_handler_table)
                  0000f7d0    00000008     (.cinit..TI.bound:dmaSpi0RxControlTableEntry.load) [load image, compression = zero_init]
                  0000f7d8    00000008     (.cinit..TI.bound:dmaSpi0TxControlTableEntry.load) [load image, compression = zero_init]
                  0000f7e0    00000008     (.cinit..TI.bound:dmaSpi1RxControlTableEntry.load) [load image, compression = zero_init]
                  0000f7e8    00000008     (.cinit..TI.bound:dmaSpi1TxControlTableEntry.load) [load image, compression = zero_init]
                  0000f7f0    00000008     (.cinit..bss.load) [load image, compression = zero_init]
                  0000f7f8    00000030     (__TI_cinit_table)

.init_array 
*          0    00000000    00000000     UNINITIALIZED

.ccfg      0    0001ffa8    00000058     
                  0001ffa8    00000058     ccfg.obj (.ccfg:retain)

.bss       0    20000520    0000197c     UNINITIALIZED
                  20000520    00000400     NodeRadioTask.obj (.bss:nodeRadioTaskStack)
                  20000920    00000400     rfPacketTx.obj (.bss:nodeTaskStack)
                  20000d20    000003d8     rf_multiMode_cc13x0.aem3 : RFCC26XX_multiMode.oem3 (.bss:$O1$$)
                  200010f8    000001c8     (.common:spiCC26XXDMAObjects)
                  200012c0    0000012c     (.common:uartCC26XXObjects)
                  200013ec    000000e0     (.common:i2cCC26xxObjects)
                  200014cc    00000004     SceAdc.obj (.bss)
                  200014d0    000000a8     EasyLink.obj (.bss:rfObject)
                  20001578    000000a8     rfPacketTx.obj (.bss:rfObject)
                  20001620    0000009c     NodeRadioTask.obj (.bss:currentRadioOperation)
                  200016bc    00000098     NodeRadioTask.obj (.bss:latestRxPacket)
                  20001754    00000098     EasyLink.obj (.bss:rxBuffer)
                  200017ec    00000098     EasyLink.obj (.bss:rxPacket$3)
                  20001884    0000008c     EasyLink.obj (.bss:txBuffer)
                  20001910    00000080     CC1350STK.obj (.bss:uartStringBuf)
                  20001990    00000050     (.common:nodeRadioTask)
                  200019e0    00000050     (.common:nodeTask)
                  20001a30    0000003c     NodeRadioTask.obj (.bss:nodeRadioTaskParams)
                  20001a6c    0000003c     rfPacketTx.obj (.bss:nodeTaskParams)
                  20001aa8    00000030     EasyLink.obj (.bss:EasyLink_cmdPropRxAdv)
                  20001ad8    00000030     scif_framework.obj (.bss:scifData)
                  20001b08    00000028     EasyLink.obj (.bss:EasyLink_cmdPropRadioSetup)
                  20001b30    00000024     (.common:fastReportTimeoutClock)
                  20001b54    00000020     EasyLink.obj (.bss:EasyLink_cmdPropTxAdv)
                  20001b74    00000020     SensorI2C.obj (.bss:buffer)
                  20001b94    00000020     rfPacketTx.obj (.bss:packet)
                  20001bb4    00000020     ExtFlash.obj (.bss:spiParams)
                  20001bd4    00000020     (.common:uartCC26XXRingBuffer)
                  20001bf4    00000020     (.common:udmaObjects)
                  20001c14    0000001c     EasyLink.obj (.bss:EasyLink_cmdPropCs)
                  20001c30    0000001c     scif_framework.obj (.bss:hwiCtrlReady)
                  20001c4c    0000001c     scif_framework.obj (.bss:hwiTaskAlert)
                  20001c68    0000001c     SensorI2C.obj (.bss:mutex)
                  20001c84    0000001c     rfPacketTx.obj (.bss)
                  20001ca0    0000001c     EasyLink.obj (.bss:rfParams)
                  20001cbc    0000001c     scif_framework.obj (.bss:semCtrlReady)
                  20001cd8    0000001c     (.common:radioAccessSem)
                  20001cf4    0000001c     (.common:radioResultSem)
                  20001d10    00000018     EasyLink.obj (.bss)
                  20001d28    00000018     EasyLink.obj (.bss:EasyLink_cmdFs)
                  20001d40    00000018     SensorBmp280.obj (.bss:calData)
                  20001d58    00000015     NodeRadioTask.obj (.bss)
                  20001d6d    00000001     SensorHdc1000.obj (.bss)
                  20001d6e    00000002     SensorTmp007.obj (.bss)
                  20001d70    00000014     rf_multiMode_cc13x0.aem3 : RFCC26XX_multiMode.oem3 (.bss:RF_ratSyncCmd)
                  20001d84    00000014     driverlib.lib : osc.obj (.bss:oscHfGlobals)
                  20001d98    00000014     (.common:nodeEvent)
                  20001dac    00000014     (.common:radioOperationEvent)
                  20001dc0    00000010     EasyLink.obj (.bss:EasyLink_RF_prop)
                  20001dd0    00000010     EasyLink.obj (.bss:EasyLink_params)
                  20001de0    00000010     SensorMpu9250.obj (.bss)
                  20001df0    00000010     SensorI2C.obj (.bss:i2cParams)
                  20001e00    0000000c     rfPacketTx.obj (.bss:buttonPinState)
                  20001e0c    0000000c     NodeRadioTask.obj (.bss:dmSensorPacket)
                  20001e18    0000000c     rfPacketTx.obj (.bss:ledPinState)
                  20001e24    0000000c     SensorMpu9250.obj (.bss:pinGpioState)
                  20001e30    0000000c     ExtFlash.obj (.bss:pinState)
                  20001e3c    0000000c     EasyLink.obj (.bss:rxStatistics)
                  20001e48    0000000c     (.common:displayUartObject)
                  20001e54    0000000c     (.common:latestAccelerationAdcValue)
                  20001e60    00000008     dpl_cc13x0.aem3 : PowerCC26XX_tirtos.oem3 (.bss:$O1$$)
                  20001e68    00000008     EasyLink.obj (.bss:dataQueue)
                  20001e70    00000008     driverlib.lib : sys_ctrl.obj (.bss:powerQualGlobals)
                  20001e78    00000006     SensorI2C.obj (.bss)
                  20001e7e    00000004     SensorHdc1000.obj (.bss:data)
                  20001e82    00000004     ExtFlash.obj (.bss:infoBuf)
                  20001e86    00000004     SensorMpu9250.obj (.bss:rawData$2)
                  20001e8a    00000001     rf_multiMode_cc13x0.aem3 : RFCC26XX_multiMode.oem3 (.bss)
                  20001e8b    00000001     (.common:driverlib_release_0_3_05_20_00001)
                  20001e8c    00000004     (.common:ClockP_tickPeriod)
                  20001e90    00000004     (.common:latestHumidAdcValue)
                  20001e94    00000004     (.common:latestPressAdcValue)
                  20001e98    00000004     (.common:latestTempLocalAdcValue)

.data      0    20002ea0    00000724     UNINITIALIZED
                  20002ea0    00000114     drivers_cc13x0.aem3 : PINCC26XX.oem3 (.data:$O1$$)
                  20002fb4    00000114                         : PowerCC26XX.oem3 (.data:PowerCC26XX_module)
                  200030c8    00000090     easylink_config.obj (.data:EasyLink_supportedPhys)
                  20003158    0000006c     smartrf_settings_predefined.obj (.data:pOverrides_sl_lr)
                  200031c4    00000060     smartrf_settings_predefined.obj (.data:pOverrides_lrm)
                  20003224    0000005c     smartrf_settings_predefined.obj (.data:pOverrides_fsk)
                  20003280    00000058     smartrf_settings.obj (.data:pOverrides)
                  200032d8    00000050     smartrf_settings_predefined.obj (.data:RF_PROP_txPowerTable)
                  20003328    00000040     EasyLink.obj (.data:addrFilterTable)
                  20003368    00000030     smartrf_settings_predefined.obj (.data:RF_cmdPropRxAdv_preDef)
                  20003398    00000030     rfPacketTx.obj (.data)
                  200033c8    00000028     smartrf_settings.obj (.data:RF_cmdPropRadioDivSetup)
                  200033f0    00000028     smartrf_settings_predefined.obj (.data:RF_cmdPropRadioDivSetup_fsk)
                  20003418    00000028     smartrf_settings_predefined.obj (.data:RF_cmdPropRadioDivSetup_lrm)
                  20003440    00000028     smartrf_settings_predefined.obj (.data:RF_cmdPropRadioDivSetup_sl_lr)
                  20003468    00000028     ExtFlash.obj (.data:flashInfo)
                  20003490    0000001c     EasyLink.obj (.data:txTestCmd$4)
                  200034ac    00000018     smartrf_settings.obj (.data:RF_cmdFs)
                  200034c4    00000018     smartrf_settings_predefined.obj (.data:RF_cmdFs_preDef)
                  200034dc    00000018     smartrf_settings.obj (.data:RF_cmdPropTx)
                  200034f4    00000018     EasyLink.obj (.data:rxTestCmd$5)
                  2000350c    00000017     EasyLink.obj (.data)
                  20003523    00000001     NodeRadioTask.obj (.data)
                  20003524    00000010     smartrf_settings.obj (.data:RF_prop)
                  20003534    00000010     smartrf_settings_predefined.obj (.data:RF_prop_fsk)
                  20003544    00000010     smartrf_settings_predefined.obj (.data:RF_prop_lrm)
                  20003554    00000010     smartrf_settings_predefined.obj (.data:RF_prop_sl_lr)
                  20003564    0000000c     ExtFlash.obj (.data)
                  20003570    0000000c     SensorMpu9250.obj (.data:MpuPinTable)
                  2000357c    0000000c     rfPacketTx.obj (.data:buttonPinTable)
                  20003588    0000000c     scif_framework.obj (.data)
                  20003594    00000009     SensorMpu9250.obj (.data)
                  2000359d    00000001     drivers_cc13x0.aem3 : I2C.oem3 (.data)
                  2000359e    00000001                         : SPI.oem3 (.data)
                  2000359f    00000001                         : UART.oem3 (.data)
                  200035a0    00000008     rtsv7M3_T_le_eabi.lib : _lock.c.obj (.data:$O1$$)
                  200035a8    00000008     ExtFlash.obj (.data:BoardFlashPinTable)
                  200035b0    00000008     rfPacketTx.obj (.data:pinTable)
                  200035b8    00000004     rtsv7M3_T_le_eabi.lib : errno.c.obj (.data)
                  200035bc    00000004                           : rand.c.obj (.data)
                  200035c0    00000004                           : stkdepth_vars.c.obj (.data)

.priheap   0    20001ea0    00001000     UNINITIALIZED
                  20001ea0    00001000     --HOLE--

.stack     0    20004c00    00000400     UNINITIALIZED
                  20004c00    00000400     --HOLE--

.bootVecs 
*          0    00000000    00000008     DSECT
                  00000000    00000008     boot.aem3 : boot.oem3 (.bootVecs)

xdc.meta   0    00000000    00000000     COPY SECTION

xdc.noload 
*          0    00000000    00000000     COPY SECTION

.TI.bound:dmaSpi0RxControlTableEntry 
*          0    20000430    00000010     UNINITIALIZED
                  20000430    00000010     drivers_cc13x0.aem3 : SPICC26XXDMA.oem3 (.TI.bound:dmaSpi0RxControlTableEntry)

.TI.bound:dmaSpi0TxControlTableEntry 
*          0    20000440    00000010     UNINITIALIZED
                  20000440    00000010     drivers_cc13x0.aem3 : SPICC26XXDMA.oem3 (.TI.bound:dmaSpi0TxControlTableEntry)

.TI.bound:dmaSpi1RxControlTableEntry 
*          0    20000500    00000010     UNINITIALIZED
                  20000500    00000010     drivers_cc13x0.aem3 : SPICC26XXDMA.oem3 (.TI.bound:dmaSpi1RxControlTableEntry)

.TI.bound:dmaSpi1TxControlTableEntry 
*          0    20000510    00000010     UNINITIALIZED
                  20000510    00000010     drivers_cc13x0.aem3 : SPICC26XXDMA.oem3 (.TI.bound:dmaSpi1TxControlTableEntry)

.binit     0    00000000    00000000     

.text      0    00000000    0000b16c     
                  00000000    00000690     EasyLink.obj (.text:EasyLink_init)
                  00000690    0000048c     rf_multiMode_cc13x0.aem3 : RFCC26XX_multiMode.oem3 (.text:RF_fsmActiveState)
                  00000b1c    0000032c     rfPacketTx.obj (.text:nodeTaskFunction)
                  00000e48    0000030c     drivers_cc13x0.aem3 : PowerCC26XX_calibrateRCOSC.oem3 (.text:PowerCC26XX_auxISR)
                  00001154    00000288     rf_multiMode_cc13x0.aem3 : RFCC26XX_multiMode.oem3 (.text:RF_scheduleCmd)
                  000013dc    00000254     rfPacketTx.obj (.text:updateDisplay)
                  00001630    00000238     driverlib.lib : sys_ctrl.obj (.text:NOROM_SysCtrlSetRechargeBeforePowerDown)
                  00001868    00000238     drivers_cc13x0.aem3 : SPICC26XXDMA.oem3 (.text:SPICC26XXDMA_transfer)
                  00001aa0    00000238     NodeRadioTask.obj (.text:nodeRadioTaskFunction)
                  00001cd8    00000230     EasyLink.obj (.text:enableTestMode)
                  00001f08    00000224     drivers_cc13x0.aem3 : PowerCC26XX.oem3 (.text:Power_sleep)
                  0000212c    00000208     EasyLink.obj (.text:EasyLink_transmit)
                  00002334    000001fc     rtsv7M3_T_le_eabi.lib : s_exp2.c.obj (.text:exp2)
                  00002530    000001d8     rf_multiMode_cc13x0.aem3 : RFCC26XX_multiMode.oem3 (.text:RF_open)
                  00002708    000001d0     rfPacketTx.obj (.text:mainThread)
                  000028d8    000001c4     EasyLink.obj (.text:EasyLink_receiveAsync)
                  00002a9c    000001b6     rtsv7M3_T_le_eabi.lib : fd_add_t2.asm.obj (.text)
                  00002c52    00000002     display.aem3 : DisplayUart.oem3 (.text:DisplayUartMin_clear)
                  00002c54    000001b4     EasyLink.obj (.text:rxDoneCallback)
                  00002e08    000001b0     drivers_cc13x0.aem3 : PINCC26XX.oem3 (.text:PIN_init)
                  00002fb8    00000194     SensorBmp280.obj (.text:SensorBmp280_convert)
                  0000314c    00000190     drivers_cc13x0.aem3 : PowerCC26XX_calibrateRCOSC.oem3 (.text:PowerCC26XX_doCalibrate)
                  000032dc    00000180     NodeRadioTask.obj (.text:sendDmPacket)
                  0000345c    00000170     rtsv7M3_T_le_eabi.lib : e_sqrt.c.obj (.text:sqrt)
                  000035cc    00000164     drivers_cc13x0.aem3 : UARTCC26XX.oem3 (.text:UARTCC26XX_open)
                  00003730    00000158                         : SPICC26XXDMA.oem3 (.text:SPICC26XXDMA_initIO)
                  00003888    00000154     rf_multiMode_cc13x0.aem3 : RFCC26XX_multiMode.oem3 (.text:RF_fsmSetupState)
                  000039dc    0000014c     drivers_cc13x0.aem3 : I2CCC26XX.oem3 (.text:I2CCC26XX_open)
                  00003b28    00000148                         : UARTCC26XX.oem3 (.text:UARTCC26XX_hwiIntFxn)
                  00003c70    00000136                         : UARTCC26XX.oem3 (.text:UARTCC26XX_read)
                  00003da6    00000136     rtsv7M3_T_le_eabi.lib : fd_div_t2.asm.obj (.text)
                  00003edc    00000134     rf_multiMode_cc13x0.aem3 : RFCC26XX_multiMode.oem3 (.text:RF_abortCmd)
                  00004010    00000128     smartrf_settings.obj (.text:rf_patch_rfe_genfsk)
                  00004138    00000128     smartrf_settings_predefined.obj (.text:rf_patch_rfe_genfsk)
                  00004260    00000128     smartrf_settings_predefined.obj (.text:rf_patch_rfe_lrm)
                  00004388    00000128     smartrf_settings_predefined.obj (.text:rf_patch_rfe_sl_longrange)
                  000044b0    00000124     rf_multiMode_cc13x0.aem3 : RFCC26XX_multiMode.oem3 (.text:RF_dispatchNextCmd)
                  000045d4    00000120     drivers_cc13x0.aem3 : I2CCC26XX.oem3 (.text:I2CCC26XX_hwiFxn)
                  000046f4    0000011c                         : SPICC26XXDMA.oem3 (.text:SPICC26XXDMA_open)
                  00004810    00000118     rf_multiMode_cc13x0.aem3 : RFCC26XX_multiMode.oem3 (.text:RF_radioOpDoneCb)
                  00004928    00000114     drivers_cc13x0.aem3 : PowerCC26XX.oem3 (.text:Power_init)
                  00004a3c    00000110                         : PINCC26XX.oem3 (.text:PINCC26XX_setIoCfg)
                  00004b4c    00000110     rf_multiMode_cc13x0.aem3 : RFCC26XX_multiMode.oem3 (.text:RF_close)
                  00004c5c    0000010c     drivers_cc13x0.aem3 : SPICC26XXDMA.oem3 (.text:SPICC26XXDMA_configDMA)
                  00004d68    00000100     scif_framework.obj (.text:scifInit)
                  00004e68    000000fc     rtsv7M3_T_le_eabi.lib : fd_mul_t2.asm.obj (.text)
                  00004f64    000000fa                           : fs_add_t2.asm.obj (.text)
                  0000505e    00000002     display.aem3 : DisplayUart.oem3 (.text:DisplayUartMin_clearLines)
                  00005060    000000f0     EasyLink.obj (.text:EasyLink_enableRxAddrFilter)
                  00005150    000000e8     EasyLink.obj (.text:EasyLink_setCtrl)
                  00005238    000000e8     rf_multiMode_cc13x0.aem3 : RFCC26XX_multiMode.oem3 (.text:RF_fsmPowerUpState)
                  00005320    000000e4     dpl_cc13x0.aem3 : PowerCC26XX_tirtos.oem3 (.text:PowerCC26XX_standbyPolicy)
                  00005404    000000e4     drivers_cc13x0.aem3 : SPICC26XXDMA.oem3 (.text:SPICC26XXDMA_transferCancel)
                  000054e8    000000e4     rfPacketTx.obj (.text:countSteps)
                  000055cc    000000e2     drivers_cc13x0.aem3 : UARTCC26XX.oem3 (.text:UARTCC26XX_write)
                  000056ae    00000002     display.aem3 : DisplayUart.oem3 (.text:DisplayUartMin_init)
                  000056b0    000000e0     scif_framework.obj (.text:scifCtrlTasksNbl)
                  00005790    000000d6     drivers_cc13x0.aem3 : I2CCC26XX.oem3 (.text:I2CCC26XX_transfer)
                  00005866    00000002     rf_multiMode_cc13x0.aem3 : RFCC26XX_multiMode.oem3 (.text:RF_defaultCallback)
                  00005868    000000d4     driverlib.lib : rfc.obj (.text:NOROM_RFCRfTrimRead)
                  0000593c    000000d4     rf_multiMode_cc13x0.aem3 : RFCC26XX_multiMode.oem3 (.text:RF_pendCmd)
                  00005a10    000000cc     driverlib.lib : rfc.obj (.text:NOROM_RFCRTrim)
                  00005adc    000000cc     rf_multiMode_cc13x0.aem3 : RFCC26XX_multiMode.oem3 (.text:RF_swiHw)
                  00005ba8    000000c4                              : RFCC26XX_multiMode.oem3 (.text:RF_control)
                  00005c6c    000000c4     smartrf_settings_predefined.obj (.text:rf_patch_mce_sl_longrange)
                  00005d30    000000bc     drivers_cc13x0.aem3 : PowerCC26XX.oem3 (.text:Power_releaseDependency)
                  00005dec    000000b8     rf_multiMode_cc13x0.aem3 : RFCC26XX_multiMode.oem3 (.text:RF_postCmd)
                  00005ea4    000000b4     drivers_cc13x0.aem3 : PowerCC26XX.oem3 (.text:Power_setDependency)
                  00005f58    000000b0     NodeRadioTask.obj (.text:NodeRadioTask_init)
                  00006008    000000b0     rf_multiMode_cc13x0.aem3 : RFCC26XX_multiMode.oem3 (.text:RF_hwiCpe0Active)
                  000060b8    000000b0     NodeRadioTask.obj (.text:rxDoneCallback)
                  00006168    000000a8     rf_multiMode_cc13x0.aem3 : RFCC26XX_multiMode.oem3 (.text:RF_ratRestartChannels)
                  00006210    000000a4     drivers_cc13x0.aem3 : UARTCC26XX.oem3 (.text:UARTCC26XX_initHw)
                  000062b4    000000a4     SensorMpu9250.obj (.text:sensorMagInit)
                  00006358    000000a4     drivers_cc13x0.aem3 : PowerCC26XX.oem3 (.text:switchXOSCHFclockFunc)
                  000063fc    000000a0     rfPacketTx.obj (.text:NodeTask_init)
                  0000649c    000000a0     drivers_cc13x0.aem3 : PINCC26XX.oem3 (.text:PIN_open)
                  0000653c    000000a0                         : SPICC26XXDMA.oem3 (.text:SPICC26XXDMA_hwiFxn)
                  000065dc    000000a0     SensorI2C.obj (.text:SensorI2C_select)
                  0000667c    000000a0     auto_init.aem3 : auto_init.oem3 (.text)
                  0000671c    0000009c     rf_multiMode_cc13x0.aem3 : RFCC26XX_multiMode.oem3 (.text:RF_calculateDispatchTime)
                  000067b8    0000009c     rtsv7M3_T_le_eabi.lib : memcpy_t2.asm.obj (.text)
                  00006854    00000098     drivers_cc13x0.aem3 : UARTCC26XX.oem3 (.text:UARTCC26XX_initIO)
                  000068ec    00000098     smartrf_settings.obj (.text:configureGenfskPatch)
                  00006984    00000098     smartrf_settings_predefined.obj (.text:configureGenfskPatch)
                  00006a1c    00000098     smartrf_settings_predefined.obj (.text:configureLrmPatch)
                  00006ab4    00000098     smartrf_settings_predefined.obj (.text:configureSlLongrangePatch)
                  00006b4c    00000092     rtsv7M3_T_le_eabi.lib : fs_div_t2.asm.obj (.text)
                  00006bde    00000002                           : _lock.c.obj (.text:_nop)
                  00006be0    00000090     drivers_cc13x0.aem3 : I2CCC26XX.oem3 (.text:I2CCC26XX_cancel)
                  00006c70    00000090     rf_multiMode_cc13x0.aem3 : RFCC26XX_multiMode.oem3 (.text:RF_discardPendCmd)
                  00006d00    00000090     drivers_cc13x0.aem3 : SPICC26XXDMA.oem3 (.text:SPICC26XXDMA_control)
                  00006d90    00000090     SensorMpu9250.obj (.text:SensorMpu9250_reset)
                  00006e20    0000008e     drivers_cc13x0.aem3 : UARTCC26XX.oem3 (.text:UARTCC26XX_writeCancel)
                  00006eae    00000002     SceAdc.obj (.text:ctrlReadyCallback)
                  00006eb0    0000008c     drivers_cc13x0.aem3 : I2CCC26XX.oem3 (.text:I2CCC26XX_primeTransfer)
                  00006f3c    0000008c                         : SPICC26XXDMA.oem3 (.text:SPICC26XXDMA_swiFxn)
                  00006fc8    0000008c     scif_framework.obj (.text:scifInitIo)
                  00007054    00000088     SensorMpu9250.obj (.text:sensorMpu9250WakeUp)
                  000070dc    00000086     rtsv7M3_T_le_eabi.lib : fd_cmp_t2.asm.obj (.text:__aeabi_cdcmple)
                  00007162    00000086                           : fd_cmp_t2.asm.obj (.text:__aeabi_cdrcmple)
                  000071e8    00000084     CC1350STK_fxns.obj (.text:CC1350STK_sendExtFlashByte)
                  0000726c    00000084     rf_multiMode_cc13x0.aem3 : RFCC26XX_multiMode.oem3 (.text:RF_issueRadioFreeCb)
                  000072f0    00000084     drivers_cc13x0.aem3 : UARTCC26XX.oem3 (.text:UARTCC26XX_close)
                  00007374    00000080                         : UARTCC26XX.oem3 (.text:writeTxFifoFlush)
                  000073f4    0000007e     rf_multiMode_cc13x0.aem3 : RFCC26XX_multiMode.oem3 (.text:RF_verifyGap)
                  00007472    00000002     drivers_cc13x0.aem3 : PowerCC26XX.oem3 (.text:emptyClockFunc)
                  00007474    0000007c     rf_multiMode_cc13x0.aem3 : RFCC26XX_multiMode.oem3 (.text:RF_ratFreeChannel)
                  000074f0    0000007c     SensorHdc1000.obj (.text:SensorHdc1000_read)
                  0000756c    0000007c     main_tirtos.obj (.text:main)
                  000075e8    0000007a     rtsv7M3_T_le_eabi.lib : fs_mul_t2.asm.obj (.text)
                  00007662    0000007a                           : memset_t2.asm.obj (.text)
                  000076dc    00000078     SensorHdc1000.obj (.text:SensorHdc1000_convert)
                  00007754    00000074     rf_multiMode_cc13x0.aem3 : RFCC26XX_multiMode.oem3 (.text:RF_yield)
                  000077c8    00000074     SensorMpu9250.obj (.text:SensorMpu9250_test)
                  0000783c    00000074     NodeRadioTask.obj (.text:resendPacket)
                  000078b0    00000072     SensorOpt3001.obj (.text:SensorOpt3001_read)
                  00007922    00000002     smartrf_settings.obj (.text:enterGenfskSysPatch)
                  00007924    00000070     rf_multiMode_cc13x0.aem3 : RFCC26XX_multiMode.oem3 (.text:RF_hwiHw)
                  00007994    00000070     SensorI2C.obj (.text:SensorI2C_open)
                  00007a04    00000070     scif_framework.obj (.text:scifGetTaskStruct)
                  00007a74    0000006e     rtsv7M3_T_le_eabi.lib : fd_tos_t2.asm.obj (.text)
                  00007ae2    00000002     smartrf_settings_predefined.obj (.text:enterGenfskSysPatch)
                  00007ae4    0000006c     drivers_cc13x0.aem3 : PowerCC26XX_calibrateRCOSC.oem3 (.text:PowerCC26XX_initiateCalibration)
                  00007b50    0000006c     rf_multiMode_cc13x0.aem3 : RFCC26XX_multiMode.oem3 (.text:RF_initRadioSetup)
                  00007bbc    0000006c     SensorMpu9250.obj (.text:SensorMpu9250_accSetRange)
                  00007c28    00000068     drivers_cc13x0.aem3 : I2CCC26XX.oem3 (.text:I2CCC26XX_swiFxn)
                  00007c90    00000068     driverlib.lib : sys_ctrl.obj (.text:NOROM_SysCtrlAdjustRechargeAfterPowerDown)
                  00007cf8    00000068                   : sys_ctrl.obj (.text:NOROM_SysCtrl_DCDC_VoltageConditionalControl)
                  00007d60    00000068     drivers_cc13x0.aem3 : PINCC26XX.oem3 (.text:PIN_add)
                  00007dc8    00000068     rtsv7M3_T_le_eabi.lib : copy_decompress_lzss.c.obj (.text:decompress:lzss:__TI_decompress_lzss)
                  00007e30    00000068     ExtFlash.obj (.text:extFlashVerifyPart)
                  00007e98    00000068     drivers_cc13x0.aem3 : PowerCC26XX.oem3 (.text:lfClockReadyCallback)
                  00007f00    00000064     ExtFlash.obj (.text:ExtFlash_open)
                  00007f64    00000064     driverlib.lib : osc.obj (.text:NOROM_OSCHF_AttemptToSwitchToXosc)
                  00007fc8    00000064     NodeRadioTask.obj (.text:NodeRadioTask_sendAdcData)
                  0000802c    00000064     rf_multiMode_cc13x0.aem3 : RFCC26XX_multiMode.oem3 (.text:RF_checkForPreemption)
                  00008090    00000064                              : RFCC26XX_multiMode.oem3 (.text:RF_dispatchNextEvent)
                  000080f4    00000064     SensorI2C.obj (.text:SensorI2C_writeReg)
                  00008158    00000064     drivers_cc13x0.aem3 : PowerCC26XX.oem3 (.text:configureXOSCHF)
                  000081bc    00000060     driverlib.lib : osc.obj (.text:NOROM_OSCClockSourceSet)
                  0000821c    00000060     drivers_cc13x0.aem3 : PowerCC26XX.oem3 (.text:PowerCC26XX_calibrate)
                  0000827c    00000060     rf_multiMode_cc13x0.aem3 : RFCC26XX_multiMode.oem3 (.text:RF_getCurrentTime)
                  000082dc    00000060     SensorOpt3001.obj (.text:SensorOpt3001_convert)
                  0000833c    00000060     SensorTmp007.obj (.text:SensorTmp007_enable)
                  0000839c    00000060     drivers_cc13x0.aem3 : UARTCC26XX.oem3 (.text:UARTCC26XX_control)
                  000083fc    00000060     rtsv7M3_T_le_eabi.lib : fs_cmp_t2.asm.obj (.text:__aeabi_cfrcmple)
                  0000845c    00000060     EasyLink.obj (.text:calculateCmdTime)
                  000084bc    0000005e     drivers_cc13x0.aem3 : UARTCC26XX.oem3 (.text:UARTCC26XX_swiIntFxn)
                  0000851a    00000002     smartrf_settings_predefined.obj (.text:enterLrmSysPatch)
                  0000851c    0000005c     display.aem3 : Display.oem3 (.text:Display_doOpen)
                  00008578    0000005c     drivers_cc13x0.aem3 : I2CCC26XX.oem3 (.text:I2CCC26XX_close)
                  000085d4    0000005c                         : PowerCC26XX_calibrateRCOSC.oem3 (.text:PowerCC26XX_RCOSC_clockFunc)
                  00008630    0000005c     rf_multiMode_cc13x0.aem3 : RFCC26XX_multiMode.oem3 (.text:RF_hwiCpe0PowerFsm)
                  0000868c    0000005c                              : RFCC26XX_multiMode.oem3 (.text:RF_syncCb)
                  000086e8    0000005c     drivers_cc13x0.aem3 : UDMACC26XX.oem3 (.text:UDMACC26XX_open)
                  00008744    0000005c     SensorMpu9250.obj (.text:sensorMagEnable)
                  000087a0    0000005a     SensorBmp280.obj (.text:SensorBmp280_read)
                  000087fa    0000005a     EasyLink.obj (.text:createTxAdvFromTx)
                  00008854    00000058     drivers_cc13x0.aem3 : PINCC26XX.oem3 (.text:PIN_remove)
                  000088ac    00000058     rf_multiMode_cc13x0.aem3 : RFCC26XX_multiMode.oem3 (.text:RF_cmdDispatchTime)
                  00008904    00000058     drivers_cc13x0.aem3 : SPICC26XXDMA.oem3 (.text:SPICC26XXDMA_initHw)
                  0000895c    00000058     SensorUtil.obj (.text:SensorUtil_convertToLe)
                  000089b4    00000058     scif_framework.obj (.text:scifReinitIo)
                  00008a0c    00000058     scif_framework.obj (.text:scifUninitIo)
                  00008a64    00000054     rf_multiMode_cc13x0.aem3 : RFCC26XX_multiMode.oem3 (.text:RF_applyRfCorePatch)
                  00008ab8    00000054     SceAdc.obj (.text:SceAdc_init)
                  00008b0c    00000054     SensorI2C.obj (.text:SensorI2C_writeRead)
                  00008b60    00000052     drivers_cc13x0.aem3 : SPICC26XXDMA.oem3 (.text:SPICC26XXDMA_close)
                  00008bb2    00000002     smartrf_settings_predefined.obj (.text:enterSlLongrangeSysPatch)
                  00008bb4    00000050     dpl_cc13x0.aem3 : ClockP_tirtos.oem3 (.text:ClockP_construct)
                  00008c04    00000050     rf_multiMode_cc13x0.aem3 : RFCC26XX_multiMode.oem3 (.text:RF_fsmXOSCState)
                  00008c54    00000050                              : RFCC26XX_multiMode.oem3 (.text:RF_wakeupNotification)
                  00008ca4    00000050     SensorMpu9250.obj (.text:sensorMpu9250SelectAxes)
                  00008cf4    00000050     SensorMpu9250.obj (.text:sensorMpuSleep)
                  00008d44    00000050     drivers_cc13x0.aem3 : UARTCC26XX.oem3 (.text:startTxFifoEmptyClk)
                  00008d94    0000004c     CC1350STK_fxns.obj (.text:CC1350STK_wakeUpExtFlash)
                  00008de0    0000004c     ExtFlash.obj (.text:ExtFlash_waitReady)
                  00008e2c    0000004c     drivers_cc13x0.aem3 : I2CCC26XX.oem3 (.text:I2CCC26XX_initHw)
                  00008e78    0000004c     SensorI2C.obj (.text:SensorI2C_read)
                  00008ec4    0000004c     SensorI2C.obj (.text:SensorI2C_write)
                  00008f10    0000004c     ExtFlash.obj (.text:Spi_open)
                  00008f5c    0000004c     rtsv7M3_T_le_eabi.lib : cpy_tbl.c.obj (.text:copy_in)
                  00008fa8    0000004c     SensorMpu9250.obj (.text:sensorMpu9250SetBypass)
                  00008ff4    0000004a     display.aem3 : DisplayUart.oem3 (.text:DisplayUartMin_open)
                  0000903e    0000004a     drivers_cc13x0.aem3 : UARTCC26XX.oem3 (.text:UARTCC26XX_readCancel)
                  00009088    00000048     ExtFlash.obj (.text:ExtFlash_readInfo)
                  000090d0    00000048     drivers_cc13x0.aem3 : PINCC26XX.oem3 (.text:PIN_setOutputEnable)
                  00009118    00000048     SensorMpu9250.obj (.text:SensorMpu9250_enable)
                  00009160    00000048     drivers_cc13x0.aem3 : UARTCC26XX.oem3 (.text:writeFinishedDoCallback)
                  000091a8    00000046     display.aem3 : DisplayUart.oem3 (.text:DisplayUartMin_vprintf)
                  000091ee    00000046     SensorMpu9250.obj (.text:SensorMpu9250_accRead)
                  00009234    00000044     drivers_cc13x0.aem3 : RingBuf.oem3 (.text:RingBuf_put)
                  00009278    00000044                         : SPICC26XXDMA.oem3 (.text:SPICC26XXDMA_csnCallback)
                  000092bc    00000044     SensorBmp280.obj (.text:SensorBmp280_init)
                  00009300    00000044     boot.aem3 : boot.oem3 (.text)
                  00009344    00000044     scif.obj (.text:scifStartRtcTicks)
                  00009388    00000040     CC1350STK_fxns.obj (.text:CC1350STK_shutDownExtFlash)
                  000093c8    00000040     drivers_cc13x0.aem3 : I2C.oem3 (.text:I2C_init)
                  00009408    00000040                         : I2C.oem3 (.text:I2C_open)
                  00009448    00000040                         : PINCC26XX.oem3 (.text:PINCC26XX_getConfig)
                  00009488    00000040                         : PINCC26XX.oem3 (.text:PIN_swi)
                  000094c8    00000040                         : SPI.oem3 (.text:SPI_init)
                  00009508    00000040                         : SPI.oem3 (.text:SPI_open)
                  00009548    00000040                         : UART.oem3 (.text:UART_init)
                  00009588    00000040                         : UART.oem3 (.text:UART_open)
                  000095c8    00000040     ExtFlash.obj (.text:extFlashPowerStandby)
                  00009608    00000040     scif.obj (.text:scifStartRtcTicksNow)
                  00009648    0000003e     dpl_cc13x0.aem3 : HwiP_tirtos.oem3 (.text:HwiP_construct)
                  00009686    0000003e     drivers_cc13x0.aem3 : RingBuf.oem3 (.text:RingBuf_get)
                  000096c4    0000003c     driverlib.lib : osc.obj (.text:NOROM_OSC_HPOSCRelativeFrequencyOffsetGet)
                  00009700    0000003c                   : rfc.obj (.text:NOROM_RFCSynthPowerDown)
                  0000973c    0000003c     drivers_cc13x0.aem3 : PowerCC26XX.oem3 (.text:PowerCC26XX_isStableXOSC_HF)
                  00009778    0000003c     rf_multiMode_cc13x0.aem3 : RFCC26XX_multiMode.oem3 (.text:RF_cmdGet)
                  000097b4    0000003c                              : RFCC26XX_multiMode.oem3 (.text:RF_cmdStoreEvents)
                  000097f0    0000003c     dpl_cc13x0.aem3 : SwiP_tirtos.oem3 (.text:SwiP_construct)
                  0000982c    0000003c     drivers_cc13x0.aem3 : PowerCC26XX.oem3 (.text:disableLfClkQualifiersEnableClkLoss)
                  00009868    00000038     ExtFlash.obj (.text:ExtFlash_close)
                  000098a0    00000038     drivers_cc13x0.aem3 : PINCC26XX.oem3 (.text:PIN_setConfig)
                  000098d8    00000038                         : PINCC26XX.oem3 (.text:PIN_setInterrupt)
                  00009910    00000038                         : PINCC26XX.oem3 (.text:PIN_setOutputValue)
                  00009948    00000038     rf_multiMode_cc13x0.aem3 : RFCC26XX_multiMode.oem3 (.text:RF_checkCmdFsError)
                  00009980    00000038                              : RFCC26XX_multiMode.oem3 (.text:RF_powerConstraintRelease)
                  000099b8    00000038     SensorMpu9250.obj (.text:SensorMpu9250_init)
                  000099f0    00000038     SensorOpt3001.obj (.text:SensorOpt3001_enable)
                  00009a28    00000038     ExtFlash.obj (.text:Spi_read)
                  00009a60    00000038     ExtFlash.obj (.text:Spi_write)
                  00009a98    00000038     drivers_cc13x0.aem3 : UARTCC26XX.oem3 (.text:readData)
                  00009ad0    00000038     rtsv7M3_T_le_eabi.lib : fs_tod_t2.asm.obj (.text)
                  00009b08    00000038                           : fs_toi_t2.asm.obj (.text)
                  00009b40    00000038     drivers_cc13x0.aem3 : UARTCC26XX.oem3 (.text:writeData)
                  00009b78    00000036     SensorBmp280.obj (.text:SensorBmp280_enable)
                  00009bae    00000036     drivers_cc13x0.aem3 : UDMACC26XX.oem3 (.text:UDMACC26XX_close)
                  00009be4    00000034     driverlib.lib : osc.obj (.text:NOROM_OSCHF_SwitchToRcOscTurnOffXosc)
                  00009c18    00000034     drivers_cc13x0.aem3 : PowerCC26XX.oem3 (.text:Power_releaseConstraint)
                  00009c4c    00000034     SensorHdc1000.obj (.text:SensorHdc1000_init)
                  00009c80    00000034     rfPacketTx.obj (.text:buttonCallback)
                  00009cb4    00000034     drivers_cc13x0.aem3 : PowerCC26XX.oem3 (.text:notify)
                  00009ce8    00000034     rtsv7M3_T_le_eabi.lib : rand.c.obj (.text:rand)
                  00009d1c    00000034     scif_framework.obj (.text:scifAckAlertEvents)
                  00009d50    00000034     scif_framework.obj (.text:scifOsalInit)
                  00009d84    00000034     SceAdc.obj (.text:taskAlertCallback)
                  00009db8    00000032     ExtFlash.obj (.text:ExtFlash_powerDown)
                  00009dea    00000002     --HOLE-- [fill = 0]
                  00009dec    00000030     driverlib.lib : chipinfo.obj (.text:NOROM_ChipInfo_GetChipType)
                  00009e1c    00000030     drivers_cc13x0.aem3 : PINCC26XX.oem3 (.text:PINCC26XX_setMux)
                  00009e4c    00000030                         : PowerCC26XX.oem3 (.text:Power_setConstraint)
                  00009e7c    00000030     SensorHdc1000.obj (.text:SensorHdc1000_start)
                  00009eac    00000030     SensorMpu9250.obj (.text:SensorMpu9250_powerOn)
                  00009edc    00000030     scif_framework.obj (.text:osalRegisterCtrlReadyInt)
                  00009f0c    00000030     scif_framework.obj (.text:osalRegisterTaskAlertInt)
                  00009f3c    00000030     drivers_cc13x0.aem3 : UARTCC26XX.oem3 (.text:readData2RingBuf)
                  00009f6c    0000002e     rf_multiMode_cc13x0.aem3 : RFCC26XX_multiMode.oem3 (.text:RF_queueEnd)
                  00009f9a    0000002e     ExtFlash.obj (.text:extFlashPowerDown)
                  00009fc8    0000002e     rtsv7M3_T_le_eabi.lib : i_tofd_t2.asm.obj (.text)
                  00009ff6    00000002     --HOLE-- [fill = 0]
                  00009ff8    0000002c     driverlib.lib : osc.obj (.text:NOROM_OSCClockSourceGet)
                  0000a024    0000002c                   : rfc.obj (.text:NOROM_RFCCpePatchReset)
                  0000a050    0000002c     rf_multiMode_cc13x0.aem3 : RFCC26XX_multiMode.oem3 (.text:RF_calculateDeltaTimeUs)
                  0000a07c    0000002c                              : RFCC26XX_multiMode.oem3 (.text:RF_executeDirectImmediateCmd)
                  0000a0a8    0000002c     dpl_cc13x0.aem3 : SemaphoreP_tirtos.oem3 (.text:SemaphoreP_constructBinary)
                  0000a0d4    0000002c                     : SemaphoreP_tirtos.oem3 (.text:SemaphoreP_createBinary)
                  0000a100    0000002c     EasyLink.obj (.text:asyncCmdCallback)
                  0000a12c    0000002c     scif_framework.obj (.text:osalIndicateCtrlReady)
                  0000a158    0000002c     scif_framework.obj (.text:osalLockCtrlTaskNbl)
                  0000a184    0000002a     display.aem3 : Display.oem3 (.text:Display_doPrintf)
                  0000a1ae    00000002     --HOLE-- [fill = 0]
                  0000a1b0    00000028                  : Display.oem3 (.text:Display_doInit)
                  0000a1d8    00000028     driverlib.lib : aon_batmon.obj (.text:NOROM_AONBatMonTemperatureGetDegC)
                  0000a200    00000028                   : rfc.obj (.text:NOROM_RFCDoorbellSendTo)
                  0000a228    00000028                   : rfc.obj (.text:NOROM_RFCOverrideSearch)
                  0000a250    00000028     drivers_cc13x0.aem3 : PowerCC26XX.oem3 (.text:Power_registerNotify)
                  0000a278    00000028     rf_multiMode_cc13x0.aem3 : RFCC26XX_multiMode.oem3 (.text:RF_runCmd)
                  0000a2a0    00000028     drivers_cc13x0.aem3 : SPICC26XXDMA.oem3 (.text:SPICC26XXDMA_flushFifos)
                  0000a2c8    00000028     driverlib.lib : adi.obj (.text:SafeHapiVoid)
                  0000a2f0    00000024     drivers_cc13x0.aem3 : List.oem3 (.text:List_remove)
                  0000a314    00000024                         : PINCC26XX.oem3 (.text:PINCC26XX_setIoCfgMux)
                  0000a338    00000024     rf_multiMode_cc13x0.aem3 : RFCC26XX_multiMode.oem3 (.text:RF_cmdAlloc)
                  0000a35c    00000024                              : RFCC26XX_multiMode.oem3 (.text:RF_invokeGlobalCallback)
                  0000a380    00000024                              : RFCC26XX_multiMode.oem3 (.text:RF_isStateTransitionAllowed)
                  0000a3a4    00000024     SceAdc.obj (.text:SceAdc_setReportInterval)
                  0000a3c8    00000024     SensorMpu9250.obj (.text:SensorMpu9250_Callback)
                  0000a3ec    00000024     EasyLink.obj (.text:isAddrSizeValid)
                  0000a410    00000024     rtsv7M3_T_le_eabi.lib : u_tofs_t2.asm.obj (.text)
                  0000a434    00000022     drivers_cc13x0.aem3 : List.oem3 (.text:List_get)
                  0000a456    00000022                         : List.oem3 (.text:List_insert)
                  0000a478    00000022                         : List.oem3 (.text:List_put)
                  0000a49a    00000022                         : List.oem3 (.text:List_putHead)
                  0000a4bc    00000020     driverlib.lib : rfc.obj (.text:NOROM_RFCAdi3VcoLdoVoltageMode)
                  0000a4dc    00000020     drivers_cc13x0.aem3 : PowerCC26XX.oem3 (.text:Power_unregisterNotify)
                  0000a4fc    00000020     rf_multiMode_cc13x0.aem3 : RFCC26XX_multiMode.oem3 (.text:RF_clkPowerUp)
                  0000a51c    00000020                              : RFCC26XX_multiMode.oem3 (.text:RF_hwiCpe0ChangePhy)
                  0000a53c    00000020                              : RFCC26XX_multiMode.oem3 (.text:RF_ratIsRunning)
                  0000a55c    00000020     NodeRadioTask.obj (.text:returnRadioOperationStatus)
                  0000a57c    00000020     rtsv7M3_T_le_eabi.lib : u_tofd_t2.asm.obj (.text)
                  0000a59c    00000020     drivers_cc13x0.aem3 : UARTCC26XX.oem3 (.text:threadSafeStdbyDisRelease)
                  0000a5bc    00000020                         : UARTCC26XX.oem3 (.text:threadSafeStdbyDisSet)
                  0000a5dc    0000001e                         : PINCC26XX.oem3 (.text:PIN_close)
                  0000a5fa    0000001e                         : PowerCC26XX.oem3 (.text:Power_getTransitionLatency)
                  0000a618    0000001e     rf_multiMode_cc13x0.aem3 : RFCC26XX_multiMode.oem3 (.text:RF_preemptClient)
                  0000a636    0000001e     ExtFlash.obj (.text:SSIBusy)
                  0000a654    0000001c     CC1350STK.obj (.text:CC1350STK_initGeneral)
                  0000a670    0000001c     driverlib.lib : chipinfo.obj (.text:NOROM_ChipInfo_GetChipFamily)
                  0000a68c    0000001c     drivers_cc13x0.aem3 : PINCC26XX.oem3 (.text:PIN_hwi)
                  0000a6a8    0000001c     rf_multiMode_cc13x0.aem3 : RFCC26XX_multiMode.oem3 (.text:RF_clkInactivityCallback)
                  0000a6c4    0000001c                              : RFCC26XX_multiMode.oem3 (.text:RF_powerConstraintSet)
                  0000a6e0    0000001c     SensorI2C.obj (.text:SensorI2C_readReg)
                  0000a6fc    0000001c     ExtFlash.obj (.text:Spi_close)
                  0000a718    0000001c     smartrf_settings.obj (.text:enterGenfskCpePatch)
                  0000a734    0000001c     smartrf_settings_predefined.obj (.text:enterGenfskCpePatch)
                  0000a750    0000001c     smartrf_settings_predefined.obj (.text:enterLrmCpePatch)
                  0000a76c    0000001c     smartrf_settings_predefined.obj (.text:enterSlLongrangeCpePatch)
                  0000a788    0000001a     SensorMpu9250.obj (.text:SensorMpu9250_powerIsOn)
                  0000a7a2    00000018     EasyLink.obj (.text:ChipInfo_ChipFamilyIs_CC13x2_CC26x2)
                  0000a7ba    00000018     EasyLink.obj (.text:ChipInfo_ChipFamilyIs_CC26x0R2)
                  0000a7d2    00000002     --HOLE-- [fill = 0]
                  0000a7d4    00000018     driverlib.lib : aon_rtc.obj (.text:NOROM_AONRTCCurrentCompareValueGet)
                  0000a7ec    00000018                   : chipinfo.obj (.text:NOROM_ChipInfo_GetPackageType)
                  0000a804    00000018                   : osc.obj (.text:NOROM_OSCHF_TurnOnXosc)
                  0000a81c    00000018                   : rfc.obj (.text:NOROM_RFCCpeIntGetAndClear)
                  0000a834    00000018     drivers_cc13x0.aem3 : PINCC26XX.oem3 (.text:PIN_getConfig)
                  0000a84c    00000018     dpl_cc13x0.aem3 : PowerCC26XX_tirtos.oem3 (.text:PowerCC26XX_schedulerDisable)
                  0000a864    00000018                     : PowerCC26XX_tirtos.oem3 (.text:PowerCC26XX_schedulerRestore)
                  0000a87c    00000018     rf_multiMode_cc13x0.aem3 : RFCC26XX_multiMode.oem3 (.text:RF_swiFsm)
                  0000a894    00000018     ExtFlash.obj (.text:Spi_flash)
                  0000a8ac    00000018     drivers_cc13x0.aem3 : UART.oem3 (.text:UART_Params_init)
                  0000a8c4    00000018     rtsv7M3_T_le_eabi.lib : args_main.c.obj (.text:_args_main)
                  0000a8dc    00000018     rfPacketTx.obj (.text:adcCallback)
                  0000a8f4    00000018     rtsv7M3_T_le_eabi.lib : ll_mul_t2.asm.obj (.text)
                  0000a90c    00000018     scif_framework.obj (.text:scifClearAlertIntSource)
                  0000a924    00000016     EasyLink.obj (.text:ChipInfo_ChipFamilyIs_CC26x0)
                  0000a93a    00000016     display.aem3 : DisplayUart.oem3 (.text:DisplayUartMin_close)
                  0000a950    00000016     rf_multiMode_cc13x0.aem3 : RFCC26XX_multiMode.oem3 (.text:RF_restartClockTimeout)
                  0000a966    00000016     scif_framework.obj (.text:ti_sysbios_family_arm_m3_Hwi_Params_init)
                  0000a97c    00000016     rfPacketTx.obj (.text:ti_sysbios_knl_Clock_Params_init)
                  0000a992    00000016     NodeRadioTask.obj (.text:ti_sysbios_knl_Event_Params_init)
                  0000a9a8    00000016     rfPacketTx.obj (.text:ti_sysbios_knl_Event_Params_init)
                  0000a9be    00000016     EasyLink.obj (.text:ti_sysbios_knl_Semaphore_Params_init)
                  0000a9d4    00000016     NodeRadioTask.obj (.text:ti_sysbios_knl_Semaphore_Params_init)
                  0000a9ea    00000016     SensorI2C.obj (.text:ti_sysbios_knl_Semaphore_Params_init)
                  0000aa00    00000016     scif_framework.obj (.text:ti_sysbios_knl_Semaphore_Params_init)
                  0000aa16    00000016     NodeRadioTask.obj (.text:ti_sysbios_knl_Task_Params_init)
                  0000aa2c    00000016     rfPacketTx.obj (.text:ti_sysbios_knl_Task_Params_init)
                  0000aa42    00000002     --HOLE-- [fill = 0]
                  0000aa44    00000014     NodeRadioTask.obj (.text:AONBatMonBatteryVoltageGet)
                  0000aa58    00000014     EasyLink.obj (.text:EasyLink_Params_init)
                  0000aa6c    00000014     drivers_cc13x0.aem3 : List.oem3 (.text:List_clearList)
                  0000aa80    00000014     driverlib.lib : aon_rtc.obj (.text:NOROM_AONRTCCurrent64BitValueGet)
                  0000aa94    00000014     drivers_cc13x0.aem3 : PINCC26XX.oem3 (.text:PINCC26XX_getInputValue)
                  0000aaa8    00000014                         : PINCC26XX.oem3 (.text:PINCC26XX_getOutputValue)
                  0000aabc    00000014     rf_multiMode_cc13x0.aem3 : RFCC26XX_multiMode.oem3 (.text:RF_Params_init)
                  0000aad0    00000014                              : RFCC26XX_multiMode.oem3 (.text:RF_dbellSyncOnAck)
                  0000aae4    00000014                              : RFCC26XX_multiMode.oem3 (.text:RF_ratGetChannel)
                  0000aaf8    00000014                              : RFCC26XX_multiMode.oem3 (.text:RF_schResolveConflict)
                  0000ab0c    00000014     drivers_cc13x0.aem3 : SPI.oem3 (.text:SPI_Params_init)
                  0000ab20    00000014     SceAdc.obj (.text:SceAdc_registerAdcCallback)
                  0000ab34    00000014     SensorI2C.obj (.text:SensorI2C_deselect)
                  0000ab48    00000014     drivers_cc13x0.aem3 : PowerCC26XX.oem3 (.text:configureRFCoreClocks)
                  0000ab5c    00000014     ExtFlash.obj (.text:extFlashDeselect)
                  0000ab70    00000014     ExtFlash.obj (.text:extFlashSelect)
                  0000ab84    00000014     scif_framework.obj (.text:osalIndicateTaskAlert)
                  0000ab98    00000014     scif_framework.obj (.text:scifOsalRegisterCtrlReadyCallback)
                  0000abac    00000014     scif_framework.obj (.text:scifOsalRegisterTaskAlertCallback)
                  0000abc0    00000014     rtsv7M3_T_le_eabi.lib : strlen.c.obj (.text:strlen)
                  0000abd4    00000012     drivers_cc13x0.aem3 : RingBuf.oem3 (.text:RingBuf_construct)
                  0000abe6    00000012     dpl_cc13x0.aem3 : SemaphoreP_tirtos.oem3 (.text:SemaphoreP_pend)
                  0000abf8    00000012     scif_framework.obj (.text:scifStartTasksNbl)
                  0000ac0a    00000012     scif.obj (.text:scifTaskResourceInit)
                  0000ac1c    00000010     dpl_cc13x0.aem3 : ClockP_tirtos.oem3 (.text:ClockP_isActive)
                  0000ac2c    00000010                     : HwiP_tirtos.oem3 (.text:HwiP_Params_init)
                  0000ac3c    00000010     drivers_cc13x0.aem3 : I2C.oem3 (.text:I2C_Params_init)
                  0000ac4c    00000010     driverlib.lib : rfc.obj (.text:NOROM_RFCHwIntGetAndClear)
                  0000ac5c    00000010                   : rfc.obj (.text:NOROM_RFCRfTrimSet)
                  0000ac6c    00000010     drivers_cc13x0.aem3 : PINCC26XX.oem3 (.text:PINCC26XX_getPinCount)
                  0000ac7c    00000010     rf_multiMode_cc13x0.aem3 : RFCC26XX_multiMode.oem3 (.text:RF_dbellSubmitCmdAsync)
                  0000ac8c    00000010                              : RFCC26XX_multiMode.oem3 (.text:RF_isClientOwner)
                  0000ac9c    00000010     dpl_cc13x0.aem3 : SwiP_tirtos.oem3 (.text:SwiP_Params_init)
                  0000acac    00000010     smartrf_settings.obj (.text:applyGenfskPatch)
                  0000acbc    00000010     smartrf_settings_predefined.obj (.text:applyGenfskPatch)
                  0000accc    00000010     smartrf_settings_predefined.obj (.text:applyLrmPatch)
                  0000acdc    00000010     smartrf_settings_predefined.obj (.text:applySlLongrangePatch)
                  0000acec    00000010     rfPacketTx.obj (.text:fastReportTimeoutCallback)
                  0000acfc    00000010     drivers_cc13x0.aem3 : I2CCC26XX.oem3 (.text:i2cPostNotify)
                  0000ad0c    00000010                         : UARTCC26XX.oem3 (.text:uartPostNotify)
                  0000ad1c    0000000e     driverlib.lib : vims.obj (.text:NOROM_VIMSModeGet)
                  0000ad2a    0000000e     rf_multiMode_cc13x0.aem3 : RFCC26XX_multiMode.oem3 (.text:RF_getSwitchingTimeInUs)
                  0000ad38    0000000e     drivers_cc13x0.aem3 : SPICC26XXDMA.oem3 (.text:SPICC26XXDMA_init)
                  0000ad46    0000000e     rtsv7M3_T_le_eabi.lib : copy_decompress_none.c.obj (.text:decompress:none:__TI_decompress_none)
                  0000ad54    0000000e     scif_framework.obj (.text:osalCtrlReadyIsr)
                  0000ad62    0000000e     scif_framework.obj (.text:osalTaskAlertIsr)
                  0000ad70    0000000e     scif.obj (.text:scifTaskResourceUninit)
                  0000ad7e    0000000c     driverlib.lib : cpu.obj (.text:NOROM_CPUcpsid)
                  0000ad8a    0000000c                   : cpu.obj (.text:NOROM_CPUcpsie)
                  0000ad96    0000000c                   : osc.obj (.text:NOROM_OSC_HPOSCRelativeFrequencyOffsetToRFCoreFormatConvert)
                  0000ada2    0000000c     drivers_cc13x0.aem3 : PINCC26XX.oem3 (.text:PIN_registerIntCb)
                  0000adae    00000002     --HOLE-- [fill = 0]
                  0000adb0    0000000c                         : PowerCC26XX.oem3 (.text:Power_getConstraintMask)
                  0000adbc    0000000c                         : PowerCC26XX.oem3 (.text:Power_getDependencyCount)
                  0000adc8    0000000c     rf_multiMode_cc13x0.aem3 : RFCC26XX_multiMode.oem3 (.text:RF_powerConstraintGet)
                  0000add4    0000000c     dpl_cc13x0.aem3 : SemaphoreP_tirtos.oem3 (.text:SemaphoreP_delete)
                  0000ade0    0000000c     SensorOpt3001.obj (.text:SensorOpt3001_init)
                  0000adec    0000000c     NodeRadioTask.obj (.text:TRNGDisable)
                  0000adf8    0000000c     NodeRadioTask.obj (.text:TRNGEnable)
                  0000ae04    0000000c     NodeRadioTask.obj (.text:TRNGStatusGet)
                  0000ae10    0000000c     rtsv7M3_T_le_eabi.lib : copy_zero_init.c.obj (.text:decompress:ZI:__TI_zero_init)
                  0000ae1c    0000000c     NodeRadioTask.obj (.text:nodeRadioTask_getNodeAddr)
                  0000ae28    0000000c     scif_framework.obj (.text:osalUnlockCtrlTaskNbl)
                  0000ae34    0000000c     scif_framework.obj (.text:scifGetAlertEvents)
                  0000ae40    0000000c     scif_framework.obj (.text:scifOsalLeaveCriticalSection)
                  0000ae4c    0000000c     drivers_cc13x0.aem3 : SPICC26XXDMA.oem3 (.text:spiPostNotify)
                  0000ae58    0000000c     rfPacketTx.obj (.text:ti_sysbios_knl_Clock_handle)
                  0000ae64    0000000c     NodeRadioTask.obj (.text:ti_sysbios_knl_Event_handle)
                  0000ae70    0000000c     rfPacketTx.obj (.text:ti_sysbios_knl_Event_handle)
                  0000ae7c    0000000c     NodeRadioTask.obj (.text:ti_sysbios_knl_Semaphore_handle)
                  0000ae88    0000000c     SensorI2C.obj (.text:ti_sysbios_knl_Semaphore_handle)
                  0000ae94    0000000c     scif_framework.obj (.text:ti_sysbios_knl_Semaphore_handle)
                  0000aea0    0000000a     dpl_cc13x0.aem3 : ClockP_tirtos.oem3 (.text:ClockP_Params_init)
                  0000aeaa    0000000a     drivers_cc13x0.aem3 : I2CCC26XX.oem3 (.text:I2CCC26XX_init)
                  0000aeb4    0000000a                         : I2C.oem3 (.text:I2C_close)
                  0000aebe    0000000a                         : I2C.oem3 (.text:I2C_transfer)
                  0000aec8    0000000a                         : SPI.oem3 (.text:SPI_close)
                  0000aed2    0000000a                         : SPI.oem3 (.text:SPI_transfer)
                  0000aedc    0000000a     SceAdc.obj (.text:SceAdc_start)
                  0000aee6    0000000a     SensorTmp007.obj (.text:SensorTmp007_init)
                  0000aef0    0000000a     drivers_cc13x0.aem3 : UART.oem3 (.text:UART_close)
                  0000aefa    0000000a                         : UART.oem3 (.text:UART_control)
                  0000af04    0000000a                         : UART.oem3 (.text:UART_write)
                  0000af0e    0000000a                         : UDMACC26XX.oem3 (.text:UDMACC26XX_hwiIntFxn)
                  0000af18    0000000a     scif_framework.obj (.text:osalClearCtrlReadyInt)
                  0000af22    0000000a     scif_framework.obj (.text:osalClearTaskAlertInt)
                  0000af2c    0000000a     scif_framework.obj (.text:osalDisableCtrlReadyInt)
                  0000af36    0000000a     scif_framework.obj (.text:osalEnableCtrlReadyInt)
                  0000af40    0000000a     scif_framework.obj (.text:scifOsalDisableTaskAlertInt)
                  0000af4a    0000000a     scif_framework.obj (.text:scifOsalEnableTaskAlertInt)
                  0000af54    00000008     CC1350STK.obj (.text:Board_init)
                  0000af5c    00000008     CC1350STK_fxns.obj (.text:Board_initHook)
                  0000af64    00000008     drivers_cc13x0.aem3 : I2CCC26XX.oem3 (.text:I2CCC26XX_blockingCallback)
                  0000af6c    00000008                         : SPICC26XXDMA.oem3 (.text:SPICC26XXDMA_transferCallback)
                  0000af74    00000008                         : UARTCC26XX.oem3 (.text:UARTCC26XX_init)
                  0000af7c    00000008     rtsv7M3_T_le_eabi.lib : errno.c.obj (.text:__aeabi_errno_addr)
                  0000af84    00000008     drivers_cc13x0.aem3 : UARTCC26XX.oem3 (.text:readSemCallback)
                  0000af8c    00000008     smartrf_settings.obj (.text:rf_patch_cpe_genfsk)
                  0000af94    00000008     smartrf_settings_predefined.obj (.text:rf_patch_cpe_genfsk)
                  0000af9c    00000008     smartrf_settings_predefined.obj (.text:rf_patch_cpe_lrm)
                  0000afa4    00000008     smartrf_settings_predefined.obj (.text:rf_patch_cpe_sl_longrange)
                  0000afac    00000008     scif_framework.obj (.text:scifOsalEnterCriticalSection)
                  0000afb4    00000008     drivers_cc13x0.aem3 : UARTCC26XX.oem3 (.text:writeSemCallback)
                  0000afbc    00000006     display.aem3 : DisplayUart.oem3 (.text:DisplayUartMin_control)
                  0000afc2    00000006                  : DisplayUart.oem3 (.text:DisplayUartMin_getType)
                  0000afc8    00000006                  : Display.oem3 (.text:Display_doParamsInit)
                  0000afce    00000006     drivers_cc13x0.aem3 : I2CCC26XX.oem3 (.text:I2CCC26XX_control)
                  0000afd4    00000006     driverlib.lib : cpu.obj (.text:NOROM_CPUdelay)
                  0000afda    00000006     rf_multiMode_cc13x0.aem3 : RFCC26XX_multiMode.oem3 (.text:RF_clkReqAccess)
                  0000afe0    00000006     drivers_cc13x0.aem3 : UARTCC26XX.oem3 (.text:UARTCC26XX_readPolling)
                  0000afe6    00000006                         : UARTCC26XX.oem3 (.text:UARTCC26XX_writePolling)
                  0000afec    00000004     dpl_cc13x0.aem3 : PowerCC26XX_tirtos.oem3 (.text:CPUwfi)
                  0000aff0    00000004                     : ClockP_tirtos.oem3 (.text:ClockP_destruct)
                  0000aff4    00000004                     : ClockP_tirtos.oem3 (.text:ClockP_getCpuFreq)
                  0000aff8    00000004                     : ClockP_tirtos.oem3 (.text:ClockP_getTimeout)
                  0000affc    00000004                     : ClockP_tirtos.oem3 (.text:ClockP_setTimeout)
                  0000b000    00000004                     : ClockP_tirtos.oem3 (.text:ClockP_start)
                  0000b004    00000004                     : ClockP_tirtos.oem3 (.text:ClockP_stop)
                  0000b008    00000004                     : HwiP_tirtos.oem3 (.text:HwiP_destruct)
                  0000b00c    00000004                     : HwiP_tirtos.oem3 (.text:HwiP_disable)
                  0000b010    00000004                     : HwiP_tirtos.oem3 (.text:HwiP_disableInterrupt)
                  0000b014    00000004                     : HwiP_tirtos.oem3 (.text:HwiP_enableInterrupt)
                  0000b018    00000004                     : HwiP_tirtos.oem3 (.text:HwiP_post)
                  0000b01c    00000004                     : HwiP_tirtos.oem3 (.text:HwiP_setFunc)
                  0000b020    00000004                     : HwiP_tirtos.oem3 (.text:HwiP_setPriority)
                  0000b024    00000004     driverlib.lib : rfc.obj (.text:NOROM_RFCOverrideUpdate)
                  0000b028    00000004     drivers_cc13x0.aem3 : PowerCC26XX.oem3 (.text:PowerCC26XX_switchXOSC_HF)
                  0000b02c    00000004     dpl_cc13x0.aem3 : SemaphoreP_tirtos.oem3 (.text:SemaphoreP_destruct)
                  0000b030    00000004                     : SemaphoreP_tirtos.oem3 (.text:SemaphoreP_post)
                  0000b034    00000004                     : SwiP_tirtos.oem3 (.text:SwiP_destruct)
                  0000b038    00000004                     : SwiP_tirtos.oem3 (.text:SwiP_disable)
                  0000b03c    00000004                     : SwiP_tirtos.oem3 (.text:SwiP_getTrigger)
                  0000b040    00000004                     : SwiP_tirtos.oem3 (.text:SwiP_or)
                  0000b044    00000004                     : SwiP_tirtos.oem3 (.text:SwiP_post)
                  0000b048    00000004                     : SwiP_tirtos.oem3 (.text:SwiP_setPriority)
                  0000b04c    00000004                     : SystemP_tirtos.oem3 (.text:SystemP_vsnprintf)
                  0000b050    00000004     drivers_cc13x0.aem3 : PowerCC26XX.oem3 (.text:nopResourceHandler)
                  0000b054    00000008     (.tramp.ti_sysbios_knl_Swi_post__E.1)
                  0000b05c    00000008     (.tramp.ti_sysbios_knl_Swi_destruct.1)
                  0000b064    00000008     (.tramp.ti_sysbios_knl_Semaphore_destruct.1)
                  0000b06c    00000008     (.tramp.ti_sysbios_family_arm_m3_Hwi_setPriority__E.1)
                  0000b074    00000008     (.tramp.ti_sysbios_family_arm_m3_Hwi_destruct.1)
                  0000b07c    00000008     (.tramp.ti_sysbios_BIOS_getCpuFreq__E.1)
                  0000b084    00000008     (.tramp.ti_sysbios_knl_Clock_destruct.1)
                  0000b08c    00000008     (.tramp.ti_sysbios_family_arm_m3_Hwi_enableInterrupt__E.1)
                  0000b094    00000008     (.tramp.ti_sysbios_family_arm_m3_Hwi_disableInterrupt__E.1)
                  0000b09c    00000008     (.tramp.ti_sysbios_knl_Semaphore_delete.1)
                  0000b0a4    00000008     (.tramp.ti_sysbios_knl_Task_Params__init__S.1)
                  0000b0ac    00000008     (.tramp.ti_sysbios_knl_Task_restore__E.1)
                  0000b0b4    00000008     (.tramp.ti_sysbios_knl_Swi_disable__E.1)
                  0000b0bc    00000008     (.tramp.ti_sysbios_knl_Task_disable__E.1)
                  0000b0c4    00000008     (.tramp.ti_sysbios_family_arm_m3_Hwi_disableFxn__E.1)
                  0000b0cc    00000008     (.tramp.ti_sysbios_knl_Semaphore_Params__init__S.1)
                  0000b0d4    00000008     (.tramp.ti_sysbios_family_arm_m3_Hwi_construct.1)
                  0000b0dc    00000008     (.tramp.ti_sysbios_knl_Swi_Params__init__S.1)
                  0000b0e4    00000008     (.tramp.ti_sysbios_family_arm_m3_Hwi_Params__init__S.1)
                  0000b0ec    00000008     (.tramp.xdc_runtime_System_exit__E.1)
                  0000b0f4    00000008     (.tramp.ti_sysbios_knl_Clock_Params__init__S.1)
                  0000b0fc    00000008     (.tramp.ti_sysbios_BIOS_start__E.1)
                  0000b104    00000008     (.tramp.ti_sysbios_knl_Clock_construct.1)
                  0000b10c    00000008     (.tramp.ti_sysbios_knl_Task_construct.1)
                  0000b114    00000008     (.tramp.ti_sysbios_knl_Semaphore_construct.1)
                  0000b11c    00000008     (.tramp.ti_sysbios_knl_Swi_restore__E.1)
                  0000b124    00000008     (.tramp.ti_sysbios_knl_Clock_getTicks__E.1)
                  0000b12c    00000008     (.tramp.ti_sysbios_knl_Task_sleep__E.1)
                  0000b134    00000008     (.tramp.ti_sysbios_knl_Clock_start__E.1)
                  0000b13c    00000008     (.tramp.ti_sysbios_knl_Clock_setTimeout__E.1)
                  0000b144    00000008     (.tramp.xdc_runtime_System_abort__E.1)
                  0000b14c    00000008     (.tramp.ti_sysbios_family_arm_m3_Hwi_restoreFxn__E.1)
                  0000b154    00000008     (.tramp.ti_sysbios_knl_Semaphore_create.1)
                  0000b15c    00000008     (.tramp.ti_sysbios_knl_Semaphore_post__E.1)
                  0000b164    00000008     (.tramp.ti_sysbios_knl_Semaphore_pend__E.1)

.const     0    0000b170    00004470     
                  0000b170    00001000     rtsv7M3_T_le_eabi.lib : s_exp2.c.obj (.const:tbl)
                  0000c170    000006b4     smartrf_settings.obj (.const:patchGenfskRfe)
                  0000c824    000006b4     smartrf_settings_predefined.obj (.const:patchGenfskRfe)
                  0000ced8    000006b4     smartrf_settings_predefined.obj (.const:patchLrmRfe)
                  0000d58c    000006b4     smartrf_settings_predefined.obj (.const:patchSl_longrangeRfe)
                  0000dc40    00000408     smartrf_settings.obj (.const:patchImageGenfsk)
                  0000e048    00000408     smartrf_settings_predefined.obj (.const:patchImageGenfsk)
                  0000e450    00000408     smartrf_settings_predefined.obj (.const:patchImageLrm)
                  0000e858    00000408     smartrf_settings_predefined.obj (.const:patchImageSlLongrange)
                  0000ec60    00000400     smartrf_settings_predefined.obj (.const:patchSl_longrangeMce)
                  0000f060    000001ac     scif.obj (.const:pAuxRamImage)
                  0000f20c    00000064     CC1350STK.obj (.const:BoardGpioInitTable)
                  0000f270    0000004c     drivers_cc13x0.aem3 : PowerCC26XX.oem3 (.const:resourceDB)
                  0000f2bc    00000044                         : UARTCC26XX.oem3 (.const:$O1$$)
                  0000f300    00000040     CC1350STK.obj (.const:spiCC26XXDMAHWAttrs)
                  0000f340    00000038     drivers_cc13x0.aem3 : SPICC26XXDMA.oem3 (.const:$O1$$)
                  0000f378    00000030     scif.obj (.const:scifDriverSetup)
                  0000f3a8    00000028     drivers_cc13x0.aem3 : UARTCC26XX.oem3 (.const:UARTCC26XX_fxnTable)
                  0000f3d0    00000028     CC1350STK.obj (.const:uartCC26XXHWAttrs)
                  0000f3f8    00000024     drivers_cc13x0.aem3 : UART.oem3 (.const:UART_defaultParams)
                  0000f41c    00000020     display.aem3 : DisplayUart.oem3 (.const:DisplayUartMin_fxnTable)
                  0000f43c    00000020     drivers_cc13x0.aem3 : SPI.oem3 (.const:SPI_defaultParams)
                  0000f45c    0000001c     rf_multiMode_cc13x0.aem3 : RFCC26XX_multiMode.oem3 (.const:RF_defaultParams)
                  0000f478    00000018     drivers_cc13x0.aem3 : I2CCC26XX.oem3 (.const:I2CCC26XX_fxnTable)
                  0000f490    00000018     CC1350STK.obj (.const:PowerCC26XX_config)
                  0000f4a8    00000018     drivers_cc13x0.aem3 : SPICC26XXDMA.oem3 (.const:SPICC26XXDMA_fxnTable)
                  0000f4c0    00000018     CC1350STK.obj (.const:SPI_config)
                  0000f4d8    00000018     CC1350STK.obj (.const:i2cCC26xxHWAttrs)
                  0000f4f0    00000018     driverlib.lib : rfc.obj (.const:rfc_defaultIrqAddr)
                  0000f508    00000014     CC1350STK_fxns.obj (.const:$P$T1$2)
                  0000f51c    00000014     CC1350STK.obj (.const:displayUartHWAttrs)
                  0000f530    00000010     scif.obj (.const:.string:pAuxIoIndexToMcuIocfgOffsetLut)
                  0000f540    00000010     EasyLink.obj (.const:EasyLink_defaultParams)
                  0000f550    00000010     drivers_cc13x0.aem3 : I2C.oem3 (.const:I2C_defaultParams)
                  0000f560    00000010     scif.obj (.const:pScifTaskDataStructInfoLut)
                  0000f570    0000000f     CC1350STK.obj (.const)
                  0000f57f    00000001     ExtFlash.obj (.const:.string:$P$T1$2)
                  0000f580    0000000c     CC1350STK.obj (.const:Display_config)
                  0000f58c    0000000c     CC1350STK.obj (.const:I2C_config)
                  0000f598    0000000c     CC1350STK.obj (.const:RFCC26XX_hwAttrs)
                  0000f5a4    0000000c     CC1350STK.obj (.const:UART_config)
                  0000f5b0    00000008     CC1350STK_fxns.obj (.const:$P$T0$1)
                  0000f5b8    00000008     CC1350STK.obj (.const:PINCC26XX_hwAttrs)
                  0000f5c0    00000008     CC1350STK.obj (.const:UDMACC26XX_config)
                  0000f5c8    00000008     drivers_cc13x0.aem3 : I2CCC26XX.oem3 (.const:bitRate)
                  0000f5d0    00000008     CC1350STK.obj (.const:udmaHWAttrs)
                  0000f5d8    00000004     ExtFlash.obj (.const:.string:$P$T0$1)
                  0000f5dc    00000002     SensorI2C.obj (.const:pinCfg1)
                  0000f5de    00000001     display.aem3 : Display.oem3 (.const:Display_defaultParams)
                  0000f5df    00000001     easylink_config.obj (.const)

MODULE SUMMARY

       Module                            code    ro data   rw data
       ------                            ----    -------   -------
    .\
       rfPacketTx.obj                    2442    0         1564   
       NodeRadioTask.obj                 1710    0         1582   
       CC1350STK.obj                     36      383       1184   
       CC1350STK_fxns.obj                280     28        0      
       SceAdc.obj                        204     0         4      
       main_tirtos.obj                   124     0         0      
       ccfg.obj                          0       88        0      
    +--+---------------------------------+-------+---------+---------+
       Total:                            4796    499       4334   
                                                                  
    .\easylink\
       EasyLink.obj                      4498    16        1027   
       easylink_config.obj               0       1         144    
    +--+---------------------------------+-------+---------+---------+
       Total:                            4498    17        1171   
                                                                  
    .\extflash\
       ExtFlash.obj                      878     5         108    
    +--+---------------------------------+-------+---------+---------+
       Total:                            878     5         108    
                                                                  
    .\sce\
       scif_framework.obj                1486    0         144    
       scif.obj                          164     508       0      
    +--+---------------------------------+-------+---------+---------+
       Total:                            1650    508       144    
                                                                  
    .\sensors\
       SensorMpu9250.obj                 1304    0         53     
       SensorI2C.obj                     690     2         82     
       SensorBmp280.obj                  616     0         24     
       SensorHdc1000.obj                 344     0         5      
       SensorOpt3001.obj                 278     0         0      
       SensorTmp007.obj                  106     0         2      
       SensorUtil.obj                    88      0         0      
    +--+---------------------------------+-------+---------+---------+
       Total:                            3426    2         166    
                                                                  
    .\smartrf_settings\
       smartrf_settings_predefined.obj   1702    9268      616    
       smartrf_settings.obj              502     2748      192    
    +--+---------------------------------+-------+---------+---------+
       Total:                            2204    12016     808    
                                                                  
    C:/ti/simplelink_cc13x0_sdk_4_20_02_07/kernel/tirtos/packages/ti/dpl/lib/dpl_cc13x0.aem3
       PowerCC26XX_tirtos.oem3           280     0         8      
       ClockP_tirtos.oem3                130     0         4      
       SemaphoreP_tirtos.oem3            126     0         0      
       HwiP_tirtos.oem3                  106     0         0      
       SwiP_tirtos.oem3                  100     0         0      
       SystemP_tirtos.oem3               4       0         0      
    +--+---------------------------------+-------+---------+---------+
       Total:                            746     0         12     
                                                                  
    C:/ti/simplelink_cc13x0_sdk_4_20_02_07/source/ti/devices/cc13x0/driverlib/bin/ccs/driverlib.lib
       sys_ctrl.obj                      776     0         8      
       rfc.obj                           692     24        0      
       osc.obj                           388     0         20     
       chipinfo.obj                      100     0         0      
       aon_rtc.obj                       44      0         0      
       adi.obj                           40      0         0      
       aon_batmon.obj                    40      0         0      
       cpu.obj                           30      0         0      
       vims.obj                          14      0         0      
       driverlib_release.obj             0       0         1      
    +--+---------------------------------+-------+---------+---------+
       Total:                            2124    24        29     
                                                                  
    C:/ti/simplelink_cc13x0_sdk_4_20_02_07/source/ti/display/lib/display.aem3
       DisplayUart.oem3                  184     32        0      
       Display.oem3                      180     1         0      
    +--+---------------------------------+-------+---------+---------+
       Total:                            364     33        0      
                                                                  
    C:/ti/simplelink_cc13x0_sdk_4_20_02_07/source/ti/drivers/lib/drivers_cc13x0.aem3
       UARTCC26XX.oem3                   2630    108       0      
       SPICC26XXDMA.oem3                 2448    80        64     
       PowerCC26XX.oem3                  2084    76        276    
       PINCC26XX.oem3                    1658    0         276    
       I2CCC26XX.oem3                    1430    32        0      
       PowerCC26XX_calibrateRCOSC.oem3   1380    0         0      
       UART.oem3                         182     36        1      
       SPI.oem3                          168     32        1      
       List.oem3                         192     0         0      
       I2C.oem3                          164     16        1      
       UDMACC26XX.oem3                   156     0         0      
       RingBuf.oem3                      148     0         0      
    +--+---------------------------------+-------+---------+---------+
       Total:                            12640   380       619    
                                                                  
    C:/ti/simplelink_cc13x0_sdk_4_20_02_07/source/ti/drivers/rf/lib/rf_multiMode_cc13x0.aem3
       RFCC26XX_multiMode.oem3           7866    28        1005   
    +--+---------------------------------+-------+---------+---------+
       Total:                            7866    28        1005   
                                                                  
    C:\ti\simplelink_cc13x0_sdk_4_20_02_07\kernel\tirtos\packages\ti\targets\arm\rtsarm\lib\auto_init.aem3
       auto_init.oem3                    160     0         0      
    +--+---------------------------------+-------+---------+---------+
       Total:                            160     0         0      
                                                                  
    C:\ti\simplelink_cc13x0_sdk_4_20_02_07\kernel\tirtos\packages\ti\targets\arm\rtsarm\lib\boot.aem3
       boot.oem3                         68      0         0      
    +--+---------------------------------+-------+---------+---------+
       Total:                            68      0         0      
                                                                  
    C:\ti\ti-cgt-arm_18.12.5.LTS\lib\rtsv7M3_T_le_eabi.lib
       s_exp2.c.obj                      508     4096      0      
       fd_add_t2.asm.obj                 438     0         0      
       e_sqrt.c.obj                      368     0         0      
       fd_div_t2.asm.obj                 310     0         0      
       fd_cmp_t2.asm.obj                 268     0         0      
       fd_mul_t2.asm.obj                 252     0         0      
       fs_add_t2.asm.obj                 250     0         0      
       memcpy_t2.asm.obj                 156     0         0      
       fs_div_t2.asm.obj                 146     0         0      
       fs_mul_t2.asm.obj                 122     0         0      
       memset_t2.asm.obj                 122     0         0      
       fd_tos_t2.asm.obj                 110     0         0      
       copy_decompress_lzss.c.obj        104     0         0      
       fs_cmp_t2.asm.obj                 96      0         0      
       cpy_tbl.c.obj                     76      0         0      
       fs_tod_t2.asm.obj                 56      0         0      
       fs_toi_t2.asm.obj                 56      0         0      
       rand.c.obj                        52      0         4      
       i_tofd_t2.asm.obj                 46      0         0      
       u_tofs_t2.asm.obj                 36      0         0      
       u_tofd_t2.asm.obj                 32      0         0      
       args_main.c.obj                   24      0         0      
       ll_mul_t2.asm.obj                 24      0         0      
       strlen.c.obj                      20      0         0      
       copy_decompress_none.c.obj        14      0         0      
       copy_zero_init.c.obj              12      0         0      
       errno.c.obj                       8       0         4      
       _lock.c.obj                       2       0         8      
       stkdepth_vars.c.obj               0       0         4      
    +--+---------------------------------+-------+---------+---------+
       Total:                            3708    4096      20     
                                                                  
       Stack:                            0       0         1024   
       Linker Generated:                 280     583       0      
    +--+---------------------------------+-------+---------+---------+
       Grand Total:                      45408   18191     9440   


LINKER GENERATED COPY TABLES

__TI_cinit_table @ 0000f7f8 records: 6, size/record: 8, table size: 48
[...]
1001ca3b  ti_sysbios_family_arm_m3_Hwi_pendSV__I                                    
1001ca53  ti_sysbios_family_arm_m3_Hwi_return                                       
1001ca55  ti_sysbios_family_arm_m3_TaskSupport_glue                                 
1001ca65  ti_sysbios_family_arm_m3_TaskSupport_swap__E                              
1001ca6d  ti_sysbios_knl_Task_swapReturn                                            
1001ca97  ti_sysbios_rom_cortexm_cc13xx_CC13xx_getRevision__E                       
200010f8  spiCC26XXDMAObjects                                                       
200012c0  uartCC26XXObjects                                                         
200013ec  i2cCC26xxObjects                                                          
20001990  nodeRadioTask                                                             
200019e0  nodeTask                                                                  
20001b30  fastReportTimeoutClock                                                    
20001bd4  uartCC26XXRingBuffer                                                      
20001bf4  udmaObjects                                                               
20001cd8  radioAccessSem                                                            
20001cf4  radioResultSem                                                            
20001d98  nodeEvent                                                                 
20001dac  radioOperationEvent                                                       
20001e48  displayUartObject                                                         
20001e54  latestAccelerationAdcValue                                                
20001e60  PowerCC26XX_taskKey                                                       
20001e64  PowerCC26XX_swiKey                                                        
20001e8b  driverlib_release_0_3_05_20_00001                                         
20001e8c  ClockP_tickPeriod                                                         
20001e90  latestHumidAdcValue                                                       
20001e94  latestPressAdcValue                                                       
20001e98  latestTempLocalAdcValue                                                   
20001ea0  __primary_heap_start__                                                    
20002ea0  __primary_heap_end__                                                      
20002ea0  pinUpperBound                                                             
20002ea4  pinLowerBound                                                             
20002f38  pinHandleTable                                                            
20002fb4  PowerCC26XX_module                                                        
200030c8  EasyLink_supportedPhys                                                    
20003158  pOverrides_sl_lr                                                          
200031c4  pOverrides_lrm                                                            
20003224  pOverrides_fsk                                                            
20003280  pOverrides                                                                
200032d8  RF_PROP_txPowerTable                                                      
20003368  RF_cmdPropRxAdv_preDef                                                    
20003398  stepCount                                                                 
2000339c  lastAdcValue                                                              
2000339e  luxThreshold                                                              
200033a4  lastStepTime                                                              
200033a8  t                                                                         
200033b0  dynamicAcc                                                                
200033b8  latestAccXValue                                                           
200033bc  currentAccXValue                                                          
200033c0  threshold                                                                 
200033c8  RF_cmdPropRadioDivSetup                                                   
200033f0  RF_cmdPropRadioDivSetup_fsk                                               
20003418  RF_cmdPropRadioDivSetup_lrm                                               
20003440  RF_cmdPropRadioDivSetup_sl_lr                                             
200034ac  RF_cmdFs                                                                  
200034c4  RF_cmdFs_preDef                                                           
200034dc  RF_cmdPropTx                                                              
20003524  RF_prop                                                                   
20003534  RF_prop_fsk                                                               
20003544  RF_prop_lrm                                                               
20003554  RF_prop_sl_lr                                                             
2000357c  buttonPinTable                                                            
200035a0  _lock                                                                     
200035a4  _unlock                                                                   
200035b0  pinTable                                                                  
200035b8  errno                                                                     
200035c0  main_func_sp                                                              
20004c00  __stack                                                                   
20005000  __STACK_END                                                               
e000e000  ti_sysbios_family_arm_m3_Hwi_nvic                                         
ffffffff  __TI_pprof_out_hndl                                                       
ffffffff  __TI_prof_data_size                                                       
ffffffff  __TI_prof_data_start                                                      
ffffffff  __binit__                                                                 
ffffffff  __c_args__                                                                
ffffffff  binit                                                                     
UNDEFED   ResetISR                                                                  
UNDEFED   SHT$$INIT_ARRAY$$Base                                                     
UNDEFED   SHT$$INIT_ARRAY$$Limit                                                    
UNDEFED   pthread_attr_init                                                         
UNDEFED   pthread_attr_setdetachstate                                               
UNDEFED   pthread_attr_setschedparam                                                
UNDEFED   pthread_attr_setstacksize                                                 
UNDEFED   pthread_create                                                            
UNDEFED   ti_sysbios_BIOS_Module__state__V                                          
UNDEFED   ti_sysbios_family_arm_cc26xx_Timer_Module__id__C                          
UNDEFED   ti_sysbios_family_arm_cc26xx_Timer_Module__state__V                       
UNDEFED   ti_sysbios_family_arm_cc26xx_Timer_startupNeeded__C                       
UNDEFED   ti_sysbios_family_arm_cc26xx_TimestampProvider_Module__state__V           
UNDEFED   ti_sysbios_family_arm_cc26xx_TimestampProvider_useClockTimer__C           
UNDEFED   ti_sysbios_family_arm_m3_Hwi_E_alreadyDefined__C                          
UNDEFED   ti_sysbios_family_arm_m3_Hwi_E_hwiLimitExceeded__C                        
UNDEFED   ti_sysbios_family_arm_m3_Hwi_Module__id__C                                
UNDEFED   ti_sysbios_family_arm_m3_Hwi_Module__state__V                             
UNDEFED   ti_sysbios_family_arm_m3_Hwi_NUM_INTERRUPTS__C                            
UNDEFED   ti_sysbios_family_arm_m3_Hwi_Object__DESC__C                              
UNDEFED   ti_sysbios_family_arm_m3_Hwi_Object__PARAMS__C                            
UNDEFED   ti_sysbios_family_arm_m3_Hwi_Object__count__C                             
UNDEFED   ti_sysbios_family_arm_m3_Hwi_Object__table__C                             
UNDEFED   ti_sysbios_family_arm_m3_Hwi_ccr__C                                       
UNDEFED   ti_sysbios_family_arm_m3_Hwi_clearInterrupt__E                            
UNDEFED   ti_sysbios_family_arm_m3_Hwi_construct2__E                                
UNDEFED   ti_sysbios_family_arm_m3_Hwi_excHandlerFunc__C                            
UNDEFED   ti_sysbios_family_arm_m3_Hwi_nullIsrFunc__C                               
UNDEFED   ti_sysbios_family_arm_m3_Hwi_numSparseInterrupts__C                       
UNDEFED   ti_sysbios_family_arm_m3_Hwi_post__E                                      
UNDEFED   ti_sysbios_family_arm_m3_Hwi_priGroup__C                                  
UNDEFED   ti_sysbios_family_arm_m3_Hwi_setFunc__E                                   
UNDEFED   ti_sysbios_family_arm_m3_TaskSupport_stackAlignment__C                    
UNDEFED   ti_sysbios_gates_GateHwi_Module__FXNS__C                                  
UNDEFED   ti_sysbios_gates_GateHwi_Module__id__C                                    
UNDEFED   ti_sysbios_gates_GateHwi_Object__DESC__C                                  
UNDEFED   ti_sysbios_gates_GateHwi_Object__PARAMS__C                                
UNDEFED   ti_sysbios_gates_GateMutex_Instance_State_sem__O                          
UNDEFED   ti_sysbios_gates_GateMutex_Module__FXNS__C                                
UNDEFED   ti_sysbios_gates_GateMutex_Module__id__C                                  
UNDEFED   ti_sysbios_gates_GateMutex_Object__DESC__C                                
UNDEFED   ti_sysbios_gates_GateMutex_Object__PARAMS__C                              
UNDEFED   ti_sysbios_hal_Hwi_Object__DESC__C                                        
UNDEFED   ti_sysbios_hal_Hwi_Object__PARAMS__C                                      
UNDEFED   ti_sysbios_heaps_HeapMem_E_memory__C                                      
UNDEFED   ti_sysbios_heaps_HeapMem_Module__FXNS__C                                  
UNDEFED   ti_sysbios_heaps_HeapMem_Module__gateObj__C                               
UNDEFED   ti_sysbios_heaps_HeapMem_Module__id__C                                    
UNDEFED   ti_sysbios_heaps_HeapMem_Object__DESC__C                                  
UNDEFED   ti_sysbios_heaps_HeapMem_Object__PARAMS__C                                
UNDEFED   ti_sysbios_heaps_HeapMem_Object__count__C                                 
UNDEFED   ti_sysbios_heaps_HeapMem_Object__table__C                                 
UNDEFED   ti_sysbios_heaps_HeapMem_reqAlign__C                                      
UNDEFED   ti_sysbios_knl_Clock_Module_State_clockQ__O                               
UNDEFED   ti_sysbios_knl_Clock_Module__state__V                                     
UNDEFED   ti_sysbios_knl_Clock_Object__DESC__C                                      
UNDEFED   ti_sysbios_knl_Clock_Object__PARAMS__C                                    
UNDEFED   ti_sysbios_knl_Clock_getTicksUntilInterrupt__E                            
UNDEFED   ti_sysbios_knl_Clock_getTimeout__E                                        
UNDEFED   ti_sysbios_knl_Clock_isActive__E                                          
UNDEFED   ti_sysbios_knl_Clock_serviceMargin__C                                     
UNDEFED   ti_sysbios_knl_Clock_stop__E                                              
UNDEFED   ti_sysbios_knl_Clock_tickMode__C                                          
UNDEFED   ti_sysbios_knl_Clock_tickPeriod__C                                        
UNDEFED   ti_sysbios_knl_Event_Params__init__S                                      
UNDEFED   ti_sysbios_knl_Event_construct                                            
UNDEFED   ti_sysbios_knl_Event_pend__E                                              
UNDEFED   ti_sysbios_knl_Event_post__E                                              
UNDEFED   ti_sysbios_knl_Idle_funcList__C                                           
UNDEFED   ti_sysbios_knl_Mailbox_Instance_State_dataQue__O                          
UNDEFED   ti_sysbios_knl_Mailbox_Instance_State_dataSem__O                          
UNDEFED   ti_sysbios_knl_Mailbox_Instance_State_freeQue__O                          
UNDEFED   ti_sysbios_knl_Mailbox_Instance_State_freeSem__O                          
UNDEFED   ti_sysbios_knl_Mailbox_Object__DESC__C                                    
UNDEFED   ti_sysbios_knl_Mailbox_Object__PARAMS__C                                  
UNDEFED   ti_sysbios_knl_Mailbox_Object__count__C                                   
UNDEFED   ti_sysbios_knl_Mailbox_Object__table__C                                   
UNDEFED   ti_sysbios_knl_Mailbox_maxTypeAlign__C                                    
UNDEFED   ti_sysbios_knl_Queue_Object__DESC__C                                      
UNDEFED   ti_sysbios_knl_Queue_Object__PARAMS__C                                    
UNDEFED   ti_sysbios_knl_Queue_Object__count__C                                     
UNDEFED   ti_sysbios_knl_Queue_Object__table__C                                     
UNDEFED   ti_sysbios_knl_Semaphore_Instance_State_pendQ__O                          
UNDEFED   ti_sysbios_knl_Semaphore_Object__DESC__C                                  
UNDEFED   ti_sysbios_knl_Semaphore_Object__PARAMS__C                                
UNDEFED   ti_sysbios_knl_Swi_Module__state__V                                       
UNDEFED   ti_sysbios_knl_Swi_Object__DESC__C                                        
UNDEFED   ti_sysbios_knl_Swi_Object__PARAMS__C                                      
UNDEFED   ti_sysbios_knl_Swi_Object__count__C                                       
UNDEFED   ti_sysbios_knl_Swi_Object__table__C                                       
UNDEFED   ti_sysbios_knl_Swi_construct2__E                                          
UNDEFED   ti_sysbios_knl_Swi_getTrigger__E                                          
UNDEFED   ti_sysbios_knl_Swi_numPriorities__C                                       
UNDEFED   ti_sysbios_knl_Swi_or__E                                                  
UNDEFED   ti_sysbios_knl_Swi_setPri__E                                              
UNDEFED   ti_sysbios_knl_Task_Module_State_inactiveQ__O                             
UNDEFED   ti_sysbios_knl_Task_Module__state__V                                      
UNDEFED   ti_sysbios_knl_Task_Object__DESC__C                                       
UNDEFED   ti_sysbios_knl_Task_Object__PARAMS__C                                     
UNDEFED   ti_sysbios_knl_Task_Object__count__C                                      
UNDEFED   ti_sysbios_knl_Task_Object__table__C                                      
UNDEFED   ti_sysbios_knl_Task_allBlockedFunc__C                                     
UNDEFED   ti_sysbios_knl_Task_defaultStackHeap__C                                   
UNDEFED   ti_sysbios_knl_Task_defaultStackSize__C                                   
UNDEFED   ti_sysbios_knl_Task_initStackFlag__C                                      
UNDEFED   ti_sysbios_knl_Task_numConstructedTasks__C                                
UNDEFED   ti_sysbios_rom_ROM_AONRTCChannelEnable                                    
UNDEFED   ti_sysbios_rom_ROM_AONRTCCompareValueSet                                  
UNDEFED   ti_sysbios_rom_ROM_AONRTCCurrentCompareValueGet                           
UNDEFED   ti_sysbios_rom_ROM_AONRTCEventClear                                       
UNDEFED   ti_sysbios_rom_ROM_ti_sysbios_family_arm_cc26xx_Timer_getCount64__E       
UNDEFED   ti_sysbios_rom_ROM_ti_sysbios_family_arm_cc26xx_Timer_getCurrentTick__E   
UNDEFED   ti_sysbios_rom_ROM_ti_sysbios_family_arm_cc26xx_Timer_getMaxTicks__E      
UNDEFED   ti_sysbios_rom_ROM_ti_sysbios_family_arm_cc26xx_Timer_initDevice__I       
UNDEFED   ti_sysbios_rom_ROM_ti_sysbios_family_arm_cc26xx_Timer_setNextTick__E      
UNDEFED   ti_sysbios_rom_ROM_ti_sysbios_family_arm_cc26xx_Timer_setThreshold__I     
UNDEFED   ti_sysbios_rom_ROM_ti_sysbios_family_arm_cc26xx_Timer_start__E            
UNDEFED   ti_sysbios_rom_ROM_ti_sysbios_family_arm_cc26xx_TimestampProvider_get32__E
UNDEFED   ti_sysbios_rom_ROM_xdc_runtime_Startup_getState__I                        
UNDEFED   ti_sysbios_rom_ROM_xdc_runtime_System_SupportProxy_abort__E               
UNDEFED   ti_sysbios_rom_ROM_xdc_runtime_System_SupportProxy_exit__E                
UNDEFED   usleep                                                                    
UNDEFED   xdc_runtime_Assert_E_assertFailed__C                                      
UNDEFED   xdc_runtime_Error_E_memory__C                                             
UNDEFED   xdc_runtime_Error_IgnoreBlock                                             
UNDEFED   xdc_runtime_Error_init__E                                                 
UNDEFED   xdc_runtime_Error_policyFxn__C                                            
UNDEFED   xdc_runtime_Error_policy__C                                               
UNDEFED   xdc_runtime_IGateProvider_Interface__BASE__C                              
UNDEFED   xdc_runtime_IHeap_Interface__BASE__C                                      
UNDEFED   xdc_runtime_IModule_Interface__BASE__C                                    
UNDEFED   xdc_runtime_Main_Module__diagsEnabled__C                                  
UNDEFED   xdc_runtime_Main_Module__diagsIncluded__C                                 
UNDEFED   xdc_runtime_Main_Module__diagsMask__C                                     
UNDEFED   xdc_runtime_Main_Module__id__C                                            
UNDEFED   xdc_runtime_Memory_Module__id__C                                          
UNDEFED   xdc_runtime_Memory_Module__state__V                                       
UNDEFED   xdc_runtime_Memory_defaultHeapInstance__C                                 
UNDEFED   xdc_runtime_Startup_Module__state__V                                      
UNDEFED   xdc_runtime_Startup_execImpl__C                                           
UNDEFED   xdc_runtime_Startup_firstFxns__C                                          
UNDEFED   xdc_runtime_Startup_lastFxns__C                                           
UNDEFED   xdc_runtime_Startup_maxPasses__C                                          
UNDEFED   xdc_runtime_Startup_reset__I                                              
UNDEFED   xdc_runtime_Startup_sfxnRts__C                                            
UNDEFED   xdc_runtime_Startup_sfxnTab__C                                            
UNDEFED   xdc_runtime_Startup_startModsFxn__C                                       
UNDEFED   xdc_runtime_SysCallback_abortFxn__C                                       
UNDEFED   xdc_runtime_SysCallback_exitFxn__C                                        
UNDEFED   xdc_runtime_System_Module__state__V                                       
UNDEFED   xdc_runtime_System_abortFxn__C                                            
UNDEFED   xdc_runtime_System_exitFxn__C                                             
UNDEFED   xdc_runtime_System_maxAtexitHandlers__C                                   
UNDEFED   xdc_runtime_System_vsnprintf__E                                           
UNDEFED   xdc_runtime_Text_charCnt__C                                               
UNDEFED   xdc_runtime_Text_charTab__C                                               
UNDEFED   xdc_runtime_Text_isLoaded__C                                              
UNDEFED   xdc_runtime_Text_nameEmpty__C                                             
UNDEFED   xdc_runtime_Text_nameStatic__C                                            
UNDEFED   xdc_runtime_Text_nameUnknown__C                                           

[883 symbols]
